[0.000000] (-) TimerEvent: {}
[0.000107] (diagnostic_monitor) JobQueued: {'identifier': 'diagnostic_monitor', 'dependencies': OrderedDict()}
[0.000177] (rca_test_system) JobQueued: {'identifier': 'rca_test_system', 'dependencies': OrderedDict()}
[0.001416] (diagnostic_monitor) JobStarted: {'identifier': 'diagnostic_monitor'}
[0.023326] (rca_test_system) JobStarted: {'identifier': 'rca_test_system'}
[0.099470] (-) TimerEvent: {}
[0.199735] (-) TimerEvent: {}
[0.300009] (-) TimerEvent: {}
[0.400288] (-) TimerEvent: {}
[0.500612] (-) TimerEvent: {}
[0.601005] (-) TimerEvent: {}
[0.701323] (-) TimerEvent: {}
[0.801624] (-) TimerEvent: {}
[0.901916] (-) TimerEvent: {}
[1.002241] (-) TimerEvent: {}
[1.102561] (-) TimerEvent: {}
[1.202871] (-) TimerEvent: {}
[1.303188] (-) TimerEvent: {}
[1.403450] (-) TimerEvent: {}
[1.503749] (-) TimerEvent: {}
[1.604117] (-) TimerEvent: {}
[1.704389] (-) TimerEvent: {}
[1.804690] (-) TimerEvent: {}
[1.905558] (-) TimerEvent: {}
[2.005901] (-) TimerEvent: {}
[2.106216] (-) TimerEvent: {}
[2.206484] (-) TimerEvent: {}
[2.306799] (-) TimerEvent: {}
[2.407049] (-) TimerEvent: {}
[2.507328] (-) TimerEvent: {}
[2.607628] (-) TimerEvent: {}
[2.708634] (-) TimerEvent: {}
[2.808949] (-) TimerEvent: {}
[2.909262] (-) TimerEvent: {}
[3.009604] (-) TimerEvent: {}
[3.109898] (-) TimerEvent: {}
[3.210254] (-) TimerEvent: {}
[3.310550] (-) TimerEvent: {}
[3.411129] (-) TimerEvent: {}
[3.511476] (-) TimerEvent: {}
[3.611771] (-) TimerEvent: {}
[3.712063] (-) TimerEvent: {}
[3.812385] (-) TimerEvent: {}
[3.901812] (rca_test_system) Command: {'cmd': ['/usr/bin/python3', '-W', 'ignore:setup.py install is deprecated', '-W', 'ignore:easy_install command is deprecated', 'setup.py', 'develop', '--editable', '--build-directory', '/home/lynx/ros2_rca_ws/build/rca_test_system/build', '--no-deps', 'symlink_data'], 'cwd': '/home/lynx/ros2_rca_ws/build/rca_test_system', 'env': {'GZ_SIM_RESOURCE_PATH': '/opt/ros/jazzy/share', 'USER': 'lynx', 'SSH_CLIENT': '172.31.224.1 58420 22', 'GZ_CONFIG_PATH': '/opt/ros/jazzy/opt/gz_sim_vendor/share/gz:/opt/ros/jazzy/opt/sdformat_vendor/share/gz:/opt/ros/jazzy/opt/gz_gui_vendor/share/gz:/opt/ros/jazzy/opt/gz_transport_vendor/share/gz:/opt/ros/jazzy/opt/gz_rendering_vendor/share/gz:/opt/ros/jazzy/opt/gz_plugin_vendor/share/gz:/opt/ros/jazzy/opt/gz_fuel_tools_vendor/share/gz:/opt/ros/jazzy/opt/gz_msgs_vendor/share/gz:/opt/ros/jazzy/opt/gz_common_vendor/share/gz', 'XDG_SESSION_TYPE': 'tty', 'SHLVL': '1', 'LD_LIBRARY_PATH': '/opt/ros/jazzy/opt/gz_sim_vendor/lib:/opt/ros/jazzy/opt/gz_sensors_vendor/lib:/opt/ros/jazzy/opt/gz_physics_vendor/lib:/opt/ros/jazzy/opt/sdformat_vendor/lib:/opt/ros/jazzy/opt/rviz_ogre_vendor/lib:/opt/ros/jazzy/lib/x86_64-linux-gnu:/opt/ros/jazzy/opt/gz_gui_vendor/lib:/opt/ros/jazzy/opt/gz_transport_vendor/lib:/opt/ros/jazzy/opt/gz_rendering_vendor/lib:/opt/ros/jazzy/opt/gz_plugin_vendor/lib:/opt/ros/jazzy/opt/gz_fuel_tools_vendor/lib:/opt/ros/jazzy/opt/gz_msgs_vendor/lib:/opt/ros/jazzy/opt/gz_common_vendor/lib:/opt/ros/jazzy/opt/gz_math_vendor/lib:/opt/ros/jazzy/opt/gz_utils_vendor/lib:/opt/ros/jazzy/opt/gz_tools_vendor/lib:/opt/ros/jazzy/opt/gz_ogre_next_vendor/lib:/opt/ros/jazzy/opt/gz_dartsim_vendor/lib:/opt/ros/jazzy/opt/gz_cmake_vendor/lib:/opt/ros/jazzy/lib', 'HOME': '/home/lynx', 'OLDPWD': '/home/lynx', 'ROS_PYTHON_VERSION': '3', 'DBUS_SESSION_BUS_ADDRESS': 'unix:path=/run/user/1000/bus', 'ROS_DISTRO': 'jazzy', 'LOGNAME': 'lynx', '_': '/usr/bin/colcon', 'ROS_VERSION': '2', 'XDG_SESSION_CLASS': 'user', 'XDG_SESSION_ID': '78', 'PATH': '/opt/ros/jazzy/opt/gz_msgs_vendor/bin:/opt/ros/jazzy/opt/gz_tools_vendor/bin:/opt/ros/jazzy/opt/gz_ogre_next_vendor/bin:/opt/ros/jazzy/bin:/usr/local/sbin:/usr/local/bin:/usr/sbin:/usr/bin:/sbin:/bin:/usr/games:/usr/local/games:/snap/bin', 'XDG_RUNTIME_DIR': '/run/user/1000', 'LANG': 'C.UTF-8', 'AMENT_PREFIX_PATH': '/opt/ros/jazzy', 'SHELL': '/bin/bash', 'ROS_AUTOMATIC_DISCOVERY_RANGE': 'SUBNET', 'PWD': '/home/lynx/ros2_rca_ws/build/rca_test_system', 'SSH_CONNECTION': '172.31.224.1 58420 172.31.234.249 22', 'PYTHONPATH': '/home/lynx/ros2_rca_ws/build/rca_test_system/prefix_override:/usr/lib/python3/dist-packages/colcon_core/task/python/colcon_distutils_commands:/home/lynx/ros2_rca_ws/install/rca_test_system/lib/python3.12/site-packages:/opt/ros/jazzy/lib/python3.12/site-packages', 'COLCON': '1', 'CMAKE_PREFIX_PATH': '/opt/ros/jazzy/opt/gz_sim_vendor:/opt/ros/jazzy/opt/gz_sensors_vendor:/opt/ros/jazzy/opt/gz_physics_vendor:/opt/ros/jazzy/opt/sdformat_vendor:/opt/ros/jazzy/opt/gz_gui_vendor:/opt/ros/jazzy/opt/gz_transport_vendor:/opt/ros/jazzy/opt/gz_rendering_vendor:/opt/ros/jazzy/opt/gz_plugin_vendor:/opt/ros/jazzy/opt/gz_fuel_tools_vendor:/opt/ros/jazzy/opt/gz_msgs_vendor:/opt/ros/jazzy/opt/gz_common_vendor:/opt/ros/jazzy/opt/gz_math_vendor:/opt/ros/jazzy/opt/gz_utils_vendor:/opt/ros/jazzy/opt/gz_tools_vendor:/opt/ros/jazzy/opt/gz_ogre_next_vendor:/opt/ros/jazzy/opt/gz_dartsim_vendor:/opt/ros/jazzy/opt/gz_cmake_vendor'}, 'shell': False}
[3.953455] (-) TimerEvent: {}
[3.953500] (diagnostic_monitor) Command: {'cmd': ['/usr/bin/python3', '-W', 'ignore:setup.py install is deprecated', '-W', 'ignore:easy_install command is deprecated', 'setup.py', 'develop', '--editable', '--build-directory', '/home/lynx/ros2_rca_ws/build/diagnostic_monitor/build', '--no-deps', 'symlink_data'], 'cwd': '/home/lynx/ros2_rca_ws/build/diagnostic_monitor', 'env': {'GZ_SIM_RESOURCE_PATH': '/opt/ros/jazzy/share', 'USER': 'lynx', 'SSH_CLIENT': '172.31.224.1 58420 22', 'GZ_CONFIG_PATH': '/opt/ros/jazzy/opt/gz_sim_vendor/share/gz:/opt/ros/jazzy/opt/sdformat_vendor/share/gz:/opt/ros/jazzy/opt/gz_gui_vendor/share/gz:/opt/ros/jazzy/opt/gz_transport_vendor/share/gz:/opt/ros/jazzy/opt/gz_rendering_vendor/share/gz:/opt/ros/jazzy/opt/gz_plugin_vendor/share/gz:/opt/ros/jazzy/opt/gz_fuel_tools_vendor/share/gz:/opt/ros/jazzy/opt/gz_msgs_vendor/share/gz:/opt/ros/jazzy/opt/gz_common_vendor/share/gz', 'XDG_SESSION_TYPE': 'tty', 'SHLVL': '1', 'LD_LIBRARY_PATH': '/opt/ros/jazzy/opt/gz_sim_vendor/lib:/opt/ros/jazzy/opt/gz_sensors_vendor/lib:/opt/ros/jazzy/opt/gz_physics_vendor/lib:/opt/ros/jazzy/opt/sdformat_vendor/lib:/opt/ros/jazzy/opt/rviz_ogre_vendor/lib:/opt/ros/jazzy/lib/x86_64-linux-gnu:/opt/ros/jazzy/opt/gz_gui_vendor/lib:/opt/ros/jazzy/opt/gz_transport_vendor/lib:/opt/ros/jazzy/opt/gz_rendering_vendor/lib:/opt/ros/jazzy/opt/gz_plugin_vendor/lib:/opt/ros/jazzy/opt/gz_fuel_tools_vendor/lib:/opt/ros/jazzy/opt/gz_msgs_vendor/lib:/opt/ros/jazzy/opt/gz_common_vendor/lib:/opt/ros/jazzy/opt/gz_math_vendor/lib:/opt/ros/jazzy/opt/gz_utils_vendor/lib:/opt/ros/jazzy/opt/gz_tools_vendor/lib:/opt/ros/jazzy/opt/gz_ogre_next_vendor/lib:/opt/ros/jazzy/opt/gz_dartsim_vendor/lib:/opt/ros/jazzy/opt/gz_cmake_vendor/lib:/opt/ros/jazzy/lib', 'HOME': '/home/lynx', 'OLDPWD': '/home/lynx', 'ROS_PYTHON_VERSION': '3', 'DBUS_SESSION_BUS_ADDRESS': 'unix:path=/run/user/1000/bus', 'ROS_DISTRO': 'jazzy', 'LOGNAME': 'lynx', '_': '/usr/bin/colcon', 'ROS_VERSION': '2', 'XDG_SESSION_CLASS': 'user', 'XDG_SESSION_ID': '78', 'PATH': '/opt/ros/jazzy/opt/gz_msgs_vendor/bin:/opt/ros/jazzy/opt/gz_tools_vendor/bin:/opt/ros/jazzy/opt/gz_ogre_next_vendor/bin:/opt/ros/jazzy/bin:/usr/local/sbin:/usr/local/bin:/usr/sbin:/usr/bin:/sbin:/bin:/usr/games:/usr/local/games:/snap/bin', 'XDG_RUNTIME_DIR': '/run/user/1000', 'LANG': 'C.UTF-8', 'AMENT_PREFIX_PATH': '/opt/ros/jazzy', 'SHELL': '/bin/bash', 'ROS_AUTOMATIC_DISCOVERY_RANGE': 'SUBNET', 'PWD': '/home/lynx/ros2_rca_ws/build/diagnostic_monitor', 'SSH_CONNECTION': '172.31.224.1 58420 172.31.234.249 22', 'PYTHONPATH': '/home/lynx/ros2_rca_ws/build/diagnostic_monitor/prefix_override:/usr/lib/python3/dist-packages/colcon_core/task/python/colcon_distutils_commands:/home/lynx/ros2_rca_ws/install/diagnostic_monitor/lib/python3.12/site-packages:/opt/ros/jazzy/lib/python3.12/site-packages', 'COLCON': '1', 'CMAKE_PREFIX_PATH': '/opt/ros/jazzy/opt/gz_sim_vendor:/opt/ros/jazzy/opt/gz_sensors_vendor:/opt/ros/jazzy/opt/gz_physics_vendor:/opt/ros/jazzy/opt/sdformat_vendor:/opt/ros/jazzy/opt/gz_gui_vendor:/opt/ros/jazzy/opt/gz_transport_vendor:/opt/ros/jazzy/opt/gz_rendering_vendor:/opt/ros/jazzy/opt/gz_plugin_vendor:/opt/ros/jazzy/opt/gz_fuel_tools_vendor:/opt/ros/jazzy/opt/gz_msgs_vendor:/opt/ros/jazzy/opt/gz_common_vendor:/opt/ros/jazzy/opt/gz_math_vendor:/opt/ros/jazzy/opt/gz_utils_vendor:/opt/ros/jazzy/opt/gz_tools_vendor:/opt/ros/jazzy/opt/gz_ogre_next_vendor:/opt/ros/jazzy/opt/gz_dartsim_vendor:/opt/ros/jazzy/opt/gz_cmake_vendor'}, 'shell': False}
[4.053644] (-) TimerEvent: {}
[4.153966] (-) TimerEvent: {}
[4.254246] (-) TimerEvent: {}
[4.354591] (-) TimerEvent: {}
[4.455029] (-) TimerEvent: {}
[4.555389] (-) TimerEvent: {}
[4.655642] (-) TimerEvent: {}
[4.755901] (-) TimerEvent: {}
[4.856840] (-) TimerEvent: {}
[4.957187] (-) TimerEvent: {}
[4.984989] (rca_test_system) StdoutLine: {'line': b'running develop\n'}
[5.000086] (diagnostic_monitor) StdoutLine: {'line': b'running develop\n'}
[5.057364] (-) TimerEvent: {}
[5.157655] (-) TimerEvent: {}
[5.265358] (-) TimerEvent: {}
[5.367225] (-) TimerEvent: {}
[5.467499] (-) TimerEvent: {}
[5.567775] (-) TimerEvent: {}
[5.668052] (-) TimerEvent: {}
[5.745426] (rca_test_system) StdoutLine: {'line': b'running egg_info\n'}
[5.768258] (-) TimerEvent: {}
[5.800834] (rca_test_system) StdoutLine: {'line': b'writing rca_test_system.egg-info/PKG-INFO\n'}
[5.801325] (rca_test_system) StdoutLine: {'line': b'writing dependency_links to rca_test_system.egg-info/dependency_links.txt\n'}
[5.801945] (rca_test_system) StdoutLine: {'line': b'writing entry points to rca_test_system.egg-info/entry_points.txt\n'}
[5.802478] (rca_test_system) StdoutLine: {'line': b'writing requirements to rca_test_system.egg-info/requires.txt\n'}
[5.802652] (rca_test_system) StdoutLine: {'line': b'writing top-level names to rca_test_system.egg-info/top_level.txt\n'}
[5.848974] (diagnostic_monitor) StdoutLine: {'line': b'running egg_info\n'}
[5.868569] (-) TimerEvent: {}
[5.915726] (diagnostic_monitor) StdoutLine: {'line': b'writing diagnostic_monitor.egg-info/PKG-INFO\n'}
[5.916249] (diagnostic_monitor) StdoutLine: {'line': b'writing dependency_links to diagnostic_monitor.egg-info/dependency_links.txt\n'}
[5.916560] (diagnostic_monitor) StdoutLine: {'line': b'writing entry points to diagnostic_monitor.egg-info/entry_points.txt\n'}
[5.916930] (diagnostic_monitor) StdoutLine: {'line': b'writing requirements to diagnostic_monitor.egg-info/requires.txt\n'}
[5.917057] (diagnostic_monitor) StdoutLine: {'line': b'writing top-level names to diagnostic_monitor.egg-info/top_level.txt\n'}
[5.928191] (rca_test_system) StdoutLine: {'line': b"reading manifest file 'rca_test_system.egg-info/SOURCES.txt'\n"}
[5.929431] (rca_test_system) StdoutLine: {'line': b"writing manifest file 'rca_test_system.egg-info/SOURCES.txt'\n"}
[5.968749] (-) TimerEvent: {}
[6.000050] (rca_test_system) StdoutLine: {'line': b'running build_ext\n'}
[6.001301] (rca_test_system) StdoutLine: {'line': b'Creating /home/lynx/ros2_rca_ws/install/rca_test_system/lib/python3.12/site-packages/rca-test-system.egg-link (link to .)\n'}
[6.002490] (rca_test_system) StdoutLine: {'line': b'Installing experiment_controller script to /home/lynx/ros2_rca_ws/install/rca_test_system/lib/rca_test_system\n'}
[6.003269] (rca_test_system) StdoutLine: {'line': b'Installing fault_injector script to /home/lynx/ros2_rca_ws/install/rca_test_system/lib/rca_test_system\n'}
[6.004660] (rca_test_system) StdoutLine: {'line': b'Installing localization_node script to /home/lynx/ros2_rca_ws/install/rca_test_system/lib/rca_test_system\n'}
[6.005495] (rca_test_system) StdoutLine: {'line': b'Installing navigation_node script to /home/lynx/ros2_rca_ws/install/rca_test_system/lib/rca_test_system\n'}
[6.006922] (rca_test_system) StdoutLine: {'line': b'Installing perception_node script to /home/lynx/ros2_rca_ws/install/rca_test_system/lib/rca_test_system\n'}
[6.009229] (rca_test_system) StdoutLine: {'line': b'Installing sensor_node script to /home/lynx/ros2_rca_ws/install/rca_test_system/lib/rca_test_system\n'}
[6.010426] (rca_test_system) StdoutLine: {'line': b'\n'}
[6.010778] (rca_test_system) StdoutLine: {'line': b'Installed /home/lynx/ros2_rca_ws/build/rca_test_system\n'}
[6.011244] (rca_test_system) StdoutLine: {'line': b'running symlink_data\n'}
[6.042025] (diagnostic_monitor) StdoutLine: {'line': b"reading manifest file 'diagnostic_monitor.egg-info/SOURCES.txt'\n"}
[6.043533] (diagnostic_monitor) StdoutLine: {'line': b"writing manifest file 'diagnostic_monitor.egg-info/SOURCES.txt'\n"}
[6.068913] (-) TimerEvent: {}
[6.112226] (diagnostic_monitor) StdoutLine: {'line': b'running build_ext\n'}
[6.112597] (diagnostic_monitor) StdoutLine: {'line': b'Creating /home/lynx/ros2_rca_ws/install/diagnostic_monitor/lib/python3.12/site-packages/diagnostic-monitor.egg-link (link to .)\n'}
[6.113438] (diagnostic_monitor) StdoutLine: {'line': b'Installing monitor_node script to /home/lynx/ros2_rca_ws/install/diagnostic_monitor/lib/diagnostic_monitor\n'}
[6.114099] (diagnostic_monitor) StdoutLine: {'line': b'Installing rca_cli script to /home/lynx/ros2_rca_ws/install/diagnostic_monitor/lib/diagnostic_monitor\n'}
[6.115143] (diagnostic_monitor) StdoutLine: {'line': b'\n'}
[6.115327] (diagnostic_monitor) StdoutLine: {'line': b'Installed /home/lynx/ros2_rca_ws/build/diagnostic_monitor\n'}
[6.115436] (diagnostic_monitor) StdoutLine: {'line': b'running symlink_data\n'}
[6.123377] (rca_test_system) CommandEnded: {'returncode': 0}
[6.167168] (rca_test_system) JobEnded: {'identifier': 'rca_test_system', 'rc': 0}
[6.169266] (-) TimerEvent: {}
[6.201927] (diagnostic_monitor) CommandEnded: {'returncode': 0}
[6.215760] (diagnostic_monitor) JobEnded: {'identifier': 'diagnostic_monitor', 'rc': 0}
[6.216901] (-) EventReactorShutdown: {}
