[0.215s] DEBUG:colcon:Command line arguments: ['/usr/bin/colcon', 'build', '--symlink-install']
[0.215s] DEBUG:colcon:Parsed command line arguments: Namespace(log_base=None, log_level=None, verb_name='build', build_base='build', install_base='install', merge_install=False, symlink_install=True, test_result_base=None, continue_on_error=False, executor='parallel', parallel_workers=8, event_handlers=None, ignore_user_meta=False, metas=['./colcon.meta'], base_paths=['.'], packages_ignore=None, packages_ignore_regex=None, paths=None, packages_up_to=None, packages_up_to_regex=None, packages_above=None, packages_above_and_dependencies=None, packages_above_depth=None, packages_select_by_dep=None, packages_skip_by_dep=None, packages_skip_up_to=None, packages_select_build_failed=False, packages_skip_build_finished=False, packages_select_test_failures=False, packages_skip_test_passed=False, packages_select=None, packages_skip=None, packages_select_regex=None, packages_skip_regex=None, packages_start=None, packages_end=None, allow_overriding=[], cmake_args=['-DCMAKE_EXPORT_COMPILE_COMMANDS=ON'], cmake_target=None, cmake_target_skip_unavailable=False, cmake_clean_cache=False, cmake_clean_first=False, cmake_force_configure=False, ament_cmake_args=None, catkin_cmake_args=None, catkin_skip_building_tests=False, mixin_files=None, mixin=None, verb_parser=<colcon_mixin.mixin.mixin_argument.MixinArgumentDecorator object at 0x749b67d96d20>, verb_extension=<colcon_core.verb.build.BuildVerb object at 0x749b67ee1a90>, main=<bound method BuildVerb.main of <colcon_core.verb.build.BuildVerb object at 0x749b67ee1a90>>, mixin_verb=('build',))
[0.303s] Level 1:colcon.colcon_core.package_discovery:discover_packages(colcon_meta) check parameters
[0.303s] Level 1:colcon.colcon_core.package_discovery:discover_packages(recursive) check parameters
[0.303s] Level 1:colcon.colcon_core.package_discovery:discover_packages(ignore) check parameters
[0.303s] Level 1:colcon.colcon_core.package_discovery:discover_packages(path) check parameters
[0.303s] Level 1:colcon.colcon_core.package_discovery:discover_packages(colcon_meta) discover
[0.304s] Level 1:colcon.colcon_core.package_discovery:discover_packages(recursive) discover
[0.304s] INFO:colcon.colcon_core.package_discovery:Crawling recursively for packages in '/home/lynx/ros2_rca_ws'
[0.304s] Level 1:colcon.colcon_core.package_identification:_identify(.) by extensions ['ignore', 'ignore_ament_install']
[0.304s] Level 1:colcon.colcon_core.package_identification:_identify(.) by extension 'ignore'
[0.304s] Level 1:colcon.colcon_core.package_identification:_identify(.) by extension 'ignore_ament_install'
[0.304s] Level 1:colcon.colcon_core.package_identification:_identify(.) by extensions ['colcon_pkg']
[0.304s] Level 1:colcon.colcon_core.package_identification:_identify(.) by extension 'colcon_pkg'
[0.304s] Level 1:colcon.colcon_core.package_identification:_identify(.) by extensions ['colcon_meta']
[0.304s] Level 1:colcon.colcon_core.package_identification:_identify(.) by extension 'colcon_meta'
[0.305s] Level 1:colcon.colcon_core.package_identification:_identify(.) by extensions ['ros']
[0.305s] Level 1:colcon.colcon_core.package_identification:_identify(.) by extension 'ros'
[0.359s] Level 1:colcon.colcon_core.package_identification:_identify(.) by extensions ['cmake', 'python']
[0.359s] Level 1:colcon.colcon_core.package_identification:_identify(.) by extension 'cmake'
[0.359s] Level 1:colcon.colcon_core.package_identification:_identify(.) by extension 'python'
[0.359s] Level 1:colcon.colcon_core.package_identification:_identify(.) by extensions ['python_setup_py']
[0.359s] Level 1:colcon.colcon_core.package_identification:_identify(.) by extension 'python_setup_py'
[0.359s] Level 1:colcon.colcon_core.package_identification:_identify(build) by extensions ['ignore', 'ignore_ament_install']
[0.360s] Level 1:colcon.colcon_core.package_identification:_identify(build) by extension 'ignore'
[0.360s] Level 1:colcon.colcon_core.package_identification:_identify(build) ignored
[0.360s] Level 1:colcon.colcon_core.package_identification:_identify(install) by extensions ['ignore', 'ignore_ament_install']
[0.360s] Level 1:colcon.colcon_core.package_identification:_identify(install) by extension 'ignore'
[0.360s] Level 1:colcon.colcon_core.package_identification:_identify(install) ignored
[0.360s] Level 1:colcon.colcon_core.package_identification:_identify(log) by extensions ['ignore', 'ignore_ament_install']
[0.360s] Level 1:colcon.colcon_core.package_identification:_identify(log) by extension 'ignore'
[0.360s] Level 1:colcon.colcon_core.package_identification:_identify(log) ignored
[0.360s] Level 1:colcon.colcon_core.package_identification:_identify(runs) by extensions ['ignore', 'ignore_ament_install']
[0.360s] Level 1:colcon.colcon_core.package_identification:_identify(runs) by extension 'ignore'
[0.361s] Level 1:colcon.colcon_core.package_identification:_identify(runs) by extension 'ignore_ament_install'
[0.361s] Level 1:colcon.colcon_core.package_identification:_identify(runs) by extensions ['colcon_pkg']
[0.361s] Level 1:colcon.colcon_core.package_identification:_identify(runs) by extension 'colcon_pkg'
[0.361s] Level 1:colcon.colcon_core.package_identification:_identify(runs) by extensions ['colcon_meta']
[0.361s] Level 1:colcon.colcon_core.package_identification:_identify(runs) by extension 'colcon_meta'
[0.361s] Level 1:colcon.colcon_core.package_identification:_identify(runs) by extensions ['ros']
[0.361s] Level 1:colcon.colcon_core.package_identification:_identify(runs) by extension 'ros'
[0.361s] Level 1:colcon.colcon_core.package_identification:_identify(runs) by extensions ['cmake', 'python']
[0.361s] Level 1:colcon.colcon_core.package_identification:_identify(runs) by extension 'cmake'
[0.361s] Level 1:colcon.colcon_core.package_identification:_identify(runs) by extension 'python'
[0.361s] Level 1:colcon.colcon_core.package_identification:_identify(runs) by extensions ['python_setup_py']
[0.361s] Level 1:colcon.colcon_core.package_identification:_identify(runs) by extension 'python_setup_py'
[0.361s] Level 1:colcon.colcon_core.package_identification:_identify(scripts) by extensions ['ignore', 'ignore_ament_install']
[0.361s] Level 1:colcon.colcon_core.package_identification:_identify(scripts) by extension 'ignore'
[0.361s] Level 1:colcon.colcon_core.package_identification:_identify(scripts) by extension 'ignore_ament_install'
[0.361s] Level 1:colcon.colcon_core.package_identification:_identify(scripts) by extensions ['colcon_pkg']
[0.361s] Level 1:colcon.colcon_core.package_identification:_identify(scripts) by extension 'colcon_pkg'
[0.361s] Level 1:colcon.colcon_core.package_identification:_identify(scripts) by extensions ['colcon_meta']
[0.362s] Level 1:colcon.colcon_core.package_identification:_identify(scripts) by extension 'colcon_meta'
[0.362s] Level 1:colcon.colcon_core.package_identification:_identify(scripts) by extensions ['ros']
[0.362s] Level 1:colcon.colcon_core.package_identification:_identify(scripts) by extension 'ros'
[0.362s] Level 1:colcon.colcon_core.package_identification:_identify(scripts) by extensions ['cmake', 'python']
[0.362s] Level 1:colcon.colcon_core.package_identification:_identify(scripts) by extension 'cmake'
[0.362s] Level 1:colcon.colcon_core.package_identification:_identify(scripts) by extension 'python'
[0.362s] Level 1:colcon.colcon_core.package_identification:_identify(scripts) by extensions ['python_setup_py']
[0.362s] Level 1:colcon.colcon_core.package_identification:_identify(scripts) by extension 'python_setup_py'
[0.362s] Level 1:colcon.colcon_core.package_identification:_identify(src) by extensions ['ignore', 'ignore_ament_install']
[0.362s] Level 1:colcon.colcon_core.package_identification:_identify(src) by extension 'ignore'
[0.362s] Level 1:colcon.colcon_core.package_identification:_identify(src) by extension 'ignore_ament_install'
[0.363s] Level 1:colcon.colcon_core.package_identification:_identify(src) by extensions ['colcon_pkg']
[0.363s] Level 1:colcon.colcon_core.package_identification:_identify(src) by extension 'colcon_pkg'
[0.363s] Level 1:colcon.colcon_core.package_identification:_identify(src) by extensions ['colcon_meta']
[0.363s] Level 1:colcon.colcon_core.package_identification:_identify(src) by extension 'colcon_meta'
[0.363s] Level 1:colcon.colcon_core.package_identification:_identify(src) by extensions ['ros']
[0.363s] Level 1:colcon.colcon_core.package_identification:_identify(src) by extension 'ros'
[0.363s] Level 1:colcon.colcon_core.package_identification:_identify(src) by extensions ['cmake', 'python']
[0.363s] Level 1:colcon.colcon_core.package_identification:_identify(src) by extension 'cmake'
[0.363s] Level 1:colcon.colcon_core.package_identification:_identify(src) by extension 'python'
[0.363s] Level 1:colcon.colcon_core.package_identification:_identify(src) by extensions ['python_setup_py']
[0.363s] Level 1:colcon.colcon_core.package_identification:_identify(src) by extension 'python_setup_py'
[0.363s] Level 1:colcon.colcon_core.package_identification:_identify(src/diagnostic_monitor) by extensions ['ignore', 'ignore_ament_install']
[0.363s] Level 1:colcon.colcon_core.package_identification:_identify(src/diagnostic_monitor) by extension 'ignore'
[0.364s] Level 1:colcon.colcon_core.package_identification:_identify(src/diagnostic_monitor) by extension 'ignore_ament_install'
[0.364s] Level 1:colcon.colcon_core.package_identification:_identify(src/diagnostic_monitor) by extensions ['colcon_pkg']
[0.364s] Level 1:colcon.colcon_core.package_identification:_identify(src/diagnostic_monitor) by extension 'colcon_pkg'
[0.364s] Level 1:colcon.colcon_core.package_identification:_identify(src/diagnostic_monitor) by extensions ['colcon_meta']
[0.364s] Level 1:colcon.colcon_core.package_identification:_identify(src/diagnostic_monitor) by extension 'colcon_meta'
[0.364s] Level 1:colcon.colcon_core.package_identification:_identify(src/diagnostic_monitor) by extensions ['ros']
[0.364s] Level 1:colcon.colcon_core.package_identification:_identify(src/diagnostic_monitor) by extension 'ros'
[0.370s] DEBUG:colcon.colcon_core.package_identification:Package 'src/diagnostic_monitor' with type 'ros.ament_python' and name 'diagnostic_monitor'
[0.370s] Level 1:colcon.colcon_core.package_identification:_identify(src/rca_test_system) by extensions ['ignore', 'ignore_ament_install']
[0.371s] Level 1:colcon.colcon_core.package_identification:_identify(src/rca_test_system) by extension 'ignore'
[0.371s] Level 1:colcon.colcon_core.package_identification:_identify(src/rca_test_system) by extension 'ignore_ament_install'
[0.371s] Level 1:colcon.colcon_core.package_identification:_identify(src/rca_test_system) by extensions ['colcon_pkg']
[0.371s] Level 1:colcon.colcon_core.package_identification:_identify(src/rca_test_system) by extension 'colcon_pkg'
[0.371s] Level 1:colcon.colcon_core.package_identification:_identify(src/rca_test_system) by extensions ['colcon_meta']
[0.371s] Level 1:colcon.colcon_core.package_identification:_identify(src/rca_test_system) by extension 'colcon_meta'
[0.371s] Level 1:colcon.colcon_core.package_identification:_identify(src/rca_test_system) by extensions ['ros']
[0.371s] Level 1:colcon.colcon_core.package_identification:_identify(src/rca_test_system) by extension 'ros'
[0.372s] DEBUG:colcon.colcon_core.package_identification:Package 'src/rca_test_system' with type 'ros.ament_python' and name 'rca_test_system'
[0.372s] Level 1:colcon.colcon_core.package_discovery:discover_packages(recursive) using defaults
[0.372s] Level 1:colcon.colcon_core.package_discovery:discover_packages(ignore) discover
[0.373s] Level 1:colcon.colcon_core.package_discovery:discover_packages(ignore) using defaults
[0.373s] Level 1:colcon.colcon_core.package_discovery:discover_packages(path) discover
[0.373s] Level 1:colcon.colcon_core.package_discovery:discover_packages(path) using defaults
[0.416s] Level 1:colcon.colcon_core.package_discovery:discover_packages(prefix_path) check parameters
[0.416s] Level 1:colcon.colcon_core.package_discovery:discover_packages(prefix_path) discover
[0.423s] DEBUG:colcon.colcon_installed_package_information.package_discovery:Found 496 installed packages in /opt/ros/jazzy
[0.432s] Level 1:colcon.colcon_core.package_discovery:discover_packages(prefix_path) using defaults
[0.600s] Level 5:colcon.colcon_core.verb:set package 'diagnostic_monitor' build argument 'cmake_args' from command line to '['-DCMAKE_EXPORT_COMPILE_COMMANDS=ON']'
[0.600s] Level 5:colcon.colcon_core.verb:set package 'diagnostic_monitor' build argument 'cmake_target' from command line to 'None'
[0.600s] Level 5:colcon.colcon_core.verb:set package 'diagnostic_monitor' build argument 'cmake_target_skip_unavailable' from command line to 'False'
[0.600s] Level 5:colcon.colcon_core.verb:set package 'diagnostic_monitor' build argument 'cmake_clean_cache' from command line to 'False'
[0.600s] Level 5:colcon.colcon_core.verb:set package 'diagnostic_monitor' build argument 'cmake_clean_first' from command line to 'False'
[0.600s] Level 5:colcon.colcon_core.verb:set package 'diagnostic_monitor' build argument 'cmake_force_configure' from command line to 'False'
[0.600s] Level 5:colcon.colcon_core.verb:set package 'diagnostic_monitor' build argument 'ament_cmake_args' from command line to 'None'
[0.601s] Level 5:colcon.colcon_core.verb:set package 'diagnostic_monitor' build argument 'catkin_cmake_args' from command line to 'None'
[0.601s] Level 5:colcon.colcon_core.verb:set package 'diagnostic_monitor' build argument 'catkin_skip_building_tests' from command line to 'False'
[0.601s] DEBUG:colcon.colcon_core.verb:Building package 'diagnostic_monitor' with the following arguments: {'ament_cmake_args': None, 'build_base': '/home/lynx/ros2_rca_ws/build/diagnostic_monitor', 'catkin_cmake_args': None, 'catkin_skip_building_tests': False, 'cmake_args': ['-DCMAKE_EXPORT_COMPILE_COMMANDS=ON'], 'cmake_clean_cache': False, 'cmake_clean_first': False, 'cmake_force_configure': False, 'cmake_target': None, 'cmake_target_skip_unavailable': False, 'install_base': '/home/lynx/ros2_rca_ws/install/diagnostic_monitor', 'merge_install': False, 'path': '/home/lynx/ros2_rca_ws/src/diagnostic_monitor', 'symlink_install': True, 'test_result_base': None}
[0.601s] Level 5:colcon.colcon_core.verb:set package 'rca_test_system' build argument 'cmake_args' from command line to '['-DCMAKE_EXPORT_COMPILE_COMMANDS=ON']'
[0.602s] Level 5:colcon.colcon_core.verb:set package 'rca_test_system' build argument 'cmake_target' from command line to 'None'
[0.602s] Level 5:colcon.colcon_core.verb:set package 'rca_test_system' build argument 'cmake_target_skip_unavailable' from command line to 'False'
[0.602s] Level 5:colcon.colcon_core.verb:set package 'rca_test_system' build argument 'cmake_clean_cache' from command line to 'False'
[0.602s] Level 5:colcon.colcon_core.verb:set package 'rca_test_system' build argument 'cmake_clean_first' from command line to 'False'
[0.602s] Level 5:colcon.colcon_core.verb:set package 'rca_test_system' build argument 'cmake_force_configure' from command line to 'False'
[0.602s] Level 5:colcon.colcon_core.verb:set package 'rca_test_system' build argument 'ament_cmake_args' from command line to 'None'
[0.602s] Level 5:colcon.colcon_core.verb:set package 'rca_test_system' build argument 'catkin_cmake_args' from command line to 'None'
[0.602s] Level 5:colcon.colcon_core.verb:set package 'rca_test_system' build argument 'catkin_skip_building_tests' from command line to 'False'
[0.602s] DEBUG:colcon.colcon_core.verb:Building package 'rca_test_system' with the following arguments: {'ament_cmake_args': None, 'build_base': '/home/lynx/ros2_rca_ws/build/rca_test_system', 'catkin_cmake_args': None, 'catkin_skip_building_tests': False, 'cmake_args': ['-DCMAKE_EXPORT_COMPILE_COMMANDS=ON'], 'cmake_clean_cache': False, 'cmake_clean_first': False, 'cmake_force_configure': False, 'cmake_target': None, 'cmake_target_skip_unavailable': False, 'install_base': '/home/lynx/ros2_rca_ws/install/rca_test_system', 'merge_install': False, 'path': '/home/lynx/ros2_rca_ws/src/rca_test_system', 'symlink_install': True, 'test_result_base': None}
[0.602s] INFO:colcon.colcon_core.executor:Executing jobs using 'parallel' executor
[0.606s] DEBUG:colcon.colcon_parallel_executor.executor.parallel:run_until_complete
[0.606s] INFO:colcon.colcon_ros.task.ament_python.build:Building ROS package in '/home/lynx/ros2_rca_ws/src/diagnostic_monitor' with build type 'ament_python'
[0.607s] Level 1:colcon.colcon_core.shell:create_environment_hook('diagnostic_monitor', 'ament_prefix_path')
[0.611s] INFO:colcon.colcon_core.plugin_system:Skipping extension 'colcon_core.shell.bat': Not used on non-Windows systems
[0.612s] INFO:colcon.colcon_core.shell:Creating environment hook '/home/lynx/ros2_rca_ws/install/diagnostic_monitor/share/diagnostic_monitor/hook/ament_prefix_path.ps1'
[0.613s] INFO:colcon.colcon_core.shell:Creating environment descriptor '/home/lynx/ros2_rca_ws/install/diagnostic_monitor/share/diagnostic_monitor/hook/ament_prefix_path.dsv'
[0.614s] INFO:colcon.colcon_core.shell:Creating environment hook '/home/lynx/ros2_rca_ws/install/diagnostic_monitor/share/diagnostic_monitor/hook/ament_prefix_path.sh'
[0.615s] INFO:colcon.colcon_core.shell:Skip shell extension 'powershell' for command environment: Not usable outside of PowerShell
[0.615s] DEBUG:colcon.colcon_core.shell:Skip shell extension 'dsv' for command environment
[0.628s] INFO:colcon.colcon_ros.task.ament_python.build:Building ROS package in '/home/lynx/ros2_rca_ws/src/rca_test_system' with build type 'ament_python'
[0.629s] Level 1:colcon.colcon_core.shell:create_environment_hook('rca_test_system', 'ament_prefix_path')
[0.629s] INFO:colcon.colcon_core.shell:Creating environment hook '/home/lynx/ros2_rca_ws/install/rca_test_system/share/rca_test_system/hook/ament_prefix_path.ps1'
[0.630s] INFO:colcon.colcon_core.shell:Creating environment descriptor '/home/lynx/ros2_rca_ws/install/rca_test_system/share/rca_test_system/hook/ament_prefix_path.dsv'
[0.631s] INFO:colcon.colcon_core.shell:Creating environment hook '/home/lynx/ros2_rca_ws/install/rca_test_system/share/rca_test_system/hook/ament_prefix_path.sh'
[0.632s] INFO:colcon.colcon_core.shell:Skip shell extension 'powershell' for command environment: Not usable outside of PowerShell
[0.632s] DEBUG:colcon.colcon_core.shell:Skip shell extension 'dsv' for command environment
[1.118s] INFO:colcon.colcon_core.task.python.build:Building Python package in '/home/lynx/ros2_rca_ws/src/diagnostic_monitor'
[1.119s] INFO:colcon.colcon_core.shell:Skip shell extension 'powershell' for command environment: Not usable outside of PowerShell
[1.119s] DEBUG:colcon.colcon_core.shell:Skip shell extension 'dsv' for command environment
[1.631s] INFO:colcon.colcon_core.task.python.build:Building Python package in '/home/lynx/ros2_rca_ws/src/rca_test_system'
[1.632s] INFO:colcon.colcon_core.shell:Skip shell extension 'powershell' for command environment: Not usable outside of PowerShell
[1.632s] DEBUG:colcon.colcon_core.shell:Skip shell extension 'dsv' for command environment
[3.272s] DEBUG:colcon.colcon_core.task.python.build:Available setuptools commands: egg_info, bdist, build_ext, easy_install, upload, check, build_clib, bdist_rpm, build_scripts, extract_messages, alias, bdist_dumb, compile_catalog, test, install_lib, dist_info, symlink_data, rotate, setopt, sdist, build, register, build_py, develop, bdist_egg, update_catalog, upload_docs, install_egg_info, init_catalog, saveopts, clean, editable_wheel, install_scripts, install_headers, install_data, install
[3.292s] DEBUG:colcon.colcon_core.task.python.build:Available setuptools commands: egg_info, bdist, build_ext, easy_install, upload, check, build_clib, bdist_rpm, build_scripts, extract_messages, alias, bdist_dumb, compile_catalog, test, install_lib, dist_info, symlink_data, rotate, setopt, sdist, build, register, build_py, develop, bdist_egg, update_catalog, upload_docs, install_egg_info, init_catalog, saveopts, clean, editable_wheel, install_scripts, install_headers, install_data, install
[4.505s] DEBUG:colcon.colcon_core.task.python.build:Available setuptools 'develop' options: --editable, --no-deps, --dry-run, --quiet, --record, --force-installation-into-system-dir, --upgrade, --exclude-scripts, --install-layout, --uninstall, --local-snapshots-ok, --optimize, --build-directory, --multi-version, --site-dirs, --index-url, --prefix, --script-dir, --user, --find-links, --no-user-cfg, --zip-ok, --allow-hosts, --install-dir, --verbose, --version, --egg-path, --always-unzip, --always-copy, --no-find-links, --help
[4.529s] DEBUG:colcon.colcon_core.task.python.build:Available setuptools 'develop' options: --editable, --no-deps, --dry-run, --quiet, --record, --force-installation-into-system-dir, --upgrade, --exclude-scripts, --install-layout, --uninstall, --local-snapshots-ok, --optimize, --build-directory, --multi-version, --site-dirs, --index-url, --prefix, --script-dir, --user, --find-links, --no-user-cfg, --zip-ok, --allow-hosts, --install-dir, --verbose, --version, --egg-path, --always-unzip, --always-copy, --no-find-links, --help
[4.558s] DEBUG:colcon.colcon_core.event_handler.log_command:Invoking command in '/home/lynx/ros2_rca_ws/build/rca_test_system': PYTHONPATH=/home/lynx/ros2_rca_ws/build/rca_test_system/prefix_override:/usr/lib/python3/dist-packages/colcon_core/task/python/colcon_distutils_commands:/home/lynx/ros2_rca_ws/install/rca_test_system/lib/python3.12/site-packages:${PYTHONPATH} /usr/bin/python3 -W ignore:setup.py install is deprecated -W ignore:easy_install command is deprecated setup.py develop --editable --build-directory /home/lynx/ros2_rca_ws/build/rca_test_system/build --no-deps symlink_data
[4.579s] DEBUG:colcon.colcon_core.event_handler.log_command:Invoking command in '/home/lynx/ros2_rca_ws/build/diagnostic_monitor': PYTHONPATH=/home/lynx/ros2_rca_ws/build/diagnostic_monitor/prefix_override:/usr/lib/python3/dist-packages/colcon_core/task/python/colcon_distutils_commands:/home/lynx/ros2_rca_ws/install/diagnostic_monitor/lib/python3.12/site-packages:${PYTHONPATH} /usr/bin/python3 -W ignore:setup.py install is deprecated -W ignore:easy_install command is deprecated setup.py develop --editable --build-directory /home/lynx/ros2_rca_ws/build/diagnostic_monitor/build --no-deps symlink_data
[6.728s] Level 1:colcon.colcon_core.shell:create_environment_hook('rca_test_system', 'pythonpath_develop')
[6.729s] INFO:colcon.colcon_core.shell:Creating environment hook '/home/lynx/ros2_rca_ws/build/rca_test_system/share/rca_test_system/hook/pythonpath_develop.ps1'
[6.730s] DEBUG:colcon.colcon_core.event_handler.log_command:Invoked command in '/home/lynx/ros2_rca_ws/build/rca_test_system' returned '0': PYTHONPATH=/home/lynx/ros2_rca_ws/build/rca_test_system/prefix_override:/usr/lib/python3/dist-packages/colcon_core/task/python/colcon_distutils_commands:/home/lynx/ros2_rca_ws/install/rca_test_system/lib/python3.12/site-packages:${PYTHONPATH} /usr/bin/python3 -W ignore:setup.py install is deprecated -W ignore:easy_install command is deprecated setup.py develop --editable --build-directory /home/lynx/ros2_rca_ws/build/rca_test_system/build --no-deps symlink_data
[6.731s] INFO:colcon.colcon_core.shell:Creating environment descriptor '/home/lynx/ros2_rca_ws/build/rca_test_system/share/rca_test_system/hook/pythonpath_develop.dsv'
[6.731s] INFO:colcon.colcon_core.shell:Creating environment hook '/home/lynx/ros2_rca_ws/build/rca_test_system/share/rca_test_system/hook/pythonpath_develop.sh'
[6.737s] Level 1:colcon.colcon_core.environment:checking '/home/lynx/ros2_rca_ws/install/rca_test_system' for CMake module files
[6.738s] Level 1:colcon.colcon_core.environment:checking '/home/lynx/ros2_rca_ws/install/rca_test_system' for CMake config files
[6.739s] Level 1:colcon.colcon_core.environment:checking '/home/lynx/ros2_rca_ws/install/rca_test_system/lib'
[6.739s] Level 1:colcon.colcon_core.environment:checking '/home/lynx/ros2_rca_ws/install/rca_test_system/bin'
[6.739s] Level 1:colcon.colcon_core.environment:checking '/home/lynx/ros2_rca_ws/install/rca_test_system/lib/pkgconfig/rca_test_system.pc'
[6.740s] Level 1:colcon.colcon_core.environment:checking '/home/lynx/ros2_rca_ws/install/rca_test_system/lib/python3.12/site-packages'
[6.740s] Level 1:colcon.colcon_core.shell:create_environment_hook('rca_test_system', 'pythonpath')
[6.740s] INFO:colcon.colcon_core.shell:Creating environment hook '/home/lynx/ros2_rca_ws/install/rca_test_system/share/rca_test_system/hook/pythonpath.ps1'
[6.741s] INFO:colcon.colcon_core.shell:Creating environment descriptor '/home/lynx/ros2_rca_ws/install/rca_test_system/share/rca_test_system/hook/pythonpath.dsv'
[6.742s] INFO:colcon.colcon_core.shell:Creating environment hook '/home/lynx/ros2_rca_ws/install/rca_test_system/share/rca_test_system/hook/pythonpath.sh'
[6.743s] Level 1:colcon.colcon_core.environment:checking '/home/lynx/ros2_rca_ws/install/rca_test_system/bin'
[6.743s] Level 1:colcon.colcon_core.environment:create_environment_scripts_only(rca_test_system)
[6.743s] INFO:colcon.colcon_core.shell:Creating package script '/home/lynx/ros2_rca_ws/install/rca_test_system/share/rca_test_system/package.ps1'
[6.745s] INFO:colcon.colcon_core.shell:Creating package descriptor '/home/lynx/ros2_rca_ws/install/rca_test_system/share/rca_test_system/package.dsv'
[6.746s] INFO:colcon.colcon_core.shell:Creating package script '/home/lynx/ros2_rca_ws/install/rca_test_system/share/rca_test_system/package.sh'
[6.746s] INFO:colcon.colcon_core.shell:Creating package script '/home/lynx/ros2_rca_ws/install/rca_test_system/share/rca_test_system/package.bash'
[6.747s] INFO:colcon.colcon_core.shell:Creating package script '/home/lynx/ros2_rca_ws/install/rca_test_system/share/rca_test_system/package.zsh'
[6.771s] Level 1:colcon.colcon_core.environment:create_file_with_runtime_dependencies(/home/lynx/ros2_rca_ws/install/rca_test_system/share/colcon-core/packages/rca_test_system)
[6.807s] Level 1:colcon.colcon_core.shell:create_environment_hook('diagnostic_monitor', 'pythonpath_develop')
[6.807s] INFO:colcon.colcon_core.shell:Creating environment hook '/home/lynx/ros2_rca_ws/build/diagnostic_monitor/share/diagnostic_monitor/hook/pythonpath_develop.ps1'
[6.808s] DEBUG:colcon.colcon_core.event_handler.log_command:Invoked command in '/home/lynx/ros2_rca_ws/build/diagnostic_monitor' returned '0': PYTHONPATH=/home/lynx/ros2_rca_ws/build/diagnostic_monitor/prefix_override:/usr/lib/python3/dist-packages/colcon_core/task/python/colcon_distutils_commands:/home/lynx/ros2_rca_ws/install/diagnostic_monitor/lib/python3.12/site-packages:${PYTHONPATH} /usr/bin/python3 -W ignore:setup.py install is deprecated -W ignore:easy_install command is deprecated setup.py develop --editable --build-directory /home/lynx/ros2_rca_ws/build/diagnostic_monitor/build --no-deps symlink_data
[6.809s] INFO:colcon.colcon_core.shell:Creating environment descriptor '/home/lynx/ros2_rca_ws/build/diagnostic_monitor/share/diagnostic_monitor/hook/pythonpath_develop.dsv'
[6.810s] INFO:colcon.colcon_core.shell:Creating environment hook '/home/lynx/ros2_rca_ws/build/diagnostic_monitor/share/diagnostic_monitor/hook/pythonpath_develop.sh'
[6.810s] Level 1:colcon.colcon_core.environment:checking '/home/lynx/ros2_rca_ws/install/diagnostic_monitor' for CMake module files
[6.811s] Level 1:colcon.colcon_core.environment:checking '/home/lynx/ros2_rca_ws/install/diagnostic_monitor' for CMake config files
[6.812s] Level 1:colcon.colcon_core.environment:checking '/home/lynx/ros2_rca_ws/install/diagnostic_monitor/lib'
[6.812s] Level 1:colcon.colcon_core.environment:checking '/home/lynx/ros2_rca_ws/install/diagnostic_monitor/bin'
[6.812s] Level 1:colcon.colcon_core.environment:checking '/home/lynx/ros2_rca_ws/install/diagnostic_monitor/lib/pkgconfig/diagnostic_monitor.pc'
[6.813s] Level 1:colcon.colcon_core.environment:checking '/home/lynx/ros2_rca_ws/install/diagnostic_monitor/lib/python3.12/site-packages'
[6.813s] Level 1:colcon.colcon_core.shell:create_environment_hook('diagnostic_monitor', 'pythonpath')
[6.813s] INFO:colcon.colcon_core.shell:Creating environment hook '/home/lynx/ros2_rca_ws/install/diagnostic_monitor/share/diagnostic_monitor/hook/pythonpath.ps1'
[6.814s] INFO:colcon.colcon_core.shell:Creating environment descriptor '/home/lynx/ros2_rca_ws/install/diagnostic_monitor/share/diagnostic_monitor/hook/pythonpath.dsv'
[6.814s] INFO:colcon.colcon_core.shell:Creating environment hook '/home/lynx/ros2_rca_ws/install/diagnostic_monitor/share/diagnostic_monitor/hook/pythonpath.sh'
[6.815s] Level 1:colcon.colcon_core.environment:checking '/home/lynx/ros2_rca_ws/install/diagnostic_monitor/bin'
[6.815s] Level 1:colcon.colcon_core.environment:create_environment_scripts_only(diagnostic_monitor)
[6.816s] INFO:colcon.colcon_core.shell:Creating package script '/home/lynx/ros2_rca_ws/install/diagnostic_monitor/share/diagnostic_monitor/package.ps1'
[6.817s] INFO:colcon.colcon_core.shell:Creating package descriptor '/home/lynx/ros2_rca_ws/install/diagnostic_monitor/share/diagnostic_monitor/package.dsv'
[6.818s] INFO:colcon.colcon_core.shell:Creating package script '/home/lynx/ros2_rca_ws/install/diagnostic_monitor/share/diagnostic_monitor/package.sh'
[6.819s] INFO:colcon.colcon_core.shell:Creating package script '/home/lynx/ros2_rca_ws/install/diagnostic_monitor/share/diagnostic_monitor/package.bash'
[6.819s] INFO:colcon.colcon_core.shell:Creating package script '/home/lynx/ros2_rca_ws/install/diagnostic_monitor/share/diagnostic_monitor/package.zsh'
[6.820s] Level 1:colcon.colcon_core.environment:create_file_with_runtime_dependencies(/home/lynx/ros2_rca_ws/install/diagnostic_monitor/share/colcon-core/packages/diagnostic_monitor)
[6.821s] DEBUG:colcon.colcon_parallel_executor.executor.parallel:closing loop
[6.821s] DEBUG:colcon.colcon_parallel_executor.executor.parallel:loop closed
[6.821s] DEBUG:colcon.colcon_parallel_executor.executor.parallel:run_until_complete finished with '0'
[6.822s] DEBUG:colcon.colcon_core.event_reactor:joining thread
[6.822s] DEBUG:colcon.colcon_core.event_reactor:joined thread
[6.823s] INFO:colcon.colcon_core.shell:Creating prefix script '/home/lynx/ros2_rca_ws/install/local_setup.ps1'
[6.825s] INFO:colcon.colcon_core.shell:Creating prefix util module '/home/lynx/ros2_rca_ws/install/_local_setup_util_ps1.py'
[6.826s] INFO:colcon.colcon_core.shell:Creating prefix chain script '/home/lynx/ros2_rca_ws/install/setup.ps1'
[6.829s] INFO:colcon.colcon_core.shell:Creating prefix script '/home/lynx/ros2_rca_ws/install/local_setup.sh'
[6.830s] INFO:colcon.colcon_core.shell:Creating prefix util module '/home/lynx/ros2_rca_ws/install/_local_setup_util_sh.py'
[6.830s] INFO:colcon.colcon_core.shell:Creating prefix chain script '/home/lynx/ros2_rca_ws/install/setup.sh'
[6.832s] INFO:colcon.colcon_core.shell:Creating prefix script '/home/lynx/ros2_rca_ws/install/local_setup.bash'
[6.833s] INFO:colcon.colcon_core.shell:Creating prefix chain script '/home/lynx/ros2_rca_ws/install/setup.bash'
[6.834s] INFO:colcon.colcon_core.shell:Creating prefix script '/home/lynx/ros2_rca_ws/install/local_setup.zsh'
[6.835s] INFO:colcon.colcon_core.shell:Creating prefix chain script '/home/lynx/ros2_rca_ws/install/setup.zsh'
