[0.000000] (-) TimerEvent: {}
[0.002515] (diagnostic_monitor) JobQueued: {'identifier': 'diagnostic_monitor', 'dependencies': OrderedDict()}
[0.003118] (rca_test_system) JobQueued: {'identifier': 'rca_test_system', 'dependencies': OrderedDict()}
[0.003191] (diagnostic_monitor) JobStarted: {'identifier': 'diagnostic_monitor'}
[0.036392] (rca_test_system) JobStarted: {'identifier': 'rca_test_system'}
[0.098449] (-) TimerEvent: {}
[0.198822] (-) TimerEvent: {}
[0.299179] (-) TimerEvent: {}
[0.399489] (-) TimerEvent: {}
[0.499782] (-) TimerEvent: {}
[0.600121] (-) TimerEvent: {}
[0.703225] (-) TimerEvent: {}
[0.803616] (-) TimerEvent: {}
[0.903954] (-) TimerEvent: {}
[1.004287] (-) TimerEvent: {}
[1.104601] (-) TimerEvent: {}
[1.204912] (-) TimerEvent: {}
[1.305215] (-) TimerEvent: {}
[1.405526] (-) TimerEvent: {}
[1.505862] (-) TimerEvent: {}
[1.606180] (-) TimerEvent: {}
[1.706467] (-) TimerEvent: {}
[1.806788] (-) TimerEvent: {}
[1.907063] (-) TimerEvent: {}
[2.007383] (-) TimerEvent: {}
[2.121984] (-) TimerEvent: {}
[2.222246] (-) TimerEvent: {}
[2.322508] (-) TimerEvent: {}
[2.422759] (-) TimerEvent: {}
[2.523078] (-) TimerEvent: {}
[2.623349] (-) TimerEvent: {}
[2.723625] (-) TimerEvent: {}
[2.823895] (-) TimerEvent: {}
[2.924245] (-) TimerEvent: {}
[3.024550] (-) TimerEvent: {}
[3.124829] (-) TimerEvent: {}
[3.225156] (-) TimerEvent: {}
[3.325426] (-) TimerEvent: {}
[3.425755] (-) TimerEvent: {}
[3.526076] (-) TimerEvent: {}
[3.627010] (-) TimerEvent: {}
[3.734692] (-) TimerEvent: {}
[3.834963] (-) TimerEvent: {}
[3.935233] (-) TimerEvent: {}
[4.035520] (-) TimerEvent: {}
[4.135833] (-) TimerEvent: {}
[4.236115] (-) TimerEvent: {}
[4.336396] (-) TimerEvent: {}
[4.436742] (-) TimerEvent: {}
[4.537047] (-) TimerEvent: {}
[4.623093] (diagnostic_monitor) Command: {'cmd': ['/usr/bin/python3', '-W', 'ignore:setup.py install is deprecated', '-W', 'ignore:easy_install command is deprecated', 'setup.py', 'develop', '--editable', '--build-directory', '/home/lynx/ros2_rca_ws/build/diagnostic_monitor/build', '--no-deps', 'symlink_data'], 'cwd': '/home/lynx/ros2_rca_ws/build/diagnostic_monitor', 'env': {'GZ_SIM_RESOURCE_PATH': '/opt/ros/jazzy/share', 'USER': 'lynx', 'SSH_CLIENT': '172.31.224.1 63890 22', 'GZ_CONFIG_PATH': '/opt/ros/jazzy/opt/gz_sim_vendor/share/gz:/opt/ros/jazzy/opt/sdformat_vendor/share/gz:/opt/ros/jazzy/opt/gz_gui_vendor/share/gz:/opt/ros/jazzy/opt/gz_transport_vendor/share/gz:/opt/ros/jazzy/opt/gz_rendering_vendor/share/gz:/opt/ros/jazzy/opt/gz_plugin_vendor/share/gz:/opt/ros/jazzy/opt/gz_fuel_tools_vendor/share/gz:/opt/ros/jazzy/opt/gz_msgs_vendor/share/gz:/opt/ros/jazzy/opt/gz_common_vendor/share/gz', 'XDG_SESSION_TYPE': 'tty', 'SHLVL': '1', 'LD_LIBRARY_PATH': '/opt/ros/jazzy/opt/gz_sim_vendor/lib:/opt/ros/jazzy/opt/gz_sensors_vendor/lib:/opt/ros/jazzy/opt/gz_physics_vendor/lib:/opt/ros/jazzy/opt/sdformat_vendor/lib:/opt/ros/jazzy/opt/rviz_ogre_vendor/lib:/opt/ros/jazzy/lib/x86_64-linux-gnu:/opt/ros/jazzy/opt/gz_gui_vendor/lib:/opt/ros/jazzy/opt/gz_transport_vendor/lib:/opt/ros/jazzy/opt/gz_rendering_vendor/lib:/opt/ros/jazzy/opt/gz_plugin_vendor/lib:/opt/ros/jazzy/opt/gz_fuel_tools_vendor/lib:/opt/ros/jazzy/opt/gz_msgs_vendor/lib:/opt/ros/jazzy/opt/gz_common_vendor/lib:/opt/ros/jazzy/opt/gz_math_vendor/lib:/opt/ros/jazzy/opt/gz_utils_vendor/lib:/opt/ros/jazzy/opt/gz_tools_vendor/lib:/opt/ros/jazzy/opt/gz_ogre_next_vendor/lib:/opt/ros/jazzy/opt/gz_dartsim_vendor/lib:/opt/ros/jazzy/opt/gz_cmake_vendor/lib:/opt/ros/jazzy/lib', 'HOME': '/home/lynx', 'OLDPWD': '/home/lynx/ros2_rca_ws/src', 'ROS_PYTHON_VERSION': '3', 'DBUS_SESSION_BUS_ADDRESS': 'unix:path=/run/user/1000/bus', 'ROS_DISTRO': 'jazzy', 'LOGNAME': 'lynx', '_': '/usr/bin/colcon', 'ROS_VERSION': '2', 'XDG_SESSION_CLASS': 'user', 'XDG_SESSION_ID': '39', 'PATH': '/opt/ros/jazzy/opt/gz_msgs_vendor/bin:/opt/ros/jazzy/opt/gz_tools_vendor/bin:/opt/ros/jazzy/opt/gz_ogre_next_vendor/bin:/opt/ros/jazzy/bin:/usr/local/sbin:/usr/local/bin:/usr/sbin:/usr/bin:/sbin:/bin:/usr/games:/usr/local/games:/snap/bin', 'XDG_RUNTIME_DIR': '/run/user/1000', 'LANG': 'C.UTF-8', 'AMENT_PREFIX_PATH': '/opt/ros/jazzy', 'SHELL': '/bin/bash', 'ROS_AUTOMATIC_DISCOVERY_RANGE': 'SUBNET', 'PWD': '/home/lynx/ros2_rca_ws/build/diagnostic_monitor', 'SSH_CONNECTION': '172.31.224.1 63890 172.31.234.249 22', 'PYTHONPATH': '/home/lynx/ros2_rca_ws/build/diagnostic_monitor/prefix_override:/usr/lib/python3/dist-packages/colcon_core/task/python/colcon_distutils_commands:/home/lynx/ros2_rca_ws/install/diagnostic_monitor/lib/python3.12/site-packages:/opt/ros/jazzy/lib/python3.12/site-packages', 'COLCON': '1', 'CMAKE_PREFIX_PATH': '/opt/ros/jazzy/opt/gz_sim_vendor:/opt/ros/jazzy/opt/gz_sensors_vendor:/opt/ros/jazzy/opt/gz_physics_vendor:/opt/ros/jazzy/opt/sdformat_vendor:/opt/ros/jazzy/opt/gz_gui_vendor:/opt/ros/jazzy/opt/gz_transport_vendor:/opt/ros/jazzy/opt/gz_rendering_vendor:/opt/ros/jazzy/opt/gz_plugin_vendor:/opt/ros/jazzy/opt/gz_fuel_tools_vendor:/opt/ros/jazzy/opt/gz_msgs_vendor:/opt/ros/jazzy/opt/gz_common_vendor:/opt/ros/jazzy/opt/gz_math_vendor:/opt/ros/jazzy/opt/gz_utils_vendor:/opt/ros/jazzy/opt/gz_tools_vendor:/opt/ros/jazzy/opt/gz_ogre_next_vendor:/opt/ros/jazzy/opt/gz_dartsim_vendor:/opt/ros/jazzy/opt/gz_cmake_vendor'}, 'shell': False}
[4.637183] (-) TimerEvent: {}
[4.660145] (rca_test_system) Command: {'cmd': ['/usr/bin/python3', '-W', 'ignore:setup.py install is deprecated', '-W', 'ignore:easy_install command is deprecated', 'setup.py', 'develop', '--editable', '--build-directory', '/home/lynx/ros2_rca_ws/build/rca_test_system/build', '--no-deps', 'symlink_data'], 'cwd': '/home/lynx/ros2_rca_ws/build/rca_test_system', 'env': {'GZ_SIM_RESOURCE_PATH': '/opt/ros/jazzy/share', 'USER': 'lynx', 'SSH_CLIENT': '172.31.224.1 63890 22', 'GZ_CONFIG_PATH': '/opt/ros/jazzy/opt/gz_sim_vendor/share/gz:/opt/ros/jazzy/opt/sdformat_vendor/share/gz:/opt/ros/jazzy/opt/gz_gui_vendor/share/gz:/opt/ros/jazzy/opt/gz_transport_vendor/share/gz:/opt/ros/jazzy/opt/gz_rendering_vendor/share/gz:/opt/ros/jazzy/opt/gz_plugin_vendor/share/gz:/opt/ros/jazzy/opt/gz_fuel_tools_vendor/share/gz:/opt/ros/jazzy/opt/gz_msgs_vendor/share/gz:/opt/ros/jazzy/opt/gz_common_vendor/share/gz', 'XDG_SESSION_TYPE': 'tty', 'SHLVL': '1', 'LD_LIBRARY_PATH': '/opt/ros/jazzy/opt/gz_sim_vendor/lib:/opt/ros/jazzy/opt/gz_sensors_vendor/lib:/opt/ros/jazzy/opt/gz_physics_vendor/lib:/opt/ros/jazzy/opt/sdformat_vendor/lib:/opt/ros/jazzy/opt/rviz_ogre_vendor/lib:/opt/ros/jazzy/lib/x86_64-linux-gnu:/opt/ros/jazzy/opt/gz_gui_vendor/lib:/opt/ros/jazzy/opt/gz_transport_vendor/lib:/opt/ros/jazzy/opt/gz_rendering_vendor/lib:/opt/ros/jazzy/opt/gz_plugin_vendor/lib:/opt/ros/jazzy/opt/gz_fuel_tools_vendor/lib:/opt/ros/jazzy/opt/gz_msgs_vendor/lib:/opt/ros/jazzy/opt/gz_common_vendor/lib:/opt/ros/jazzy/opt/gz_math_vendor/lib:/opt/ros/jazzy/opt/gz_utils_vendor/lib:/opt/ros/jazzy/opt/gz_tools_vendor/lib:/opt/ros/jazzy/opt/gz_ogre_next_vendor/lib:/opt/ros/jazzy/opt/gz_dartsim_vendor/lib:/opt/ros/jazzy/opt/gz_cmake_vendor/lib:/opt/ros/jazzy/lib', 'HOME': '/home/lynx', 'OLDPWD': '/home/lynx/ros2_rca_ws/src', 'ROS_PYTHON_VERSION': '3', 'DBUS_SESSION_BUS_ADDRESS': 'unix:path=/run/user/1000/bus', 'ROS_DISTRO': 'jazzy', 'LOGNAME': 'lynx', '_': '/usr/bin/colcon', 'ROS_VERSION': '2', 'XDG_SESSION_CLASS': 'user', 'XDG_SESSION_ID': '39', 'PATH': '/opt/ros/jazzy/opt/gz_msgs_vendor/bin:/opt/ros/jazzy/opt/gz_tools_vendor/bin:/opt/ros/jazzy/opt/gz_ogre_next_vendor/bin:/opt/ros/jazzy/bin:/usr/local/sbin:/usr/local/bin:/usr/sbin:/usr/bin:/sbin:/bin:/usr/games:/usr/local/games:/snap/bin', 'XDG_RUNTIME_DIR': '/run/user/1000', 'LANG': 'C.UTF-8', 'AMENT_PREFIX_PATH': '/opt/ros/jazzy', 'SHELL': '/bin/bash', 'ROS_AUTOMATIC_DISCOVERY_RANGE': 'SUBNET', 'PWD': '/home/lynx/ros2_rca_ws/build/rca_test_system', 'SSH_CONNECTION': '172.31.224.1 63890 172.31.234.249 22', 'PYTHONPATH': '/home/lynx/ros2_rca_ws/build/rca_test_system/prefix_override:/usr/lib/python3/dist-packages/colcon_core/task/python/colcon_distutils_commands:/home/lynx/ros2_rca_ws/install/rca_test_system/lib/python3.12/site-packages:/opt/ros/jazzy/lib/python3.12/site-packages', 'COLCON': '1', 'CMAKE_PREFIX_PATH': '/opt/ros/jazzy/opt/gz_sim_vendor:/opt/ros/jazzy/opt/gz_sensors_vendor:/opt/ros/jazzy/opt/gz_physics_vendor:/opt/ros/jazzy/opt/sdformat_vendor:/opt/ros/jazzy/opt/gz_gui_vendor:/opt/ros/jazzy/opt/gz_transport_vendor:/opt/ros/jazzy/opt/gz_rendering_vendor:/opt/ros/jazzy/opt/gz_plugin_vendor:/opt/ros/jazzy/opt/gz_fuel_tools_vendor:/opt/ros/jazzy/opt/gz_msgs_vendor:/opt/ros/jazzy/opt/gz_common_vendor:/opt/ros/jazzy/opt/gz_math_vendor:/opt/ros/jazzy/opt/gz_utils_vendor:/opt/ros/jazzy/opt/gz_tools_vendor:/opt/ros/jazzy/opt/gz_ogre_next_vendor:/opt/ros/jazzy/opt/gz_dartsim_vendor:/opt/ros/jazzy/opt/gz_cmake_vendor'}, 'shell': False}
[4.737410] (-) TimerEvent: {}
[4.837757] (-) TimerEvent: {}
[4.938056] (-) TimerEvent: {}
[5.038363] (-) TimerEvent: {}
[5.138710] (-) TimerEvent: {}
[5.239010] (-) TimerEvent: {}
[5.339335] (-) TimerEvent: {}
[5.439656] (-) TimerEvent: {}
[5.530977] (diagnostic_monitor) StdoutLine: {'line': b'running develop\n'}
[5.539887] (-) TimerEvent: {}
[5.640201] (-) TimerEvent: {}
[5.643185] (rca_test_system) StdoutLine: {'line': b'running develop\n'}
[5.740383] (-) TimerEvent: {}
[5.840858] (-) TimerEvent: {}
[5.941160] (-) TimerEvent: {}
[6.043031] (-) TimerEvent: {}
[6.093803] (diagnostic_monitor) StdoutLine: {'line': b'running egg_info\n'}
[6.143627] (-) TimerEvent: {}
[6.162699] (diagnostic_monitor) StdoutLine: {'line': b'writing diagnostic_monitor.egg-info/PKG-INFO\n'}
[6.170791] (diagnostic_monitor) StdoutLine: {'line': b'writing dependency_links to diagnostic_monitor.egg-info/dependency_links.txt\n'}
[6.172469] (diagnostic_monitor) StdoutLine: {'line': b'writing entry points to diagnostic_monitor.egg-info/entry_points.txt\n'}
[6.172680] (diagnostic_monitor) StdoutLine: {'line': b'writing requirements to diagnostic_monitor.egg-info/requires.txt\n'}
[6.172775] (diagnostic_monitor) StdoutLine: {'line': b'writing top-level names to diagnostic_monitor.egg-info/top_level.txt\n'}
[6.243615] (-) TimerEvent: {}
[6.267346] (rca_test_system) StdoutLine: {'line': b'running egg_info\n'}
[6.281609] (diagnostic_monitor) StdoutLine: {'line': b"reading manifest file 'diagnostic_monitor.egg-info/SOURCES.txt'\n"}
[6.285361] (diagnostic_monitor) StdoutLine: {'line': b"writing manifest file 'diagnostic_monitor.egg-info/SOURCES.txt'\n"}
[6.334642] (rca_test_system) StdoutLine: {'line': b'writing rca_test_system.egg-info/PKG-INFO\n'}
[6.336260] (rca_test_system) StdoutLine: {'line': b'writing dependency_links to rca_test_system.egg-info/dependency_links.txt\n'}
[6.337655] (rca_test_system) StdoutLine: {'line': b'writing entry points to rca_test_system.egg-info/entry_points.txt\n'}
[6.338814] (rca_test_system) StdoutLine: {'line': b'writing requirements to rca_test_system.egg-info/requires.txt\n'}
[6.339219] (rca_test_system) StdoutLine: {'line': b'writing top-level names to rca_test_system.egg-info/top_level.txt\n'}
[6.343773] (-) TimerEvent: {}
[6.349149] (diagnostic_monitor) StdoutLine: {'line': b'running build_ext\n'}
[6.349654] (diagnostic_monitor) StdoutLine: {'line': b'Creating /home/lynx/ros2_rca_ws/install/diagnostic_monitor/lib/python3.12/site-packages/diagnostic-monitor.egg-link (link to .)\n'}
[6.350720] (diagnostic_monitor) StdoutLine: {'line': b'Installing monitor_node script to /home/lynx/ros2_rca_ws/install/diagnostic_monitor/lib/diagnostic_monitor\n'}
[6.355794] (diagnostic_monitor) StdoutLine: {'line': b'Installing rca_cli script to /home/lynx/ros2_rca_ws/install/diagnostic_monitor/lib/diagnostic_monitor\n'}
[6.359213] (diagnostic_monitor) StdoutLine: {'line': b'\n'}
[6.359438] (diagnostic_monitor) StdoutLine: {'line': b'Installed /home/lynx/ros2_rca_ws/build/diagnostic_monitor\n'}
[6.359531] (diagnostic_monitor) StdoutLine: {'line': b'running symlink_data\n'}
[6.443972] (-) TimerEvent: {}
[6.461958] (rca_test_system) StdoutLine: {'line': b"reading manifest file 'rca_test_system.egg-info/SOURCES.txt'\n"}
[6.468791] (rca_test_system) StdoutLine: {'line': b"writing manifest file 'rca_test_system.egg-info/SOURCES.txt'\n"}
[6.479118] (diagnostic_monitor) CommandEnded: {'returncode': 0}
[6.557149] (-) TimerEvent: {}
[6.560774] (diagnostic_monitor) JobEnded: {'identifier': 'diagnostic_monitor', 'rc': 0}
[6.565608] (rca_test_system) StdoutLine: {'line': b'running build_ext\n'}
[6.565926] (rca_test_system) StdoutLine: {'line': b'Creating /home/lynx/ros2_rca_ws/install/rca_test_system/lib/python3.12/site-packages/rca-test-system.egg-link (link to .)\n'}
[6.566046] (rca_test_system) StdoutLine: {'line': b'Installing experiment_controller script to /home/lynx/ros2_rca_ws/install/rca_test_system/lib/rca_test_system\n'}
[6.566141] (rca_test_system) StdoutLine: {'line': b'Installing fault_injector script to /home/lynx/ros2_rca_ws/install/rca_test_system/lib/rca_test_system\n'}
[6.566218] (rca_test_system) StdoutLine: {'line': b'Installing localization_node script to /home/lynx/ros2_rca_ws/install/rca_test_system/lib/rca_test_system\n'}
[6.566292] (rca_test_system) StdoutLine: {'line': b'Installing navigation_node script to /home/lynx/ros2_rca_ws/install/rca_test_system/lib/rca_test_system\n'}
[6.566363] (rca_test_system) StdoutLine: {'line': b'Installing perception_node script to /home/lynx/ros2_rca_ws/install/rca_test_system/lib/rca_test_system\n'}
[6.566444] (rca_test_system) StdoutLine: {'line': b'Installing sensor_node script to /home/lynx/ros2_rca_ws/install/rca_test_system/lib/rca_test_system\n'}
[6.566519] (rca_test_system) StdoutLine: {'line': b'\n'}
[6.566597] (rca_test_system) StdoutLine: {'line': b'Installed /home/lynx/ros2_rca_ws/build/rca_test_system\n'}
[6.566678] (rca_test_system) StdoutLine: {'line': b'running symlink_data\n'}
[6.657158] (rca_test_system) CommandEnded: {'returncode': 0}
[6.658541] (-) TimerEvent: {}
[6.687546] (rca_test_system) JobEnded: {'identifier': 'rca_test_system', 'rc': 0}
[6.689518] (-) EventReactorShutdown: {}
