[0.685s] DEBUG:colcon:Command line arguments: ['/usr/bin/colcon', 'build', '--symlink-install']
[0.685s] DEBUG:colcon:Parsed command line arguments: Namespace(log_base=None, log_level=None, verb_name='build', build_base='build', install_base='install', merge_install=False, symlink_install=True, test_result_base=None, continue_on_error=False, executor='parallel', parallel_workers=8, event_handlers=None, ignore_user_meta=False, metas=['./colcon.meta'], base_paths=['.'], packages_ignore=None, packages_ignore_regex=None, paths=None, packages_up_to=None, packages_up_to_regex=None, packages_above=None, packages_above_and_dependencies=None, packages_above_depth=None, packages_select_by_dep=None, packages_skip_by_dep=None, packages_skip_up_to=None, packages_select_build_failed=False, packages_skip_build_finished=False, packages_select_test_failures=False, packages_skip_test_passed=False, packages_select=None, packages_skip=None, packages_select_regex=None, packages_skip_regex=None, packages_start=None, packages_end=None, allow_overriding=[], cmake_args=['-DCMAKE_EXPORT_COMPILE_COMMANDS=ON'], cmake_target=None, cmake_target_skip_unavailable=False, cmake_clean_cache=False, cmake_clean_first=False, cmake_force_configure=False, ament_cmake_args=None, catkin_cmake_args=None, catkin_skip_building_tests=False, mixin_files=None, mixin=None, verb_parser=<colcon_mixin.mixin.mixin_argument.MixinArgumentDecorator object at 0x78659d79e630>, verb_extension=<colcon_core.verb.build.BuildVerb object at 0x78659d8ca7b0>, main=<bound method BuildVerb.main of <colcon_core.verb.build.BuildVerb object at 0x78659d8ca7b0>>, mixin_verb=('build',))
[0.884s] Level 1:colcon.colcon_core.package_discovery:discover_packages(colcon_meta) check parameters
[0.884s] Level 1:colcon.colcon_core.package_discovery:discover_packages(recursive) check parameters
[0.884s] Level 1:colcon.colcon_core.package_discovery:discover_packages(ignore) check parameters
[0.884s] Level 1:colcon.colcon_core.package_discovery:discover_packages(path) check parameters
[0.884s] Level 1:colcon.colcon_core.package_discovery:discover_packages(colcon_meta) discover
[0.884s] Level 1:colcon.colcon_core.package_discovery:discover_packages(recursive) discover
[0.884s] INFO:colcon.colcon_core.package_discovery:Crawling recursively for packages in '/home/lynx/ros2_rca_ws'
[0.885s] Level 1:colcon.colcon_core.package_identification:_identify(.) by extensions ['ignore', 'ignore_ament_install']
[0.885s] Level 1:colcon.colcon_core.package_identification:_identify(.) by extension 'ignore'
[0.886s] Level 1:colcon.colcon_core.package_identification:_identify(.) by extension 'ignore_ament_install'
[0.886s] Level 1:colcon.colcon_core.package_identification:_identify(.) by extensions ['colcon_pkg']
[0.886s] Level 1:colcon.colcon_core.package_identification:_identify(.) by extension 'colcon_pkg'
[0.886s] Level 1:colcon.colcon_core.package_identification:_identify(.) by extensions ['colcon_meta']
[0.887s] Level 1:colcon.colcon_core.package_identification:_identify(.) by extension 'colcon_meta'
[0.887s] Level 1:colcon.colcon_core.package_identification:_identify(.) by extensions ['ros']
[0.887s] Level 1:colcon.colcon_core.package_identification:_identify(.) by extension 'ros'
[1.004s] Level 1:colcon.colcon_core.package_identification:_identify(.) by extensions ['cmake', 'python']
[1.004s] Level 1:colcon.colcon_core.package_identification:_identify(.) by extension 'cmake'
[1.004s] Level 1:colcon.colcon_core.package_identification:_identify(.) by extension 'python'
[1.004s] Level 1:colcon.colcon_core.package_identification:_identify(.) by extensions ['python_setup_py']
[1.004s] Level 1:colcon.colcon_core.package_identification:_identify(.) by extension 'python_setup_py'
[1.005s] Level 1:colcon.colcon_core.package_identification:_identify(build) by extensions ['ignore', 'ignore_ament_install']
[1.005s] Level 1:colcon.colcon_core.package_identification:_identify(build) by extension 'ignore'
[1.005s] Level 1:colcon.colcon_core.package_identification:_identify(build) ignored
[1.005s] Level 1:colcon.colcon_core.package_identification:_identify(install) by extensions ['ignore', 'ignore_ament_install']
[1.006s] Level 1:colcon.colcon_core.package_identification:_identify(install) by extension 'ignore'
[1.006s] Level 1:colcon.colcon_core.package_identification:_identify(install) ignored
[1.008s] Level 1:colcon.colcon_core.package_identification:_identify(log) by extensions ['ignore', 'ignore_ament_install']
[1.010s] Level 1:colcon.colcon_core.package_identification:_identify(log) by extension 'ignore'
[1.011s] Level 1:colcon.colcon_core.package_identification:_identify(log) ignored
[1.012s] Level 1:colcon.colcon_core.package_identification:_identify(runs) by extensions ['ignore', 'ignore_ament_install']
[1.013s] Level 1:colcon.colcon_core.package_identification:_identify(runs) by extension 'ignore'
[1.013s] Level 1:colcon.colcon_core.package_identification:_identify(runs) by extension 'ignore_ament_install'
[1.013s] Level 1:colcon.colcon_core.package_identification:_identify(runs) by extensions ['colcon_pkg']
[1.013s] Level 1:colcon.colcon_core.package_identification:_identify(runs) by extension 'colcon_pkg'
[1.014s] Level 1:colcon.colcon_core.package_identification:_identify(runs) by extensions ['colcon_meta']
[1.014s] Level 1:colcon.colcon_core.package_identification:_identify(runs) by extension 'colcon_meta'
[1.014s] Level 1:colcon.colcon_core.package_identification:_identify(runs) by extensions ['ros']
[1.014s] Level 1:colcon.colcon_core.package_identification:_identify(runs) by extension 'ros'
[1.014s] Level 1:colcon.colcon_core.package_identification:_identify(runs) by extensions ['cmake', 'python']
[1.014s] Level 1:colcon.colcon_core.package_identification:_identify(runs) by extension 'cmake'
[1.014s] Level 1:colcon.colcon_core.package_identification:_identify(runs) by extension 'python'
[1.014s] Level 1:colcon.colcon_core.package_identification:_identify(runs) by extensions ['python_setup_py']
[1.014s] Level 1:colcon.colcon_core.package_identification:_identify(runs) by extension 'python_setup_py'
[1.014s] Level 1:colcon.colcon_core.package_identification:_identify(src) by extensions ['ignore', 'ignore_ament_install']
[1.015s] Level 1:colcon.colcon_core.package_identification:_identify(src) by extension 'ignore'
[1.015s] Level 1:colcon.colcon_core.package_identification:_identify(src) by extension 'ignore_ament_install'
[1.015s] Level 1:colcon.colcon_core.package_identification:_identify(src) by extensions ['colcon_pkg']
[1.015s] Level 1:colcon.colcon_core.package_identification:_identify(src) by extension 'colcon_pkg'
[1.015s] Level 1:colcon.colcon_core.package_identification:_identify(src) by extensions ['colcon_meta']
[1.015s] Level 1:colcon.colcon_core.package_identification:_identify(src) by extension 'colcon_meta'
[1.015s] Level 1:colcon.colcon_core.package_identification:_identify(src) by extensions ['ros']
[1.015s] Level 1:colcon.colcon_core.package_identification:_identify(src) by extension 'ros'
[1.016s] Level 1:colcon.colcon_core.package_identification:_identify(src) by extensions ['cmake', 'python']
[1.016s] Level 1:colcon.colcon_core.package_identification:_identify(src) by extension 'cmake'
[1.016s] Level 1:colcon.colcon_core.package_identification:_identify(src) by extension 'python'
[1.016s] Level 1:colcon.colcon_core.package_identification:_identify(src) by extensions ['python_setup_py']
[1.016s] Level 1:colcon.colcon_core.package_identification:_identify(src) by extension 'python_setup_py'
[1.017s] Level 1:colcon.colcon_core.package_identification:_identify(src/diagnostic_monitor) by extensions ['ignore', 'ignore_ament_install']
[1.017s] Level 1:colcon.colcon_core.package_identification:_identify(src/diagnostic_monitor) by extension 'ignore'
[1.017s] Level 1:colcon.colcon_core.package_identification:_identify(src/diagnostic_monitor) by extension 'ignore_ament_install'
[1.017s] Level 1:colcon.colcon_core.package_identification:_identify(src/diagnostic_monitor) by extensions ['colcon_pkg']
[1.017s] Level 1:colcon.colcon_core.package_identification:_identify(src/diagnostic_monitor) by extension 'colcon_pkg'
[1.017s] Level 1:colcon.colcon_core.package_identification:_identify(src/diagnostic_monitor) by extensions ['colcon_meta']
[1.017s] Level 1:colcon.colcon_core.package_identification:_identify(src/diagnostic_monitor) by extension 'colcon_meta'
[1.017s] Level 1:colcon.colcon_core.package_identification:_identify(src/diagnostic_monitor) by extensions ['ros']
[1.017s] Level 1:colcon.colcon_core.package_identification:_identify(src/diagnostic_monitor) by extension 'ros'
[1.025s] DEBUG:colcon.colcon_core.package_identification:Package 'src/diagnostic_monitor' with type 'ros.ament_python' and name 'diagnostic_monitor'
[1.026s] Level 1:colcon.colcon_core.package_identification:_identify(src/rca_test_system) by extensions ['ignore', 'ignore_ament_install']
[1.026s] Level 1:colcon.colcon_core.package_identification:_identify(src/rca_test_system) by extension 'ignore'
[1.026s] Level 1:colcon.colcon_core.package_identification:_identify(src/rca_test_system) by extension 'ignore_ament_install'
[1.026s] Level 1:colcon.colcon_core.package_identification:_identify(src/rca_test_system) by extensions ['colcon_pkg']
[1.026s] Level 1:colcon.colcon_core.package_identification:_identify(src/rca_test_system) by extension 'colcon_pkg'
[1.026s] Level 1:colcon.colcon_core.package_identification:_identify(src/rca_test_system) by extensions ['colcon_meta']
[1.026s] Level 1:colcon.colcon_core.package_identification:_identify(src/rca_test_system) by extension 'colcon_meta'
[1.026s] Level 1:colcon.colcon_core.package_identification:_identify(src/rca_test_system) by extensions ['ros']
[1.027s] Level 1:colcon.colcon_core.package_identification:_identify(src/rca_test_system) by extension 'ros'
[1.033s] DEBUG:colcon.colcon_core.package_identification:Package 'src/rca_test_system' with type 'ros.ament_python' and name 'rca_test_system'
[1.033s] Level 1:colcon.colcon_core.package_discovery:discover_packages(recursive) using defaults
[1.033s] Level 1:colcon.colcon_core.package_discovery:discover_packages(ignore) discover
[1.033s] Level 1:colcon.colcon_core.package_discovery:discover_packages(ignore) using defaults
[1.033s] Level 1:colcon.colcon_core.package_discovery:discover_packages(path) discover
[1.033s] Level 1:colcon.colcon_core.package_discovery:discover_packages(path) using defaults
[1.104s] Level 1:colcon.colcon_core.package_discovery:discover_packages(prefix_path) check parameters
[1.105s] Level 1:colcon.colcon_core.package_discovery:discover_packages(prefix_path) discover
[1.115s] DEBUG:colcon.colcon_installed_package_information.package_discovery:Found 496 installed packages in /opt/ros/jazzy
[1.119s] Level 1:colcon.colcon_core.package_discovery:discover_packages(prefix_path) using defaults
[1.297s] Level 5:colcon.colcon_core.verb:set package 'diagnostic_monitor' build argument 'cmake_args' from command line to '['-DCMAKE_EXPORT_COMPILE_COMMANDS=ON']'
[1.297s] Level 5:colcon.colcon_core.verb:set package 'diagnostic_monitor' build argument 'cmake_target' from command line to 'None'
[1.298s] Level 5:colcon.colcon_core.verb:set package 'diagnostic_monitor' build argument 'cmake_target_skip_unavailable' from command line to 'False'
[1.298s] Level 5:colcon.colcon_core.verb:set package 'diagnostic_monitor' build argument 'cmake_clean_cache' from command line to 'False'
[1.298s] Level 5:colcon.colcon_core.verb:set package 'diagnostic_monitor' build argument 'cmake_clean_first' from command line to 'False'
[1.298s] Level 5:colcon.colcon_core.verb:set package 'diagnostic_monitor' build argument 'cmake_force_configure' from command line to 'False'
[1.298s] Level 5:colcon.colcon_core.verb:set package 'diagnostic_monitor' build argument 'ament_cmake_args' from command line to 'None'
[1.298s] Level 5:colcon.colcon_core.verb:set package 'diagnostic_monitor' build argument 'catkin_cmake_args' from command line to 'None'
[1.298s] Level 5:colcon.colcon_core.verb:set package 'diagnostic_monitor' build argument 'catkin_skip_building_tests' from command line to 'False'
[1.298s] DEBUG:colcon.colcon_core.verb:Building package 'diagnostic_monitor' with the following arguments: {'ament_cmake_args': None, 'build_base': '/home/lynx/ros2_rca_ws/build/diagnostic_monitor', 'catkin_cmake_args': None, 'catkin_skip_building_tests': False, 'cmake_args': ['-DCMAKE_EXPORT_COMPILE_COMMANDS=ON'], 'cmake_clean_cache': False, 'cmake_clean_first': False, 'cmake_force_configure': False, 'cmake_target': None, 'cmake_target_skip_unavailable': False, 'install_base': '/home/lynx/ros2_rca_ws/install/diagnostic_monitor', 'merge_install': False, 'path': '/home/lynx/ros2_rca_ws/src/diagnostic_monitor', 'symlink_install': True, 'test_result_base': None}
[1.298s] Level 5:colcon.colcon_core.verb:set package 'rca_test_system' build argument 'cmake_args' from command line to '['-DCMAKE_EXPORT_COMPILE_COMMANDS=ON']'
[1.298s] Level 5:colcon.colcon_core.verb:set package 'rca_test_system' build argument 'cmake_target' from command line to 'None'
[1.298s] Level 5:colcon.colcon_core.verb:set package 'rca_test_system' build argument 'cmake_target_skip_unavailable' from command line to 'False'
[1.298s] Level 5:colcon.colcon_core.verb:set package 'rca_test_system' build argument 'cmake_clean_cache' from command line to 'False'
[1.298s] Level 5:colcon.colcon_core.verb:set package 'rca_test_system' build argument 'cmake_clean_first' from command line to 'False'
[1.298s] Level 5:colcon.colcon_core.verb:set package 'rca_test_system' build argument 'cmake_force_configure' from command line to 'False'
[1.298s] Level 5:colcon.colcon_core.verb:set package 'rca_test_system' build argument 'ament_cmake_args' from command line to 'None'
[1.298s] Level 5:colcon.colcon_core.verb:set package 'rca_test_system' build argument 'catkin_cmake_args' from command line to 'None'
[1.298s] Level 5:colcon.colcon_core.verb:set package 'rca_test_system' build argument 'catkin_skip_building_tests' from command line to 'False'
[1.298s] DEBUG:colcon.colcon_core.verb:Building package 'rca_test_system' with the following arguments: {'ament_cmake_args': None, 'build_base': '/home/lynx/ros2_rca_ws/build/rca_test_system', 'catkin_cmake_args': None, 'catkin_skip_building_tests': False, 'cmake_args': ['-DCMAKE_EXPORT_COMPILE_COMMANDS=ON'], 'cmake_clean_cache': False, 'cmake_clean_first': False, 'cmake_force_configure': False, 'cmake_target': None, 'cmake_target_skip_unavailable': False, 'install_base': '/home/lynx/ros2_rca_ws/install/rca_test_system', 'merge_install': False, 'path': '/home/lynx/ros2_rca_ws/src/rca_test_system', 'symlink_install': True, 'test_result_base': None}
[1.298s] INFO:colcon.colcon_core.executor:Executing jobs using 'parallel' executor
[1.301s] DEBUG:colcon.colcon_parallel_executor.executor.parallel:run_until_complete
[1.304s] INFO:colcon.colcon_ros.task.ament_python.build:Building ROS package in '/home/lynx/ros2_rca_ws/src/diagnostic_monitor' with build type 'ament_python'
[1.304s] Level 1:colcon.colcon_core.shell:create_environment_hook('diagnostic_monitor', 'ament_prefix_path')
[1.316s] INFO:colcon.colcon_core.plugin_system:Skipping extension 'colcon_core.shell.bat': Not used on non-Windows systems
[1.317s] INFO:colcon.colcon_core.shell:Creating environment hook '/home/lynx/ros2_rca_ws/install/diagnostic_monitor/share/diagnostic_monitor/hook/ament_prefix_path.ps1'
[1.323s] INFO:colcon.colcon_core.shell:Creating environment descriptor '/home/lynx/ros2_rca_ws/install/diagnostic_monitor/share/diagnostic_monitor/hook/ament_prefix_path.dsv'
[1.325s] INFO:colcon.colcon_core.shell:Creating environment hook '/home/lynx/ros2_rca_ws/install/diagnostic_monitor/share/diagnostic_monitor/hook/ament_prefix_path.sh'
[1.327s] INFO:colcon.colcon_core.shell:Skip shell extension 'powershell' for command environment: Not usable outside of PowerShell
[1.327s] DEBUG:colcon.colcon_core.shell:Skip shell extension 'dsv' for command environment
[1.338s] INFO:colcon.colcon_ros.task.ament_python.build:Building ROS package in '/home/lynx/ros2_rca_ws/src/rca_test_system' with build type 'ament_python'
[1.338s] Level 1:colcon.colcon_core.shell:create_environment_hook('rca_test_system', 'ament_prefix_path')
[1.339s] INFO:colcon.colcon_core.shell:Creating environment hook '/home/lynx/ros2_rca_ws/install/rca_test_system/share/rca_test_system/hook/ament_prefix_path.ps1'
[1.340s] INFO:colcon.colcon_core.shell:Creating environment descriptor '/home/lynx/ros2_rca_ws/install/rca_test_system/share/rca_test_system/hook/ament_prefix_path.dsv'
[1.344s] INFO:colcon.colcon_core.shell:Creating environment hook '/home/lynx/ros2_rca_ws/install/rca_test_system/share/rca_test_system/hook/ament_prefix_path.sh'
[1.345s] INFO:colcon.colcon_core.shell:Skip shell extension 'powershell' for command environment: Not usable outside of PowerShell
[1.345s] DEBUG:colcon.colcon_core.shell:Skip shell extension 'dsv' for command environment
[2.004s] INFO:colcon.colcon_core.task.python.build:Building Python package in '/home/lynx/ros2_rca_ws/src/diagnostic_monitor'
[2.004s] INFO:colcon.colcon_core.shell:Skip shell extension 'powershell' for command environment: Not usable outside of PowerShell
[2.005s] DEBUG:colcon.colcon_core.shell:Skip shell extension 'dsv' for command environment
[2.671s] INFO:colcon.colcon_core.task.python.build:Building Python package in '/home/lynx/ros2_rca_ws/src/rca_test_system'
[2.672s] INFO:colcon.colcon_core.shell:Skip shell extension 'powershell' for command environment: Not usable outside of PowerShell
[2.672s] DEBUG:colcon.colcon_core.shell:Skip shell extension 'dsv' for command environment
[4.969s] DEBUG:colcon.colcon_core.task.python.build:Available setuptools commands: build_py, bdist, rotate, install, install_scripts, build_scripts, install_lib, alias, saveopts, update_catalog, install_data, compile_catalog, easy_install, egg_info, dist_info, setopt, register, install_egg_info, check, upload_docs, upload, build_clib, build_ext, build, extract_messages, bdist_dumb, test, bdist_rpm, symlink_data, bdist_egg, sdist, develop, install_headers, init_catalog, editable_wheel, clean
[4.973s] DEBUG:colcon.colcon_core.task.python.build:Available setuptools commands: build_py, bdist, rotate, install, install_scripts, build_scripts, install_lib, alias, saveopts, update_catalog, install_data, compile_catalog, easy_install, egg_info, dist_info, setopt, register, install_egg_info, check, upload_docs, upload, build_clib, build_ext, build, extract_messages, bdist_dumb, test, bdist_rpm, symlink_data, bdist_egg, sdist, develop, install_headers, init_catalog, editable_wheel, clean
[5.922s] DEBUG:colcon.colcon_core.task.python.build:Available setuptools 'develop' options: --version, --optimize, --install-dir, --prefix, --uninstall, --dry-run, --zip-ok, --quiet, --multi-version, --record, --site-dirs, --help, --no-deps, --egg-path, --no-user-cfg, --editable, --allow-hosts, --force-installation-into-system-dir, --build-directory, --always-copy, --exclude-scripts, --local-snapshots-ok, --index-url, --user, --always-unzip, --script-dir, --no-find-links, --upgrade, --verbose, --install-layout, --find-links
[5.938s] DEBUG:colcon.colcon_core.event_handler.log_command:Invoking command in '/home/lynx/ros2_rca_ws/build/diagnostic_monitor': PYTHONPATH=/home/lynx/ros2_rca_ws/build/diagnostic_monitor/prefix_override:/usr/lib/python3/dist-packages/colcon_core/task/python/colcon_distutils_commands:/home/lynx/ros2_rca_ws/install/diagnostic_monitor/lib/python3.12/site-packages:${PYTHONPATH} /usr/bin/python3 -W ignore:setup.py install is deprecated -W ignore:easy_install command is deprecated setup.py develop --editable --build-directory /home/lynx/ros2_rca_ws/build/diagnostic_monitor/build --no-deps symlink_data
[5.959s] DEBUG:colcon.colcon_core.task.python.build:Available setuptools 'develop' options: --version, --optimize, --install-dir, --prefix, --uninstall, --dry-run, --zip-ok, --quiet, --multi-version, --record, --site-dirs, --help, --no-deps, --egg-path, --no-user-cfg, --editable, --allow-hosts, --force-installation-into-system-dir, --build-directory, --always-copy, --exclude-scripts, --local-snapshots-ok, --index-url, --user, --always-unzip, --script-dir, --no-find-links, --upgrade, --verbose, --install-layout, --find-links
[5.967s] DEBUG:colcon.colcon_core.event_handler.log_command:Invoking command in '/home/lynx/ros2_rca_ws/build/rca_test_system': PYTHONPATH=/home/lynx/ros2_rca_ws/build/rca_test_system/prefix_override:/usr/lib/python3/dist-packages/colcon_core/task/python/colcon_distutils_commands:/home/lynx/ros2_rca_ws/install/rca_test_system/lib/python3.12/site-packages:${PYTHONPATH} /usr/bin/python3 -W ignore:setup.py install is deprecated -W ignore:easy_install command is deprecated setup.py develop --editable --build-directory /home/lynx/ros2_rca_ws/build/rca_test_system/build --no-deps symlink_data
[7.781s] Level 1:colcon.colcon_core.shell:create_environment_hook('diagnostic_monitor', 'pythonpath_develop')
[7.781s] DEBUG:colcon.colcon_core.event_handler.log_command:Invoked command in '/home/lynx/ros2_rca_ws/build/diagnostic_monitor' returned '0': PYTHONPATH=/home/lynx/ros2_rca_ws/build/diagnostic_monitor/prefix_override:/usr/lib/python3/dist-packages/colcon_core/task/python/colcon_distutils_commands:/home/lynx/ros2_rca_ws/install/diagnostic_monitor/lib/python3.12/site-packages:${PYTHONPATH} /usr/bin/python3 -W ignore:setup.py install is deprecated -W ignore:easy_install command is deprecated setup.py develop --editable --build-directory /home/lynx/ros2_rca_ws/build/diagnostic_monitor/build --no-deps symlink_data
[7.783s] INFO:colcon.colcon_core.shell:Creating environment hook '/home/lynx/ros2_rca_ws/build/diagnostic_monitor/share/diagnostic_monitor/hook/pythonpath_develop.ps1'
[7.787s] INFO:colcon.colcon_core.shell:Creating environment descriptor '/home/lynx/ros2_rca_ws/build/diagnostic_monitor/share/diagnostic_monitor/hook/pythonpath_develop.dsv'
[7.787s] INFO:colcon.colcon_core.shell:Creating environment hook '/home/lynx/ros2_rca_ws/build/diagnostic_monitor/share/diagnostic_monitor/hook/pythonpath_develop.sh'
[7.802s] Level 1:colcon.colcon_core.environment:checking '/home/lynx/ros2_rca_ws/install/diagnostic_monitor' for CMake module files
[7.803s] Level 1:colcon.colcon_core.environment:checking '/home/lynx/ros2_rca_ws/install/diagnostic_monitor' for CMake config files
[7.812s] Level 1:colcon.colcon_core.environment:checking '/home/lynx/ros2_rca_ws/install/diagnostic_monitor/lib'
[7.812s] Level 1:colcon.colcon_core.environment:checking '/home/lynx/ros2_rca_ws/install/diagnostic_monitor/bin'
[7.812s] Level 1:colcon.colcon_core.environment:checking '/home/lynx/ros2_rca_ws/install/diagnostic_monitor/lib/pkgconfig/diagnostic_monitor.pc'
[7.813s] Level 1:colcon.colcon_core.environment:checking '/home/lynx/ros2_rca_ws/install/diagnostic_monitor/lib/python3.12/site-packages'
[7.813s] Level 1:colcon.colcon_core.shell:create_environment_hook('diagnostic_monitor', 'pythonpath')
[7.813s] INFO:colcon.colcon_core.shell:Creating environment hook '/home/lynx/ros2_rca_ws/install/diagnostic_monitor/share/diagnostic_monitor/hook/pythonpath.ps1'
[7.814s] INFO:colcon.colcon_core.shell:Creating environment descriptor '/home/lynx/ros2_rca_ws/install/diagnostic_monitor/share/diagnostic_monitor/hook/pythonpath.dsv'
[7.815s] INFO:colcon.colcon_core.shell:Creating environment hook '/home/lynx/ros2_rca_ws/install/diagnostic_monitor/share/diagnostic_monitor/hook/pythonpath.sh'
[7.816s] Level 1:colcon.colcon_core.environment:checking '/home/lynx/ros2_rca_ws/install/diagnostic_monitor/bin'
[7.816s] Level 1:colcon.colcon_core.environment:create_environment_scripts_only(diagnostic_monitor)
[7.816s] INFO:colcon.colcon_core.shell:Creating package script '/home/lynx/ros2_rca_ws/install/diagnostic_monitor/share/diagnostic_monitor/package.ps1'
[7.818s] INFO:colcon.colcon_core.shell:Creating package descriptor '/home/lynx/ros2_rca_ws/install/diagnostic_monitor/share/diagnostic_monitor/package.dsv'
[7.820s] INFO:colcon.colcon_core.shell:Creating package script '/home/lynx/ros2_rca_ws/install/diagnostic_monitor/share/diagnostic_monitor/package.sh'
[7.821s] INFO:colcon.colcon_core.shell:Creating package script '/home/lynx/ros2_rca_ws/install/diagnostic_monitor/share/diagnostic_monitor/package.bash'
[7.823s] INFO:colcon.colcon_core.shell:Creating package script '/home/lynx/ros2_rca_ws/install/diagnostic_monitor/share/diagnostic_monitor/package.zsh'
[7.860s] Level 1:colcon.colcon_core.environment:create_file_with_runtime_dependencies(/home/lynx/ros2_rca_ws/install/diagnostic_monitor/share/colcon-core/packages/diagnostic_monitor)
[7.959s] Level 1:colcon.colcon_core.shell:create_environment_hook('rca_test_system', 'pythonpath_develop')
[7.959s] DEBUG:colcon.colcon_core.event_handler.log_command:Invoked command in '/home/lynx/ros2_rca_ws/build/rca_test_system' returned '0': PYTHONPATH=/home/lynx/ros2_rca_ws/build/rca_test_system/prefix_override:/usr/lib/python3/dist-packages/colcon_core/task/python/colcon_distutils_commands:/home/lynx/ros2_rca_ws/install/rca_test_system/lib/python3.12/site-packages:${PYTHONPATH} /usr/bin/python3 -W ignore:setup.py install is deprecated -W ignore:easy_install command is deprecated setup.py develop --editable --build-directory /home/lynx/ros2_rca_ws/build/rca_test_system/build --no-deps symlink_data
[7.960s] INFO:colcon.colcon_core.shell:Creating environment hook '/home/lynx/ros2_rca_ws/build/rca_test_system/share/rca_test_system/hook/pythonpath_develop.ps1'
[7.962s] INFO:colcon.colcon_core.shell:Creating environment descriptor '/home/lynx/ros2_rca_ws/build/rca_test_system/share/rca_test_system/hook/pythonpath_develop.dsv'
[7.963s] INFO:colcon.colcon_core.shell:Creating environment hook '/home/lynx/ros2_rca_ws/build/rca_test_system/share/rca_test_system/hook/pythonpath_develop.sh'
[7.965s] Level 1:colcon.colcon_core.environment:checking '/home/lynx/ros2_rca_ws/install/rca_test_system' for CMake module files
[7.968s] Level 1:colcon.colcon_core.environment:checking '/home/lynx/ros2_rca_ws/install/rca_test_system' for CMake config files
[7.975s] Level 1:colcon.colcon_core.environment:checking '/home/lynx/ros2_rca_ws/install/rca_test_system/lib'
[7.975s] Level 1:colcon.colcon_core.environment:checking '/home/lynx/ros2_rca_ws/install/rca_test_system/bin'
[7.975s] Level 1:colcon.colcon_core.environment:checking '/home/lynx/ros2_rca_ws/install/rca_test_system/lib/pkgconfig/rca_test_system.pc'
[7.976s] Level 1:colcon.colcon_core.environment:checking '/home/lynx/ros2_rca_ws/install/rca_test_system/lib/python3.12/site-packages'
[7.976s] Level 1:colcon.colcon_core.shell:create_environment_hook('rca_test_system', 'pythonpath')
[7.976s] INFO:colcon.colcon_core.shell:Creating environment hook '/home/lynx/ros2_rca_ws/install/rca_test_system/share/rca_test_system/hook/pythonpath.ps1'
[7.977s] INFO:colcon.colcon_core.shell:Creating environment descriptor '/home/lynx/ros2_rca_ws/install/rca_test_system/share/rca_test_system/hook/pythonpath.dsv'
[7.977s] INFO:colcon.colcon_core.shell:Creating environment hook '/home/lynx/ros2_rca_ws/install/rca_test_system/share/rca_test_system/hook/pythonpath.sh'
[7.978s] Level 1:colcon.colcon_core.environment:checking '/home/lynx/ros2_rca_ws/install/rca_test_system/bin'
[7.978s] Level 1:colcon.colcon_core.environment:create_environment_scripts_only(rca_test_system)
[7.979s] INFO:colcon.colcon_core.shell:Creating package script '/home/lynx/ros2_rca_ws/install/rca_test_system/share/rca_test_system/package.ps1'
[7.980s] INFO:colcon.colcon_core.shell:Creating package descriptor '/home/lynx/ros2_rca_ws/install/rca_test_system/share/rca_test_system/package.dsv'
[7.981s] INFO:colcon.colcon_core.shell:Creating package script '/home/lynx/ros2_rca_ws/install/rca_test_system/share/rca_test_system/package.sh'
[7.981s] INFO:colcon.colcon_core.shell:Creating package script '/home/lynx/ros2_rca_ws/install/rca_test_system/share/rca_test_system/package.bash'
[7.983s] INFO:colcon.colcon_core.shell:Creating package script '/home/lynx/ros2_rca_ws/install/rca_test_system/share/rca_test_system/package.zsh'
[7.986s] Level 1:colcon.colcon_core.environment:create_file_with_runtime_dependencies(/home/lynx/ros2_rca_ws/install/rca_test_system/share/colcon-core/packages/rca_test_system)
[7.989s] DEBUG:colcon.colcon_parallel_executor.executor.parallel:closing loop
[7.990s] DEBUG:colcon.colcon_parallel_executor.executor.parallel:loop closed
[7.991s] DEBUG:colcon.colcon_parallel_executor.executor.parallel:run_until_complete finished with '0'
[7.991s] DEBUG:colcon.colcon_core.event_reactor:joining thread
[7.992s] DEBUG:colcon.colcon_core.event_reactor:joined thread
[7.992s] INFO:colcon.colcon_core.shell:Creating prefix script '/home/lynx/ros2_rca_ws/install/local_setup.ps1'
[7.993s] INFO:colcon.colcon_core.shell:Creating prefix util module '/home/lynx/ros2_rca_ws/install/_local_setup_util_ps1.py'
[7.995s] INFO:colcon.colcon_core.shell:Creating prefix chain script '/home/lynx/ros2_rca_ws/install/setup.ps1'
[7.999s] INFO:colcon.colcon_core.shell:Creating prefix script '/home/lynx/ros2_rca_ws/install/local_setup.sh'
[8.000s] INFO:colcon.colcon_core.shell:Creating prefix util module '/home/lynx/ros2_rca_ws/install/_local_setup_util_sh.py'
[8.001s] INFO:colcon.colcon_core.shell:Creating prefix chain script '/home/lynx/ros2_rca_ws/install/setup.sh'
[8.003s] INFO:colcon.colcon_core.shell:Creating prefix script '/home/lynx/ros2_rca_ws/install/local_setup.bash'
[8.004s] INFO:colcon.colcon_core.shell:Creating prefix chain script '/home/lynx/ros2_rca_ws/install/setup.bash'
[8.007s] INFO:colcon.colcon_core.shell:Creating prefix script '/home/lynx/ros2_rca_ws/install/local_setup.zsh'
[8.011s] INFO:colcon.colcon_core.shell:Creating prefix chain script '/home/lynx/ros2_rca_ws/install/setup.zsh'
