[INFO] [launch]: All log files can be found below /home/lynx/.ros/log/2026-09-22-21-27-29-724678-WINDOWS-FIRE-16259
[INFO] [launch]: Default logging verbosity is set to INFO
[INFO] [gz_sim-1]: process started with pid [16263]
[INFO] [parameter_bridge-2]: process started with pid [16264]
[INFO] [lidar_node-3]: process started with pid [16265]
[INFO] [camera_node-4]: process started with pid [16266]
[INFO] [imu_node-5]: process started with pid [16267]
[INFO] [odometry_node-6]: process started with pid [16268]
[INFO] [sim_world-7]: process started with pid [16269]
[INFO] [perception_node-8]: process started with pid [16270]
[INFO] [localization_node-9]: process started with pid [16271]
[INFO] [planning_node-10]: process started with pid [16272]
[INFO] [control_node-11]: process started with pid [16273]
[parameter_bridge-2] [INFO] [1790112451.310628584] [gz_bridge]: Creating GZ->ROS Bridge: [/scan (gz.msgs.LaserScan) -> /gz/scan (sensor_msgs/msg/LaserScan)] (Lazy 0)
[parameter_bridge-2] [INFO] [1790112451.344405214] [gz_bridge]: Creating GZ->ROS Bridge: [/camera/image (gz.msgs.Image) -> /gz/image (sensor_msgs/msg/Image)] (Lazy 0)
[parameter_bridge-2] [INFO] [1790112451.346866203] [gz_bridge]: Creating GZ->ROS Bridge: [/camera/camera_info (gz.msgs.CameraInfo) -> /gz/camera_info (sensor_msgs/msg/CameraInfo)] (Lazy 0)
[parameter_bridge-2] [INFO] [1790112451.358136143] [gz_bridge]: Creating GZ->ROS Bridge: [/imu (gz.msgs.IMU) -> /gz/imu (sensor_msgs/msg/Imu)] (Lazy 0)
[parameter_bridge-2] [INFO] [1790112451.359776048] [gz_bridge]: Creating GZ->ROS Bridge: [/model/rca_bot/odometry (gz.msgs.Odometry) -> /gz/odom (nav_msgs/msg/Odometry)] (Lazy 0)
[parameter_bridge-2] [INFO] [1790112451.402531467] [gz_bridge]: Creating GZ->ROS Bridge: [/model/rca_bot/tf (gz.msgs.Pose_V) -> /gz/tf (tf2_msgs/msg/TFMessage)] (Lazy 0)
[parameter_bridge-2] [INFO] [1790112451.430356244] [gz_bridge]: Creating GZ->ROS Bridge: [/clock (gz.msgs.Clock) -> /gz/clock (rosgraph_msgs/msg/Clock)] (Lazy 0)
[parameter_bridge-2] [INFO] [1790112451.459756558] [gz_bridge]: Creating ROS->GZ Bridge: [/gz/cmd_vel (geometry_msgs/msg/Twist) -> /model/rca_bot/cmd_vel (gz.msgs.Twist)] (Lazy 0)
[odometry_node-6] [INFO] [1790112452.089113523] [odometry_node]: odometry_node ready (/gz/odom -> /sim/odom)
[planning_node-10] [WARN] [1790112452.242945166] [planning_node]: planning_node: pose source = localization
[planning_node-10] [INFO] [1790112452.243820618] [planning_node]: planning_node ready (pose + obstacles -> /planning/path)
[camera_node-4] [INFO] [1790112452.333416211] [camera_node]: camera_node ready (/gz/image -> /sim/camera/image)
[lidar_node-3] [INFO] [1790112452.339863128] [lidar_node]: lidar_node ready (/gz/scan -> /sim/lidar/scan)
[localization_node-9] [INFO] [1790112452.398133832] [localization_node]: localization_node ready (odom + imu + landmarks -> /localization/pose)
[sim_world-7] [INFO] [1790112452.752749382] [sim_world]: sim_world ready (/cmd_vel -> Gazebo DiffDrive)
[perception_node-8] [INFO] [1790112452.753394178] [perception_node]: perception_node ready (lidar + camera -> /perception/obstacles)
[imu_node-5] [INFO] [1790112452.773489258] [imu_node]: imu_node ready (/gz/imu -> /sim/imu/data)
[control_node-11] [INFO] [1790112452.780549942] [control_node]: control_node ready (path -> /cmd_vel)
[parameter_bridge-2] [INFO] [1790112452.783495275] [gz_bridge]: Passing message from ROS geometry_msgs/msg/Twist to Gazebo gz.msgs.Twist (showing msg only once per type)
[gz_sim-1] [1;33m[Wrn] [Ogre2Camera.cc:423] [0m[1;33mOgre2Camera::SetVisibilityMask: Mask bits [0m[1;33mc0000000[0m[1;33m are set but will be ignored as they conflict with the [0m[1;33mreserved bits used internally by the ogre2 backend.[0m[1;33m[0m
[ERROR] [control_node-11]: process has died [pid 16273, exit code -9, cmd '/home/lynx/ros2_rca_ws/install/rca_sim/lib/rca_sim/control_node --ros-args -r __node:=control_node --params-file /tmp/launch_params_3_rorx0_'].
[ERROR] [planning_node-10]: process has died [pid 16272, exit code -9, cmd '/home/lynx/ros2_rca_ws/install/rca_sim/lib/rca_sim/planning_node --ros-args -r __node:=planning_node --params-file /tmp/launch_params_d_hsqvan'].
[ERROR] [perception_node-8]: process has died [pid 16270, exit code -9, cmd '/home/lynx/ros2_rca_ws/install/rca_sim/lib/rca_sim/perception_node --ros-args -r __node:=perception_node --params-file /tmp/launch_params_342t4116'].
[ERROR] [localization_node-9]: process has died [pid 16271, exit code -9, cmd '/home/lynx/ros2_rca_ws/install/rca_sim/lib/rca_sim/localization_node --ros-args -r __node:=localization_node --params-file /tmp/launch_params_hhsh54th'].
