[0.000000] (-) TimerEvent: {}
[0.000217] (diagnostic_monitor) JobQueued: {'identifier': 'diagnostic_monitor', 'dependencies': OrderedDict()}
[0.000274] (rca_test_system) JobQueued: {'identifier': 'rca_test_system', 'dependencies': OrderedDict()}
[0.001463] (diagnostic_monitor) JobStarted: {'identifier': 'diagnostic_monitor'}
[0.017768] (rca_test_system) JobStarted: {'identifier': 'rca_test_system'}
[0.098384] (-) TimerEvent: {}
[0.198646] (-) TimerEvent: {}
[0.298924] (-) TimerEvent: {}
[0.399253] (-) TimerEvent: {}
[0.499537] (-) TimerEvent: {}
[0.599812] (-) TimerEvent: {}
[0.700088] (-) TimerEvent: {}
[0.800383] (-) TimerEvent: {}
[0.900649] (-) TimerEvent: {}
[1.000921] (-) TimerEvent: {}
[1.101222] (-) TimerEvent: {}
[1.201549] (-) TimerEvent: {}
[1.301794] (-) TimerEvent: {}
[1.402037] (-) TimerEvent: {}
[1.502297] (-) TimerEvent: {}
[1.602578] (-) TimerEvent: {}
[1.702892] (-) TimerEvent: {}
[1.803146] (-) TimerEvent: {}
[1.903453] (-) TimerEvent: {}
[2.003731] (-) TimerEvent: {}
[2.104003] (-) TimerEvent: {}
[2.204296] (-) TimerEvent: {}
[2.304592] (-) TimerEvent: {}
[2.404942] (-) TimerEvent: {}
[2.441007] (diagnostic_monitor) Command: {'cmd': ['/usr/bin/python3', '-W', 'ignore:setup.py install is deprecated', '-W', 'ignore:easy_install command is deprecated', 'setup.py', 'develop', '--editable', '--build-directory', '/home/lynx/ros2_rca_ws/build/diagnostic_monitor/build', '--no-deps', 'symlink_data'], 'cwd': '/home/lynx/ros2_rca_ws/build/diagnostic_monitor', 'env': {'GZ_SIM_RESOURCE_PATH': '/opt/ros/jazzy/share', 'USER': 'lynx', 'SSH_CLIENT': '172.31.224.1 58333 22', 'GZ_CONFIG_PATH': '/opt/ros/jazzy/opt/gz_sim_vendor/share/gz:/opt/ros/jazzy/opt/sdformat_vendor/share/gz:/opt/ros/jazzy/opt/gz_gui_vendor/share/gz:/opt/ros/jazzy/opt/gz_transport_vendor/share/gz:/opt/ros/jazzy/opt/gz_rendering_vendor/share/gz:/opt/ros/jazzy/opt/gz_plugin_vendor/share/gz:/opt/ros/jazzy/opt/gz_fuel_tools_vendor/share/gz:/opt/ros/jazzy/opt/gz_msgs_vendor/share/gz:/opt/ros/jazzy/opt/gz_common_vendor/share/gz', 'XDG_SESSION_TYPE': 'tty', 'SHLVL': '1', 'LD_LIBRARY_PATH': '/opt/ros/jazzy/opt/gz_sim_vendor/lib:/opt/ros/jazzy/opt/gz_sensors_vendor/lib:/opt/ros/jazzy/opt/gz_physics_vendor/lib:/opt/ros/jazzy/opt/sdformat_vendor/lib:/opt/ros/jazzy/opt/rviz_ogre_vendor/lib:/opt/ros/jazzy/lib/x86_64-linux-gnu:/opt/ros/jazzy/opt/gz_gui_vendor/lib:/opt/ros/jazzy/opt/gz_transport_vendor/lib:/opt/ros/jazzy/opt/gz_rendering_vendor/lib:/opt/ros/jazzy/opt/gz_plugin_vendor/lib:/opt/ros/jazzy/opt/gz_fuel_tools_vendor/lib:/opt/ros/jazzy/opt/gz_msgs_vendor/lib:/opt/ros/jazzy/opt/gz_common_vendor/lib:/opt/ros/jazzy/opt/gz_math_vendor/lib:/opt/ros/jazzy/opt/gz_utils_vendor/lib:/opt/ros/jazzy/opt/gz_tools_vendor/lib:/opt/ros/jazzy/opt/gz_ogre_next_vendor/lib:/opt/ros/jazzy/opt/gz_dartsim_vendor/lib:/opt/ros/jazzy/opt/gz_cmake_vendor/lib:/opt/ros/jazzy/lib', 'HOME': '/home/lynx', 'OLDPWD': '/home/lynx', 'ROS_PYTHON_VERSION': '3', 'DBUS_SESSION_BUS_ADDRESS': 'unix:path=/run/user/1000/bus', 'ROS_DISTRO': 'jazzy', 'LOGNAME': 'lynx', '_': '/usr/bin/colcon', 'ROS_VERSION': '2', 'XDG_SESSION_CLASS': 'user', 'XDG_SESSION_ID': '50', 'PATH': '/opt/ros/jazzy/opt/gz_msgs_vendor/bin:/opt/ros/jazzy/opt/gz_tools_vendor/bin:/opt/ros/jazzy/opt/gz_ogre_next_vendor/bin:/opt/ros/jazzy/bin:/usr/local/sbin:/usr/local/bin:/usr/sbin:/usr/bin:/sbin:/bin:/usr/games:/usr/local/games:/snap/bin', 'XDG_RUNTIME_DIR': '/run/user/1000', 'LANG': 'C.UTF-8', 'AMENT_PREFIX_PATH': '/opt/ros/jazzy', 'SHELL': '/bin/bash', 'ROS_AUTOMATIC_DISCOVERY_RANGE': 'SUBNET', 'PWD': '/home/lynx/ros2_rca_ws/build/diagnostic_monitor', 'SSH_CONNECTION': '172.31.224.1 58333 172.31.234.249 22', 'PYTHONPATH': '/home/lynx/ros2_rca_ws/build/diagnostic_monitor/prefix_override:/usr/lib/python3/dist-packages/colcon_core/task/python/colcon_distutils_commands:/home/lynx/ros2_rca_ws/install/diagnostic_monitor/lib/python3.12/site-packages:/opt/ros/jazzy/lib/python3.12/site-packages', 'COLCON': '1', 'CMAKE_PREFIX_PATH': '/opt/ros/jazzy/opt/gz_sim_vendor:/opt/ros/jazzy/opt/gz_sensors_vendor:/opt/ros/jazzy/opt/gz_physics_vendor:/opt/ros/jazzy/opt/sdformat_vendor:/opt/ros/jazzy/opt/gz_gui_vendor:/opt/ros/jazzy/opt/gz_transport_vendor:/opt/ros/jazzy/opt/gz_rendering_vendor:/opt/ros/jazzy/opt/gz_plugin_vendor:/opt/ros/jazzy/opt/gz_fuel_tools_vendor:/opt/ros/jazzy/opt/gz_msgs_vendor:/opt/ros/jazzy/opt/gz_common_vendor:/opt/ros/jazzy/opt/gz_math_vendor:/opt/ros/jazzy/opt/gz_utils_vendor:/opt/ros/jazzy/opt/gz_tools_vendor:/opt/ros/jazzy/opt/gz_ogre_next_vendor:/opt/ros/jazzy/opt/gz_dartsim_vendor:/opt/ros/jazzy/opt/gz_cmake_vendor'}, 'shell': False}
[2.498995] (rca_test_system) Command: {'cmd': ['/usr/bin/python3', '-W', 'ignore:setup.py install is deprecated', '-W', 'ignore:easy_install command is deprecated', 'setup.py', 'develop', '--editable', '--build-directory', '/home/lynx/ros2_rca_ws/build/rca_test_system/build', '--no-deps', 'symlink_data'], 'cwd': '/home/lynx/ros2_rca_ws/build/rca_test_system', 'env': {'GZ_SIM_RESOURCE_PATH': '/opt/ros/jazzy/share', 'USER': 'lynx', 'SSH_CLIENT': '172.31.224.1 58333 22', 'GZ_CONFIG_PATH': '/opt/ros/jazzy/opt/gz_sim_vendor/share/gz:/opt/ros/jazzy/opt/sdformat_vendor/share/gz:/opt/ros/jazzy/opt/gz_gui_vendor/share/gz:/opt/ros/jazzy/opt/gz_transport_vendor/share/gz:/opt/ros/jazzy/opt/gz_rendering_vendor/share/gz:/opt/ros/jazzy/opt/gz_plugin_vendor/share/gz:/opt/ros/jazzy/opt/gz_fuel_tools_vendor/share/gz:/opt/ros/jazzy/opt/gz_msgs_vendor/share/gz:/opt/ros/jazzy/opt/gz_common_vendor/share/gz', 'XDG_SESSION_TYPE': 'tty', 'SHLVL': '1', 'LD_LIBRARY_PATH': '/opt/ros/jazzy/opt/gz_sim_vendor/lib:/opt/ros/jazzy/opt/gz_sensors_vendor/lib:/opt/ros/jazzy/opt/gz_physics_vendor/lib:/opt/ros/jazzy/opt/sdformat_vendor/lib:/opt/ros/jazzy/opt/rviz_ogre_vendor/lib:/opt/ros/jazzy/lib/x86_64-linux-gnu:/opt/ros/jazzy/opt/gz_gui_vendor/lib:/opt/ros/jazzy/opt/gz_transport_vendor/lib:/opt/ros/jazzy/opt/gz_rendering_vendor/lib:/opt/ros/jazzy/opt/gz_plugin_vendor/lib:/opt/ros/jazzy/opt/gz_fuel_tools_vendor/lib:/opt/ros/jazzy/opt/gz_msgs_vendor/lib:/opt/ros/jazzy/opt/gz_common_vendor/lib:/opt/ros/jazzy/opt/gz_math_vendor/lib:/opt/ros/jazzy/opt/gz_utils_vendor/lib:/opt/ros/jazzy/opt/gz_tools_vendor/lib:/opt/ros/jazzy/opt/gz_ogre_next_vendor/lib:/opt/ros/jazzy/opt/gz_dartsim_vendor/lib:/opt/ros/jazzy/opt/gz_cmake_vendor/lib:/opt/ros/jazzy/lib', 'HOME': '/home/lynx', 'OLDPWD': '/home/lynx', 'ROS_PYTHON_VERSION': '3', 'DBUS_SESSION_BUS_ADDRESS': 'unix:path=/run/user/1000/bus', 'ROS_DISTRO': 'jazzy', 'LOGNAME': 'lynx', '_': '/usr/bin/colcon', 'ROS_VERSION': '2', 'XDG_SESSION_CLASS': 'user', 'XDG_SESSION_ID': '50', 'PATH': '/opt/ros/jazzy/opt/gz_msgs_vendor/bin:/opt/ros/jazzy/opt/gz_tools_vendor/bin:/opt/ros/jazzy/opt/gz_ogre_next_vendor/bin:/opt/ros/jazzy/bin:/usr/local/sbin:/usr/local/bin:/usr/sbin:/usr/bin:/sbin:/bin:/usr/games:/usr/local/games:/snap/bin', 'XDG_RUNTIME_DIR': '/run/user/1000', 'LANG': 'C.UTF-8', 'AMENT_PREFIX_PATH': '/opt/ros/jazzy', 'SHELL': '/bin/bash', 'ROS_AUTOMATIC_DISCOVERY_RANGE': 'SUBNET', 'PWD': '/home/lynx/ros2_rca_ws/build/rca_test_system', 'SSH_CONNECTION': '172.31.224.1 58333 172.31.234.249 22', 'PYTHONPATH': '/home/lynx/ros2_rca_ws/build/rca_test_system/prefix_override:/usr/lib/python3/dist-packages/colcon_core/task/python/colcon_distutils_commands:/home/lynx/ros2_rca_ws/install/rca_test_system/lib/python3.12/site-packages:/opt/ros/jazzy/lib/python3.12/site-packages', 'COLCON': '1', 'CMAKE_PREFIX_PATH': '/opt/ros/jazzy/opt/gz_sim_vendor:/opt/ros/jazzy/opt/gz_sensors_vendor:/opt/ros/jazzy/opt/gz_physics_vendor:/opt/ros/jazzy/opt/sdformat_vendor:/opt/ros/jazzy/opt/gz_gui_vendor:/opt/ros/jazzy/opt/gz_transport_vendor:/opt/ros/jazzy/opt/gz_rendering_vendor:/opt/ros/jazzy/opt/gz_plugin_vendor:/opt/ros/jazzy/opt/gz_fuel_tools_vendor:/opt/ros/jazzy/opt/gz_msgs_vendor:/opt/ros/jazzy/opt/gz_common_vendor:/opt/ros/jazzy/opt/gz_math_vendor:/opt/ros/jazzy/opt/gz_utils_vendor:/opt/ros/jazzy/opt/gz_tools_vendor:/opt/ros/jazzy/opt/gz_ogre_next_vendor:/opt/ros/jazzy/opt/gz_dartsim_vendor:/opt/ros/jazzy/opt/gz_cmake_vendor'}, 'shell': False}
[2.505106] (-) TimerEvent: {}
[2.605383] (-) TimerEvent: {}
[2.705837] (-) TimerEvent: {}
[2.806213] (-) TimerEvent: {}
[2.906566] (-) TimerEvent: {}
[3.006885] (-) TimerEvent: {}
[3.107172] (-) TimerEvent: {}
[3.207459] (-) TimerEvent: {}
[3.307780] (-) TimerEvent: {}
[3.408107] (-) TimerEvent: {}
[3.479954] (rca_test_system) StdoutLine: {'line': b'running develop\n'}
[3.504441] (diagnostic_monitor) StdoutLine: {'line': b'running develop\n'}
[3.508289] (-) TimerEvent: {}
[3.608606] (-) TimerEvent: {}
[3.708933] (-) TimerEvent: {}
[3.809242] (-) TimerEvent: {}
[3.909555] (-) TimerEvent: {}
[4.009860] (-) TimerEvent: {}
[4.110159] (-) TimerEvent: {}
[4.203743] (rca_test_system) StdoutLine: {'line': b'running egg_info\n'}
[4.210334] (-) TimerEvent: {}
[4.261738] (diagnostic_monitor) StdoutLine: {'line': b'running egg_info\n'}
[4.303517] (rca_test_system) StdoutLine: {'line': b'writing rca_test_system.egg-info/PKG-INFO\n'}
[4.304052] (rca_test_system) StdoutLine: {'line': b'writing dependency_links to rca_test_system.egg-info/dependency_links.txt\n'}
[4.304524] (rca_test_system) StdoutLine: {'line': b'writing entry points to rca_test_system.egg-info/entry_points.txt\n'}
[4.305256] (rca_test_system) StdoutLine: {'line': b'writing requirements to rca_test_system.egg-info/requires.txt\n'}
[4.305693] (rca_test_system) StdoutLine: {'line': b'writing top-level names to rca_test_system.egg-info/top_level.txt\n'}
[4.310512] (-) TimerEvent: {}
[4.378938] (diagnostic_monitor) StdoutLine: {'line': b'writing diagnostic_monitor.egg-info/PKG-INFO\n'}
[4.379458] (diagnostic_monitor) StdoutLine: {'line': b'writing dependency_links to diagnostic_monitor.egg-info/dependency_links.txt\n'}
[4.379794] (diagnostic_monitor) StdoutLine: {'line': b'writing entry points to diagnostic_monitor.egg-info/entry_points.txt\n'}
[4.380603] (diagnostic_monitor) StdoutLine: {'line': b'writing requirements to diagnostic_monitor.egg-info/requires.txt\n'}
[4.380979] (diagnostic_monitor) StdoutLine: {'line': b'writing top-level names to diagnostic_monitor.egg-info/top_level.txt\n'}
[4.410699] (-) TimerEvent: {}
[4.481943] (rca_test_system) StdoutLine: {'line': b"reading manifest file 'rca_test_system.egg-info/SOURCES.txt'\n"}
[4.483297] (rca_test_system) StdoutLine: {'line': b"writing manifest file 'rca_test_system.egg-info/SOURCES.txt'\n"}
[4.510929] (-) TimerEvent: {}
[4.573517] (rca_test_system) StdoutLine: {'line': b'running build_ext\n'}
[4.589494] (diagnostic_monitor) StdoutLine: {'line': b"reading manifest file 'diagnostic_monitor.egg-info/SOURCES.txt'\n"}
[4.595771] (rca_test_system) StdoutLine: {'line': b'Creating /home/lynx/ros2_rca_ws/install/rca_test_system/lib/python3.12/site-packages/rca-test-system.egg-link (link to .)\n'}
[4.596361] (diagnostic_monitor) StdoutLine: {'line': b"writing manifest file 'diagnostic_monitor.egg-info/SOURCES.txt'\n"}
[4.597201] (rca_test_system) StdoutLine: {'line': b'Installing experiment_controller script to /home/lynx/ros2_rca_ws/install/rca_test_system/lib/rca_test_system\n'}
[4.597955] (rca_test_system) StdoutLine: {'line': b'Installing fault_injector script to /home/lynx/ros2_rca_ws/install/rca_test_system/lib/rca_test_system\n'}
[4.598361] (rca_test_system) StdoutLine: {'line': b'Installing localization_node script to /home/lynx/ros2_rca_ws/install/rca_test_system/lib/rca_test_system\n'}
[4.598630] (rca_test_system) StdoutLine: {'line': b'Installing navigation_node script to /home/lynx/ros2_rca_ws/install/rca_test_system/lib/rca_test_system\n'}
[4.605643] (rca_test_system) StdoutLine: {'line': b'Installing perception_node script to /home/lynx/ros2_rca_ws/install/rca_test_system/lib/rca_test_system\n'}
[4.606231] (rca_test_system) StdoutLine: {'line': b'Installing sensor_node script to /home/lynx/ros2_rca_ws/install/rca_test_system/lib/rca_test_system\n'}
[4.611096] (-) TimerEvent: {}
[4.611446] (rca_test_system) StdoutLine: {'line': b'\n'}
[4.611776] (rca_test_system) StdoutLine: {'line': b'Installed /home/lynx/ros2_rca_ws/build/rca_test_system\n'}
[4.612125] (rca_test_system) StdoutLine: {'line': b'running symlink_data\n'}
[4.683375] (diagnostic_monitor) StdoutLine: {'line': b'running build_ext\n'}
[4.685754] (diagnostic_monitor) StdoutLine: {'line': b'Creating /home/lynx/ros2_rca_ws/install/diagnostic_monitor/lib/python3.12/site-packages/diagnostic-monitor.egg-link (link to .)\n'}
[4.687707] (diagnostic_monitor) StdoutLine: {'line': b'Installing monitor_node script to /home/lynx/ros2_rca_ws/install/diagnostic_monitor/lib/diagnostic_monitor\n'}
[4.689976] (diagnostic_monitor) StdoutLine: {'line': b'Installing rca_cli script to /home/lynx/ros2_rca_ws/install/diagnostic_monitor/lib/diagnostic_monitor\n'}
[4.690598] (diagnostic_monitor) StdoutLine: {'line': b'\n'}
[4.690813] (diagnostic_monitor) StdoutLine: {'line': b'Installed /home/lynx/ros2_rca_ws/build/diagnostic_monitor\n'}
[4.690944] (diagnostic_monitor) StdoutLine: {'line': b'running symlink_data\n'}
[4.711332] (-) TimerEvent: {}
[4.801230] (rca_test_system) CommandEnded: {'returncode': 0}
[4.811586] (-) TimerEvent: {}
[4.925160] (-) TimerEvent: {}
[4.935608] (rca_test_system) JobEnded: {'identifier': 'rca_test_system', 'rc': 0}
[4.939258] (diagnostic_monitor) CommandEnded: {'returncode': 0}
[4.972655] (diagnostic_monitor) JobEnded: {'identifier': 'diagnostic_monitor', 'rc': 0}
[4.974284] (-) EventReactorShutdown: {}
