[INFO] [1789854000.492255136] [experiment_controller]: ExperimentController ready with DB: events.db
[INFO] [1789854015.696482045] [experiment_controller]: >>> Cleared all faults.
[INFO] [1789854017.901163309] [experiment_controller]: >>> Injected latency on sensor_node (param=0.4, dur=9.0s)
[INFO] [1789854024.113892112] [experiment_controller]: >>> Cleared all faults.
[INFO] [1789854024.316723326] [experiment_controller]: >>> Cleared all faults.
[INFO] [1789854032.028684206] [experiment_controller]: >>> Injected localization_failure on localization_node (param=50.0, dur=9.0s)
[INFO] [1789854038.234675755] [experiment_controller]: >>> Cleared all faults.
[INFO] [1789854038.437907748] [experiment_controller]: >>> Cleared all faults.
[INFO] [1789854046.650622099] [experiment_controller]: >>> Injected dropout on sensor_node (param=1.0, dur=9.0s)
Waiting 15.0s for nominal system warm-up and graph discovery...
Diagnoses issued during 15.0s fault-free warm-up (false alarms): 0
Monitor's discovered graph: ['localization_node', 'navigation_node', 'perception_node', 'sensor_node']  edges: [('localization_node', 'navigation_node'), ('perception_node', 'localization_node'), ('sensor_node', 'perception_node')]

========================================================================
STARTING Scenario 1: Sensor Latency
Ground truth (evaluation layer only): target=sensor_node fault=latency param=0.4
========================================================================
Observing fault propagation for 6.0s ...
DIAGNOSIS: predicted root cause = [sensor_node]  (ground truth = sensor_node)  Top-1: PASS  rank=1
  detection latency  : 0.611s  (first anomaly after injection)
  diagnosis latency  : 0.848s  (correct root first named at 0.848s)
  false diag. rate   : 0.0  over 11 diagnoses
  chain accuracy     : 1.0  predicted=['sensor_node', 'perception_node', 'localization_node', 'navigation_node']
  nominal false alarms before injection: 0 (in 0.0s fault-free window)

============================================================
ROOT CAUSE DIAGNOSIS: sensor_node (Confidence: 1.000)
============================================================
Score Breakdown  R(C) = wD*D + wT*T + wS*S + wA*A:
  R(sensor_node) = 0.3·D(1.00) + 0.3·T(1.00) + 0.25·S(1.00) + 0.15·A(1.00) = 1.000
  - Dependency D: 1.00 (reaches 3 downstream anomalous node(s); 0 anomalous upstream node(s))
  - Temporal   T: 1.00 (first anomaly at t=1789854018.11s; earliest in window = supporting evidence, not proof of causality)
  - Symptom    S: 1.00 (explains 4/4 anomalous nodes)
  - Severity   A: 1.00 (max normalised severity on node, 54 direct anomaly event(s))

Propagation Chain (evidence-ordered, via discovered graph edges):
  sensor_node (t=1789854018.11s: /sensor/scan:latency, sev=1.00)
    └─→ perception_node via /sensor/scan (t=1789854018.11s, +0.00s after sensor_node: /perception/obstacles:latency)
      └─→ localization_node via /perception/obstacles (t=1789854018.11s, +0.00s after perception_node: /localization/pose:latency)
        └─→ navigation_node via /localization/pose (t=1789854018.11s, +0.00s after localization_node: /navigation/cmd_vel:latency)

Candidate Ranking & Evidence Comparison:
  #2 perception_node      R=0.787 (Δ -0.213) [first anomaly 0.00s after sensor_node; downstream of sensor_node in discovered graph; lower symptom coverage (75% vs 100%)]
  #3 localization_node    R=0.625 (Δ -0.375) [first anomaly 0.00s after sensor_node; downstream of sensor_node in discovered graph; lower symptom coverage (50% vs 100%)]
  #4 navigation_node      R=0.512 (Δ -0.488) [first anomaly 0.00s after sensor_node; downstream of sensor_node in discovered graph; lower symptom coverage (25% vs 100%)]
============================================================

Baseline comparison on identical recorded evidence:
  independent      top1=FAIL rank=4   ranking=['localization_node', 'navigation_node', 'perception_node', 'sensor_node']
  temporal_only    top1=PASS rank=1   ranking=['sensor_node', 'localization_node', 'perception_node', 'navigation_node']
  static_dep_anom  top1=PASS rank=1   ranking=['sensor_node', 'perception_node', 'localization_node', 'navigation_node']
  static_dep_temp  top1=PASS rank=1   ranking=['sensor_node', 'perception_node', 'localization_node', 'navigation_node']
  proposed         top1=PASS rank=1   ranking=['sensor_node', 'perception_node', 'localization_node', 'navigation_node']
Ablation (each scoring term disabled in turn):
  full     top1=PASS rank=1   ranking=['sensor_node', 'perception_node', 'localization_node', 'navigation_node']
  no_D     top1=PASS rank=1   ranking=['sensor_node', 'perception_node', 'localization_node', 'navigation_node']
  no_T     top1=PASS rank=1   ranking=['sensor_node', 'perception_node', 'localization_node', 'navigation_node']
  no_S     top1=PASS rank=1   ranking=['sensor_node', 'perception_node', 'localization_node', 'navigation_node']
  no_A     top1=PASS rank=1   ranking=['sensor_node', 'perception_node', 'localization_node', 'navigation_node']

========================================================================
STARTING Scenario 2: Localization Failure
Ground truth (evaluation layer only): target=localization_node fault=localization_failure param=50.0
========================================================================
Observing fault propagation for 6.0s ...
DIAGNOSIS: predicted root cause = [localization_node]  (ground truth = localization_node)  Top-1: PASS  rank=1
  detection latency  : 0.186s  (first anomaly after injection)
  diagnosis latency  : 0.222s  (correct root first named at 0.222s)
  false diag. rate   : 0.0  over 12 diagnoses
  chain accuracy     : 1.0  predicted=['localization_node', 'navigation_node']
  nominal false alarms before injection: 0 (in 0.5s fault-free window)

============================================================
ROOT CAUSE DIAGNOSIS: localization_node (Confidence: 1.000)
============================================================
Score Breakdown  R(C) = wD*D + wT*T + wS*S + wA*A:
  R(localization_node) = 0.3·D(1.00) + 0.3·T(1.00) + 0.25·S(1.00) + 0.15·A(1.00) = 1.000
  - Dependency D: 1.00 (reaches 1 downstream anomalous node(s); 0 anomalous upstream node(s))
  - Temporal   T: 1.00 (first anomaly at t=1789854031.91s; earliest in window = supporting evidence, not proof of causality)
  - Symptom    S: 1.00 (explains 2/2 anomalous nodes)
  - Severity   A: 1.00 (max normalised severity on node, 56 direct anomaly event(s))

Propagation Chain (evidence-ordered, via discovered graph edges):
  localization_node (t=1789854031.91s: /localization/pose:z_pos, sev=1.00)
    └─→ navigation_node via /localization/pose (t=1789854031.91s, +0.00s after localization_node: /navigation/cmd_vel:linear_vel)

Candidate Ranking & Evidence Comparison:
  #2 navigation_node      R=0.575 (Δ -0.425) [first anomaly 0.00s after localization_node; downstream of localization_node in discovered graph; lower symptom coverage (50% vs 100%)]
  #3 perception_node      R=0.565 (Δ -0.435) [no direct anomaly observed]
  #4 sensor_node          R=0.565 (Δ -0.435) [no direct anomaly observed]
============================================================

Baseline comparison on identical recorded evidence:
  independent      top1=PASS rank=1   ranking=['localization_node', 'navigation_node']
  temporal_only    top1=PASS rank=1   ranking=['localization_node', 'navigation_node']
  static_dep_anom  top1=PASS rank=1   ranking=['localization_node', 'perception_node', 'sensor_node', 'navigation_node']
  static_dep_temp  top1=PASS rank=1   ranking=['localization_node', 'perception_node', 'sensor_node', 'navigation_node']
  proposed         top1=PASS rank=1   ranking=['localization_node', 'navigation_node', 'perception_node', 'sensor_node']
Ablation (each scoring term disabled in turn):
  full     top1=PASS rank=1   ranking=['localization_node', 'navigation_node', 'perception_node', 'sensor_node']
  no_D     top1=PASS rank=1   ranking=['localization_node', 'navigation_node', 'perception_node', 'sensor_node']
  no_T     top1=PASS rank=1   ranking=['localization_node', 'perception_node', 'sensor_node', 'navigation_node']
  no_S     top1=PASS rank=1   ranking=['localization_node', 'navigation_node', 'perception_node', 'sensor_node']
  no_A     top1=PASS rank=1   ranking=['localization_node', 'perception_node', 'sensor_node', 'navigation_node']

========================================================================
STARTING Scenario 3: Sensor Dropout
Ground truth (evaluation layer only): target=sensor_node fault=dropout param=1.0
========================================================================
Observing fault propagation for 6.0s ...
DIAGNOSIS: predicted root cause = [sensor_node]  (ground truth = sensor_node)  Top-1: PASS  rank=1
  detection latency  : 0.6s  (first anomaly after injection)
  diagnosis latency  : 0.6s  (correct root first named at 0.6s)
  false diag. rate   : 0.0  over 12 diagnoses
  chain accuracy     : 1.0  predicted=['sensor_node', 'perception_node', 'localization_node', 'navigation_node'][INFO] [1789854052.855858708] [experiment_controller]: >>> Cleared all faults.
[INFO] [1789854053.058874189] [experiment_controller]: >>> Cleared all faults.
[INFO] [1789854060.271140504] [experiment_controller]: >>> Injected navigation_failure on navigation_node (param=1.0, dur=9.0s)
[INFO] [1789854066.476625095] [experiment_controller]: >>> Cleared all faults.
[INFO] [1789854066.679540624] [experiment_controller]: >>> Cleared all faults.
[INFO] [1789854074.391237974] [experiment_controller]: >>> Injected degradation on sensor_node (param=0.0, dur=9.0s)

  nominal false alarms before injection: 0 (in 1.0s fault-free window)

============================================================
ROOT CAUSE DIAGNOSIS: sensor_node (Confidence: 1.000)
============================================================
Score Breakdown  R(C) = wD*D + wT*T + wS*S + wA*A:
  R(sensor_node) = 0.3·D(1.00) + 0.3·T(1.00) + 0.25·S(1.00) + 0.15·A(1.00) = 1.000
  - Dependency D: 1.00 (reaches 3 downstream anomalous node(s); 0 anomalous upstream node(s))
  - Temporal   T: 1.00 (first anomaly at t=1789854046.86s; earliest in window = supporting evidence, not proof of causality)
  - Symptom    S: 1.00 (explains 4/4 anomalous nodes)
  - Severity   A: 1.00 (max normalised severity on node, 12 direct anomaly event(s))

Propagation Chain (evidence-ordered, via discovered graph edges):
  sensor_node (t=1789854046.86s: message_timeout, sev=0.85)
    └─→ perception_node via /sensor/scan (t=1789854046.86s, +0.00s after sensor_node: message_timeout)
      └─→ localization_node via /perception/obstacles (t=1789854046.86s, +0.00s after perception_node: message_timeout)
        └─→ navigation_node via /localization/pose (t=1789854046.86s, +0.00s after localization_node: message_timeout)

Candidate Ranking & Evidence Comparison:
  #2 perception_node      R=0.787 (Δ -0.213) [first anomaly 0.00s after sensor_node; downstream of sensor_node in discovered graph; lower symptom coverage (75% vs 100%)]
  #3 localization_node    R=0.625 (Δ -0.375) [first anomaly 0.00s after sensor_node; downstream of sensor_node in discovered graph; lower symptom coverage (50% vs 100%)]
  #4 navigation_node      R=0.512 (Δ -0.488) [first anomaly 0.00s after sensor_node; downstream of sensor_node in discovered graph; lower symptom coverage (25% vs 100%)]
============================================================

Baseline comparison on identical recorded evidence:
  independent      top1=FAIL rank=4   ranking=['localization_node', 'navigation_node', 'perception_node', 'sensor_node']
  temporal_only    top1=FAIL rank=4   ranking=['localization_node', 'navigation_node', 'perception_node', 'sensor_node']
  static_dep_anom  top1=PASS rank=1   ranking=['sensor_node', 'perception_node', 'localization_node', 'navigation_node']
  static_dep_temp  top1=PASS rank=1   ranking=['sensor_node', 'perception_node', 'localization_node', 'navigation_node']
  proposed         top1=PASS rank=1   ranking=['sensor_node', 'perception_node', 'localization_node', 'navigation_node']
Ablation (each scoring term disabled in turn):
  full     top1=PASS rank=1   ranking=['sensor_node', 'perception_node', 'localization_node', 'navigation_node']
  no_D     top1=PASS rank=1   ranking=['sensor_node', 'perception_node', 'localization_node', 'navigation_node']
  no_T     top1=PASS rank=1   ranking=['sensor_node', 'perception_node', 'localization_node', 'navigation_node']
  no_S     top1=PASS rank=1   ranking=['sensor_node', 'perception_node', 'localization_node', 'navigation_node']
  no_A     top1=PASS rank=1   ranking=['sensor_node', 'perception_node', 'localization_node', 'navigation_node']

========================================================================
STARTING Scenario 4: Navigation Failure
Ground truth (evaluation layer only): target=navigation_node fault=navigation_failure param=1.0
========================================================================
Observing fault propagation for 6.0s ...
DIAGNOSIS: predicted root cause = [navigation_node]  (ground truth = navigation_node)  Top-1: PASS  rank=1
  detection latency  : 0.144s  (first anomaly after injection)
  diagnosis latency  : 0.478s  (correct root first named at 0.478s)
  false diag. rate   : 0.0  over 12 diagnoses
  chain accuracy     : 1.0  predicted=['navigation_node']
  nominal false alarms before injection: 0 (in 0.0s fault-free window)

============================================================
ROOT CAUSE DIAGNOSIS: navigation_node (Confidence: 1.000)
============================================================
Score Breakdown  R(C) = wD*D + wT*T + wS*S + wA*A:
  R(navigation_node) = 0.3·D(1.00) + 0.3·T(1.00) + 0.25·S(1.00) + 0.15·A(1.00) = 1.000
  - Dependency D: 1.00 (reaches 0 downstream anomalous node(s); 0 anomalous upstream node(s))
  - Temporal   T: 1.00 (first anomaly at t=1789854060.11s; earliest in window = supporting evidence, not proof of causality)
  - Symptom    S: 1.00 (explains 1/1 anomalous nodes)
  - Severity   A: 1.00 (max normalised severity on node, 59 direct anomaly event(s))

Propagation Chain (evidence-ordered, via discovered graph edges):
  navigation_node (t=1789854060.11s: /navigation/cmd_vel:linear_vel, sev=1.00)

Candidate Ranking & Evidence Comparison:
  #2 localization_node    R=0.415 (Δ -0.585) [no direct anomaly observed; does not reach observed symptoms via dependency edges]
  #3 perception_node      R=0.415 (Δ -0.585) [no direct anomaly observed; does not reach observed symptoms via dependency edges]
  #4 sensor_node          R=0.415 (Δ -0.585) [no direct anomaly observed; does not reach observed symptoms via dependency edges]
============================================================

Baseline comparison on identical recorded evidence:
  independent      top1=PASS rank=1   ranking=['navigation_node']
  temporal_only    top1=PASS rank=1   ranking=['navigation_node']
  static_dep_anom  top1=PASS rank=1   ranking=['navigation_node', 'localization_node', 'perception_node', 'sensor_node']
  static_dep_temp  top1=PASS rank=1   ranking=['navigation_node', 'localization_node', 'perception_node', 'sensor_node']
  proposed         top1=PASS rank=1   ranking=['navigation_node', 'localization_node', 'perception_node', 'sensor_node']
Ablation (each scoring term disabled in turn):
  full     top1=PASS rank=1   ranking=['navigation_node', 'localization_node', 'perception_node', 'sensor_node']
  no_D     top1=PASS rank=1   ranking=['navigation_node', 'localization_node', 'perception_node', 'sensor_node']
  no_T     top1=PASS rank=1   ranking=['navigation_node', 'localization_node', 'perception_node', 'sensor_node']
  no_S     top1=PASS rank=1   ranking=['navigation_node', 'localization_node', 'perception_node', 'sensor_node']
  no_A     top1=PASS rank=1   ranking=['navigation_node', 'localization_node', 'perception_node', 'sensor_node']

========================================================================
STARTING Scenario 5: Sensor Degradation (NaNs)
Ground truth (evaluation layer only): target=sensor_node fault=degradation param=0.0
========================================================================
Observing fault propagation for 6.0s ...
DIAGNOSIS: predicted root cause = [sensor_node]  (ground truth = sensor_node)  Top-1: PASS  rank=1
  detection latency  : 0.121s  (first anomaly after injection)
  diagnosis latency  : 0.358s  (correct root first named at 0.358s)
  false diag. rate   : 0.0  over 12 diagnoses
  chain accuracy     : 1.0  predicted=['sensor_node', 'perception_node']
  nominal false alarms before injection: 0 (in 0.5s fault-free window)

============================================================
ROOT CAUSE DIAGNOSIS: sensor_node (Confidence: 1.000)
============================================================
Score Breakdown  R(C) = wD*D + wT*T + wS*S + wA*A:
  R(sensor_node) = 0.3·D(1.00) + 0.3·T(1.00) + 0.25·S(1.00) + 0.15·A(1.00) = 1.000
  - Dependency D: 1.00 (reaches 1 downstream anomalous node(s); 0 anomalous upstream node(s))
  - Temporal   T: 1.00 (first anomaly at t=1789854074.21s; earliest in window = supporting evidence, not proof of causality)
  - Symptom    S: 1.00 (explains 2/2 anomalous nodes)
  - Severity   A: 1.00 (max normalised severity on node, 58 direct anomaly event(s))

Propagation Chain (evidence-ordered, via discovered graph edges):
  sensor_node (t=1789854074.21s: /sensor/scan:nan_ratio, sev=1.00)
    └─→ perception_node via /sensor/scan (t=1789854074.21s, +0.00s after sensor_node: /perception/obstacles:obstacle_count)

Candidate Ranking & Evidence Comparison:
  #2 perception_node      R=0.575 (Δ -0.425) [first anomaly 0.00s after sensor_node; downstream of sensor_node in discovered graph; lower symptom coverage (50% vs 100%)]
============================================================[INFO] [1789854080.597627796] [experiment_controller]: >>> Cleared all faults.
[INFO] [1789854080.800726677] [experiment_controller]: >>> Cleared all faults.
[INFO] [1789854088.512097605] [experiment_controller]: >>> Injected processing_delay on perception_node (param=0.4, dur=9.0s)
[INFO] [1789854094.718229973] [experiment_controller]: >>> Cleared all faults.
[INFO] [1789854094.921141010] [experiment_controller]: >>> Cleared all faults.
[INFO] [1789854103.634728325] [experiment_controller]: >>> Injected crash on perception_node (param=0.0, dur=9.0s)
[INFO] [1789854109.841773933] [experiment_controller]: >>> Cleared all faults.


Baseline comparison on identical recorded evidence:
  independent      top1=FAIL rank=2   ranking=['perception_node', 'sensor_node']
  temporal_only    top1=PASS rank=1   ranking=['sensor_node', 'perception_node']
  static_dep_anom  top1=PASS rank=1   ranking=['sensor_node', 'perception_node']
  static_dep_temp  top1=PASS rank=1   ranking=['sensor_node', 'perception_node']
  proposed         top1=PASS rank=1   ranking=['sensor_node', 'perception_node']
Ablation (each scoring term disabled in turn):
  full     top1=PASS rank=1   ranking=['sensor_node', 'perception_node']
  no_D     top1=PASS rank=1   ranking=['sensor_node', 'perception_node']
  no_T     top1=PASS rank=1   ranking=['sensor_node', 'perception_node']
  no_S     top1=PASS rank=1   ranking=['sensor_node', 'perception_node']
  no_A     top1=PASS rank=1   ranking=['sensor_node', 'perception_node']

========================================================================
STARTING Scenario 6: Perception Processing Delay
Ground truth (evaluation layer only): target=perception_node fault=processing_delay param=0.4
========================================================================
Observing fault propagation for 6.0s ...
DIAGNOSIS: predicted root cause = [perception_node]  (ground truth = perception_node)  Top-1: PASS  rank=1
  detection latency  : 0.902s  (first anomaly after injection)
  diagnosis latency  : 1.237s  (correct root first named at 1.237s)
  false diag. rate   : 0.0  over 10 diagnoses
  chain accuracy     : 1.0  predicted=['perception_node', 'localization_node', 'navigation_node']
  nominal false alarms before injection: 0 (in 0.5s fault-free window)

============================================================
ROOT CAUSE DIAGNOSIS: perception_node (Confidence: 1.000)
============================================================
Score Breakdown  R(C) = wD*D + wT*T + wS*S + wA*A:
  R(perception_node) = 0.3·D(1.00) + 0.3·T(1.00) + 0.25·S(1.00) + 0.15·A(1.00) = 1.000
  - Dependency D: 1.00 (reaches 2 downstream anomalous node(s); 0 anomalous upstream node(s))
  - Temporal   T: 1.00 (first anomaly at t=1789854088.81s; earliest in window = supporting evidence, not proof of causality)
  - Symptom    S: 1.00 (explains 3/3 anomalous nodes)
  - Severity   A: 1.00 (max normalised severity on node, 26 direct anomaly event(s))

Propagation Chain (evidence-ordered, via discovered graph edges):
  perception_node (t=1789854088.81s: /perception/obstacles:inter_arrival, sev=1.00)
    └─→ localization_node via /perception/obstacles (t=1789854088.81s, +0.00s after perception_node: /localization/pose:inter_arrival)
      └─→ navigation_node via /localization/pose (t=1789854088.81s, +0.00s after localization_node: /navigation/cmd_vel:inter_arrival)

Candidate Ranking & Evidence Comparison:
  #2 localization_node    R=0.717 (Δ -0.283) [first anomaly 0.00s after perception_node; downstream of perception_node in discovered graph; lower symptom coverage (67% vs 100%)]
  #3 sensor_node          R=0.565 (Δ -0.435) [no direct anomaly observed]
  #4 navigation_node      R=0.533 (Δ -0.467) [first anomaly 0.00s after perception_node; downstream of perception_node in discovered graph; lower symptom coverage (33% vs 100%)]
============================================================

Baseline comparison on identical recorded evidence:
  independent      top1=FAIL rank=3   ranking=['localization_node', 'navigation_node', 'perception_node']
  temporal_only    top1=PASS rank=1   ranking=['perception_node', 'localization_node', 'navigation_node']
  static_dep_anom  top1=PASS rank=1   ranking=['perception_node', 'sensor_node', 'localization_node', 'navigation_node']
  static_dep_temp  top1=PASS rank=1   ranking=['perception_node', 'localization_node', 'sensor_node', 'navigation_node']
  proposed         top1=PASS rank=1   ranking=['perception_node', 'localization_node', 'sensor_node', 'navigation_node']
Ablation (each scoring term disabled in turn):
  full     top1=PASS rank=1   ranking=['perception_node', 'localization_node', 'sensor_node', 'navigation_node']
  no_D     top1=PASS rank=1   ranking=['perception_node', 'localization_node', 'navigation_node', 'sensor_node']
  no_T     top1=PASS rank=1   ranking=['perception_node', 'sensor_node', 'localization_node', 'navigation_node']
  no_S     top1=PASS rank=1   ranking=['perception_node', 'localization_node', 'navigation_node', 'sensor_node']
  no_A     top1=PASS rank=1   ranking=['perception_node', 'localization_node', 'sensor_node', 'navigation_node']

========================================================================
STARTING Scenario 7: Perception Node Crash
Ground truth (evaluation layer only): target=perception_node fault=crash param=0.0
========================================================================
Observing fault propagation for 6.0s ...
DIAGNOSIS: predicted root cause = [perception_node]  (ground truth = perception_node)  Top-1: PASS  rank=1
  detection latency  : 0.616s  (first anomaly after injection)
  diagnosis latency  : 0.616s  (correct root first named at 0.616s)
  false diag. rate   : 0.0  over 12 diagnoses
  chain accuracy     : 1.0  predicted=['perception_node', 'localization_node', 'navigation_node']
  nominal false alarms before injection: 0 (in 1.5s fault-free window)

============================================================
ROOT CAUSE DIAGNOSIS: perception_node (Confidence: 1.000)
============================================================
Score Breakdown  R(C) = wD*D + wT*T + wS*S + wA*A:
  R(perception_node) = 0.3·D(1.00) + 0.3·T(1.00) + 0.25·S(1.00) + 0.15·A(1.00) = 1.000
  - Dependency D: 1.00 (reaches 2 downstream anomalous node(s); 0 anomalous upstream node(s))
  - Temporal   T: 1.00 (first anomaly at t=1789854103.86s; earliest in window = supporting evidence, not proof of causality)
  - Symptom    S: 1.00 (explains 3/3 anomalous nodes)
  - Severity   A: 1.00 (max normalised severity on node, 12 direct anomaly event(s))

Propagation Chain (evidence-ordered, via discovered graph edges):
  perception_node (t=1789854103.86s: message_timeout, sev=0.85)
    └─→ localization_node via /perception/obstacles (t=1789854103.86s, +0.00s after perception_node: message_timeout)
      └─→ navigation_node via /localization/pose (t=1789854103.86s, +0.00s after localization_node: message_timeout)

Candidate Ranking & Evidence Comparison:
  #2 localization_node    R=0.717 (Δ -0.283) [first anomaly 0.00s after perception_node; downstream of perception_node in discovered graph; lower symptom coverage (67% vs 100%)]
  #3 sensor_node          R=0.565 (Δ -0.435) [no direct anomaly observed]
  #4 navigation_node      R=0.533 (Δ -0.467) [first anomaly 0.00s after perception_node; downstream of perception_node in discovered graph; lower symptom coverage (33% vs 100%)]
============================================================

Baseline comparison on identical recorded evidence:
  independent      top1=FAIL rank=3   ranking=['localization_node', 'navigation_node', 'perception_node']
  temporal_only    top1=FAIL rank=3   ranking=['localization_node', 'navigation_node', 'perception_node']
  static_dep_anom  top1=PASS rank=1   ranking=['perception_node', 'sensor_node', 'localization_node', 'navigation_node']
  static_dep_temp  top1=PASS rank=1   ranking=['perception_node', 'localization_node', 'sensor_node', 'navigation_node']
  proposed         top1=PASS rank=1   ranking=['perception_node', 'localization_node', 'sensor_node', 'navigation_node']
Ablation (each scoring term disabled in turn):
  full     top1=PASS rank=1   ranking=['perception_node', 'localization_node', 'sensor_node', 'navigation_node']
  no_D     top1=PASS rank=1   ranking=['perception_node', 'localization_node', 'navigation_node', 'sensor_node']
  no_T     top1=PASS rank=1   ranking=['perception_node', 'sensor_node', 'localization_node', 'navigation_node']
  no_S     top1=PASS rank=1   ranking=['perception_node', 'localization_node', 'navigation_node', 'sensor_node']
  no_A     top1=PASS rank=1   ranking=['perception_node', 'localization_node', 'sensor_node', 'navigation_node']

====================================================================================================
EXPERIMENT EVALUATION BENCHMARK RESULTS (proposed method, live ROS 2 run)
====================================================================================================
Scenario                                 Truth              Predicted          Top1  Rank Det.   Diag.  FDR    Chain
----------------------------------------------------------------------------------------------------
Scenario 1: Sensor Latency               sensor_node        sensor_node        PASS  1    0.611  0.848  0.0    1.0
Scenario 2: Localization Failure         localization_node  localization_node  PASS  1    0.186  0.222  0.0    1.0
Scenario 3: Sensor Dropout               sensor_node        sensor_node        PASS  1    0.6    0.6    0.0    1.0
Scenario 4: Navigation Failure           navigation_node    navigation_node    PASS  1    0.144  0.478  0.0    1.0
Scenario 5: Sensor Degradation (NaNs)    sensor_node        sensor_node        PASS  1    0.121  0.358  0.0    1.0
Scenario 6: Perception Processing Delay  perception_node    perception_node    PASS  1    0.902  1.237  0.0    1.0
Scenario 7: Perception Node Crash        perception_node    perception_node    PASS  1    0.616  0.616  0.0    1.0
----------------------------------------------------------------------------------------------------
{
  "total_experiments": 7,
  "top1_accuracy": 1.0,
  "top3_accuracy": 1.0,
  "mean_reciprocal_rank": 1.0,
  "avg_detection_latency_sec": 0.454,
  "avg_diagnosis_latency_sec": 0.623,
  "avg_correct_diagnosis_latency_sec": 0.623,
  "false_diagnosis_rate": 0.0,
  "avg_chain_accuracy": 1.0,
  "chain_order_accuracy": 1.0,
  "nominal_false_alarms": 0
}

====================================================================================================
BASELINE COMPARISON (Top-1 accuracy across scenarios, identical evidence)
====================================================================================================
  independent      top1 = 2/7 (29%)   MRR = 0.524
  temporal_only    top1 = 5/7 (71%)   MRR = 0.798
  static_dep_anom  top1 = 7/7 (100%)   MRR = 1.000
  static_dep_temp  top1 = 7/7 (100%)   MRR = 1.000
  proposed         top1 = 7/7 (100%)   MRR = 1.000

====================================================================================================
ABLATION (Top-1 accuracy with each term disabled)
====================================================================================================
  full     {'wD': 0.3, 'wT': 0.3, 'wS': 0.25, 'wA': 0.15}  top1 = 7/7 (100%)
  no_D     {'wD': 0.0, 'wT': 0.3, 'wS': 0.25, 'wA': 0.15}  top1 = 7/7 (100%)
  no_T     {'wD': 0.3, 'wT': 0.0, 'wS': 0.25, 'wA': 0.15}  top1 = 7/7 (100%)
  no_S     {'wD': 0.3, 'wT': 0.3, 'wS': 0.0, 'wA': 0.15}  top1 = 7/7 (100%)
  no_A     {'wD': 0.3, 'wT': 0.3, 'wS': 0.25, 'wA': 0.0}  top1 = 7/7 (100%)

Results written to runs/results_run4.json
