[INFO] [1789854214.281694045] [experiment_controller]: ExperimentController ready with DB: events.db
[INFO] [1789854229.485558543] [experiment_controller]: >>> Cleared all faults.
[INFO] [1789854231.689814536] [experiment_controller]: >>> Injected latency on sensor_node (param=0.4, dur=9.0s)
[INFO] [1789854237.897702023] [experiment_controller]: >>> Cleared all faults.
[INFO] [1789854238.100858385] [experiment_controller]: >>> Cleared all faults.
[INFO] [1789854245.814098812] [experiment_controller]: >>> Injected localization_failure on localization_node (param=50.0, dur=9.0s)
[INFO] [1789854252.020489097] [experiment_controller]: >>> Cleared all faults.
[INFO] [1789854252.223640042] [experiment_controller]: >>> Cleared all faults.
[INFO] [1789854260.436569190] [experiment_controller]: >>> Injected dropout on sensor_node (param=1.0, dur=9.0s)
Waiting 15.0s for nominal system warm-up and graph discovery...
Diagnoses issued during 15.0s fault-free warm-up (false alarms): 0
Monitor's discovered graph: ['localization_node', 'navigation_node', 'perception_node', 'sensor_node']  edges: [('localization_node', 'navigation_node'), ('perception_node', 'localization_node'), ('sensor_node', 'perception_node')]

========================================================================
STARTING Scenario 1: Sensor Latency
Ground truth (evaluation layer only): target=sensor_node fault=latency param=0.4
========================================================================
Observing fault propagation for 6.0s ...
DIAGNOSIS: predicted root cause = [sensor_node]  (ground truth = sensor_node)  Top-1: PASS  rank=1
  detection latency  : 0.527s  (first anomaly after injection)
  diagnosis latency  : 0.788s  (correct root first named at 0.788s)
  false diag. rate   : 0.0  over 11 diagnoses
  chain accuracy     : 1.0  predicted=['sensor_node', 'perception_node', 'localization_node', 'navigation_node']
  nominal false alarms before injection: 0 (in 0.0s fault-free window)

============================================================
ROOT CAUSE DIAGNOSIS: sensor_node (Confidence: 1.000)
============================================================
Score Breakdown  R(C) = wD*D + wT*T + wS*S + wA*A:
  R(sensor_node) = 0.3·D(1.00) + 0.3·T(1.00) + 0.25·S(1.00) + 0.15·A(1.00) = 1.000
  - Dependency D: 1.00 (reaches 3 downstream anomalous node(s); 0 anomalous upstream node(s))
  - Temporal   T: 1.00 (first anomaly at t=1789854232.01s; earliest in window = supporting evidence, not proof of causality)
  - Symptom    S: 1.00 (explains 4/4 anomalous nodes)
  - Severity   A: 1.00 (max normalised severity on node, 53 direct anomaly event(s))

Propagation Chain (evidence-ordered, via discovered graph edges):
  sensor_node (t=1789854232.01s: /sensor/scan:latency, sev=1.00)
    └─→ perception_node via /sensor/scan (t=1789854232.01s, +0.00s after sensor_node: /perception/obstacles:latency)
      └─→ localization_node via /perception/obstacles (t=1789854232.02s, +0.00s after perception_node: /localization/pose:latency)
        └─→ navigation_node via /localization/pose (t=1789854232.02s, +0.00s after localization_node: /navigation/cmd_vel:latency)

Candidate Ranking & Evidence Comparison:
  #2 perception_node      R=0.787 (Δ -0.213) [first anomaly 0.00s after sensor_node; downstream of sensor_node in discovered graph; lower symptom coverage (75% vs 100%)]
  #3 localization_node    R=0.625 (Δ -0.375) [first anomaly 0.00s after sensor_node; downstream of sensor_node in discovered graph; lower symptom coverage (50% vs 100%)]
  #4 navigation_node      R=0.512 (Δ -0.488) [first anomaly 0.00s after sensor_node; downstream of sensor_node in discovered graph; lower symptom coverage (25% vs 100%)]
============================================================

Baseline comparison on identical recorded evidence:
  independent      top1=FAIL rank=4   ranking=['localization_node', 'navigation_node', 'perception_node', 'sensor_node']
  temporal_only    top1=PASS rank=1   ranking=['sensor_node', 'perception_node', 'localization_node', 'navigation_node']
  static_dep_anom  top1=PASS rank=1   ranking=['sensor_node', 'perception_node', 'localization_node', 'navigation_node']
  static_dep_temp  top1=PASS rank=1   ranking=['sensor_node', 'perception_node', 'localization_node', 'navigation_node']
  proposed         top1=PASS rank=1   ranking=['sensor_node', 'perception_node', 'localization_node', 'navigation_node']
Ablation (each scoring term disabled in turn):
  full     top1=PASS rank=1   ranking=['sensor_node', 'perception_node', 'localization_node', 'navigation_node']
  no_D     top1=PASS rank=1   ranking=['sensor_node', 'perception_node', 'localization_node', 'navigation_node']
  no_T     top1=PASS rank=1   ranking=['sensor_node', 'perception_node', 'localization_node', 'navigation_node']
  no_S     top1=PASS rank=1   ranking=['sensor_node', 'perception_node', 'localization_node', 'navigation_node']
  no_A     top1=PASS rank=1   ranking=['sensor_node', 'perception_node', 'localization_node', 'navigation_node']

========================================================================
STARTING Scenario 2: Localization Failure
Ground truth (evaluation layer only): target=localization_node fault=localization_failure param=50.0
========================================================================
Observing fault propagation for 6.0s ...
DIAGNOSIS: predicted root cause = [localization_node]  (ground truth = localization_node)  Top-1: PASS  rank=1
  detection latency  : 0.105s  (first anomaly after injection)
  diagnosis latency  : 0.163s  (correct root first named at 0.163s)
  false diag. rate   : 0.0  over 13 diagnoses
  chain accuracy     : 1.0  predicted=['localization_node', 'navigation_node']
  nominal false alarms before injection: 0 (in 0.5s fault-free window)

============================================================
ROOT CAUSE DIAGNOSIS: localization_node (Confidence: 1.000)
============================================================
Score Breakdown  R(C) = wD*D + wT*T + wS*S + wA*A:
  R(localization_node) = 0.3·D(1.00) + 0.3·T(1.00) + 0.25·S(1.00) + 0.15·A(1.00) = 1.000
  - Dependency D: 1.00 (reaches 1 downstream anomalous node(s); 0 anomalous upstream node(s))
  - Temporal   T: 1.00 (first anomaly at t=1789854245.61s; earliest in window = supporting evidence, not proof of causality)
  - Symptom    S: 1.00 (explains 2/2 anomalous nodes)
  - Severity   A: 1.00 (max normalised severity on node, 60 direct anomaly event(s))

Propagation Chain (evidence-ordered, via discovered graph edges):
  localization_node (t=1789854245.61s: /localization/pose:z_pos, sev=1.00)
    └─→ navigation_node via /localization/pose (t=1789854245.62s, +0.00s after localization_node: /navigation/cmd_vel:linear_vel)

Candidate Ranking & Evidence Comparison:
  #2 navigation_node      R=0.575 (Δ -0.425) [first anomaly 0.00s after localization_node; downstream of localization_node in discovered graph; lower symptom coverage (50% vs 100%)]
  #3 perception_node      R=0.565 (Δ -0.435) [no direct anomaly observed]
  #4 sensor_node          R=0.565 (Δ -0.435) [no direct anomaly observed]
============================================================

Baseline comparison on identical recorded evidence:
  independent      top1=PASS rank=1   ranking=['localization_node', 'navigation_node']
  temporal_only    top1=PASS rank=1   ranking=['localization_node', 'navigation_node']
  static_dep_anom  top1=PASS rank=1   ranking=['localization_node', 'perception_node', 'sensor_node', 'navigation_node']
  static_dep_temp  top1=PASS rank=1   ranking=['localization_node', 'perception_node', 'sensor_node', 'navigation_node']
  proposed         top1=PASS rank=1   ranking=['localization_node', 'navigation_node', 'perception_node', 'sensor_node']
Ablation (each scoring term disabled in turn):
  full     top1=PASS rank=1   ranking=['localization_node', 'navigation_node', 'perception_node', 'sensor_node']
  no_D     top1=PASS rank=1   ranking=['localization_node', 'navigation_node', 'perception_node', 'sensor_node']
  no_T     top1=PASS rank=1   ranking=['localization_node', 'perception_node', 'sensor_node', 'navigation_node']
  no_S     top1=PASS rank=1   ranking=['localization_node', 'navigation_node', 'perception_node', 'sensor_node']
  no_A     top1=PASS rank=1   ranking=['localization_node', 'perception_node', 'sensor_node', 'navigation_node']

========================================================================
STARTING Scenario 3: Sensor Dropout
Ground truth (evaluation layer only): target=sensor_node fault=dropout param=1.0
========================================================================
Observing fault propagation for 6.0s ...
DIAGNOSIS: predicted root cause = [sensor_node]  (ground truth = sensor_node)  Top-1: PASS  rank=1
  detection latency  : 0.54s  (first anomaly after injection)
  diagnosis latency  : 0.54s  (correct root first named at 0.54s)
  false diag. rate   : 0.0  over 12 diagnoses
  chain accuracy     : 1.0  predicted=['sensor_node', 'perception_node', 'localization_node', 'navigation_node'][INFO] [1789854266.642163958] [experiment_controller]: >>> Cleared all faults.
[INFO] [1789854266.845149694] [experiment_controller]: >>> Cleared all faults.
[INFO] [1789854274.557156042] [experiment_controller]: >>> Injected navigation_failure on navigation_node (param=1.0, dur=9.0s)
[INFO] [1789854280.762989630] [experiment_controller]: >>> Cleared all faults.
[INFO] [1789854280.965534109] [experiment_controller]: >>> Cleared all faults.
[INFO] [1789854288.677003902] [experiment_controller]: >>> Injected degradation on sensor_node (param=0.0, dur=9.0s)

  nominal false alarms before injection: 0 (in 1.0s fault-free window)

============================================================
ROOT CAUSE DIAGNOSIS: sensor_node (Confidence: 1.000)
============================================================
Score Breakdown  R(C) = wD*D + wT*T + wS*S + wA*A:
  R(sensor_node) = 0.3·D(1.00) + 0.3·T(1.00) + 0.25·S(1.00) + 0.15·A(1.00) = 1.000
  - Dependency D: 1.00 (reaches 3 downstream anomalous node(s); 0 anomalous upstream node(s))
  - Temporal   T: 1.00 (first anomaly at t=1789854260.66s; earliest in window = supporting evidence, not proof of causality)
  - Symptom    S: 1.00 (explains 4/4 anomalous nodes)
  - Severity   A: 1.00 (max normalised severity on node, 12 direct anomaly event(s))

Propagation Chain (evidence-ordered, via discovered graph edges):
  sensor_node (t=1789854260.66s: message_timeout, sev=0.81)
    └─→ perception_node via /sensor/scan (t=1789854260.66s, +0.00s after sensor_node: message_timeout)
      └─→ localization_node via /perception/obstacles (t=1789854260.66s, +0.00s after perception_node: message_timeout)
        └─→ navigation_node via /localization/pose (t=1789854260.67s, +0.00s after localization_node: message_timeout)

Candidate Ranking & Evidence Comparison:
  #2 perception_node      R=0.787 (Δ -0.213) [first anomaly 0.00s after sensor_node; downstream of sensor_node in discovered graph; lower symptom coverage (75% vs 100%)]
  #3 localization_node    R=0.625 (Δ -0.375) [first anomaly 0.00s after sensor_node; downstream of sensor_node in discovered graph; lower symptom coverage (50% vs 100%)]
  #4 navigation_node      R=0.512 (Δ -0.488) [first anomaly 0.00s after sensor_node; downstream of sensor_node in discovered graph; lower symptom coverage (25% vs 100%)]
============================================================

Baseline comparison on identical recorded evidence:
  independent      top1=FAIL rank=4   ranking=['localization_node', 'navigation_node', 'perception_node', 'sensor_node']
  temporal_only    top1=PASS rank=1   ranking=['sensor_node', 'perception_node', 'localization_node', 'navigation_node']
  static_dep_anom  top1=PASS rank=1   ranking=['sensor_node', 'perception_node', 'localization_node', 'navigation_node']
  static_dep_temp  top1=PASS rank=1   ranking=['sensor_node', 'perception_node', 'localization_node', 'navigation_node']
  proposed         top1=PASS rank=1   ranking=['sensor_node', 'perception_node', 'localization_node', 'navigation_node']
Ablation (each scoring term disabled in turn):
  full     top1=PASS rank=1   ranking=['sensor_node', 'perception_node', 'localization_node', 'navigation_node']
  no_D     top1=PASS rank=1   ranking=['sensor_node', 'perception_node', 'localization_node', 'navigation_node']
  no_T     top1=PASS rank=1   ranking=['sensor_node', 'perception_node', 'localization_node', 'navigation_node']
  no_S     top1=PASS rank=1   ranking=['sensor_node', 'perception_node', 'localization_node', 'navigation_node']
  no_A     top1=PASS rank=1   ranking=['sensor_node', 'perception_node', 'localization_node', 'navigation_node']

========================================================================
STARTING Scenario 4: Navigation Failure
Ground truth (evaluation layer only): target=navigation_node fault=navigation_failure param=1.0
========================================================================
Observing fault propagation for 6.0s ...
DIAGNOSIS: predicted root cause = [navigation_node]  (ground truth = navigation_node)  Top-1: PASS  rank=1
  detection latency  : 0.162s  (first anomaly after injection)
  diagnosis latency  : 0.42s  (correct root first named at 0.42s)
  false diag. rate   : 0.0  over 12 diagnoses
  chain accuracy     : 1.0  predicted=['navigation_node']
  nominal false alarms before injection: 0 (in 0.5s fault-free window)

============================================================
ROOT CAUSE DIAGNOSIS: navigation_node (Confidence: 1.000)
============================================================
Score Breakdown  R(C) = wD*D + wT*T + wS*S + wA*A:
  R(navigation_node) = 0.3·D(1.00) + 0.3·T(1.00) + 0.25·S(1.00) + 0.15·A(1.00) = 1.000
  - Dependency D: 1.00 (reaches 0 downstream anomalous node(s); 0 anomalous upstream node(s))
  - Temporal   T: 1.00 (first anomaly at t=1789854274.42s; earliest in window = supporting evidence, not proof of causality)
  - Symptom    S: 1.00 (explains 1/1 anomalous nodes)
  - Severity   A: 1.00 (max normalised severity on node, 58 direct anomaly event(s))

Propagation Chain (evidence-ordered, via discovered graph edges):
  navigation_node (t=1789854274.42s: /navigation/cmd_vel:linear_vel, sev=1.00)

Candidate Ranking & Evidence Comparison:
  #2 localization_node    R=0.415 (Δ -0.585) [no direct anomaly observed; does not reach observed symptoms via dependency edges]
  #3 perception_node      R=0.415 (Δ -0.585) [no direct anomaly observed; does not reach observed symptoms via dependency edges]
  #4 sensor_node          R=0.415 (Δ -0.585) [no direct anomaly observed; does not reach observed symptoms via dependency edges]
============================================================

Baseline comparison on identical recorded evidence:
  independent      top1=PASS rank=1   ranking=['navigation_node']
  temporal_only    top1=PASS rank=1   ranking=['navigation_node']
  static_dep_anom  top1=PASS rank=1   ranking=['navigation_node', 'localization_node', 'perception_node', 'sensor_node']
  static_dep_temp  top1=PASS rank=1   ranking=['navigation_node', 'localization_node', 'perception_node', 'sensor_node']
  proposed         top1=PASS rank=1   ranking=['navigation_node', 'localization_node', 'perception_node', 'sensor_node']
Ablation (each scoring term disabled in turn):
  full     top1=PASS rank=1   ranking=['navigation_node', 'localization_node', 'perception_node', 'sensor_node']
  no_D     top1=PASS rank=1   ranking=['navigation_node', 'localization_node', 'perception_node', 'sensor_node']
  no_T     top1=PASS rank=1   ranking=['navigation_node', 'localization_node', 'perception_node', 'sensor_node']
  no_S     top1=PASS rank=1   ranking=['navigation_node', 'localization_node', 'perception_node', 'sensor_node']
  no_A     top1=PASS rank=1   ranking=['navigation_node', 'localization_node', 'perception_node', 'sensor_node']

========================================================================
STARTING Scenario 5: Sensor Degradation (NaNs)
Ground truth (evaluation layer only): target=sensor_node fault=degradation param=0.0
========================================================================
Observing fault propagation for 6.0s ...
DIAGNOSIS: predicted root cause = [sensor_node]  (ground truth = sensor_node)  Top-1: PASS  rank=1
  detection latency  : 0.139s  (first anomaly after injection)
  diagnosis latency  : 0.3s  (correct root first named at 0.3s)
  false diag. rate   : 0.0  over 12 diagnoses
  chain accuracy     : 1.0  predicted=['sensor_node', 'perception_node']
  nominal false alarms before injection: 0 (in 0.5s fault-free window)

============================================================
ROOT CAUSE DIAGNOSIS: sensor_node (Confidence: 1.000)
============================================================
Score Breakdown  R(C) = wD*D + wT*T + wS*S + wA*A:
  R(sensor_node) = 0.3·D(1.00) + 0.3·T(1.00) + 0.25·S(1.00) + 0.15·A(1.00) = 1.000
  - Dependency D: 1.00 (reaches 1 downstream anomalous node(s); 0 anomalous upstream node(s))
  - Temporal   T: 1.00 (first anomaly at t=1789854288.51s; earliest in window = supporting evidence, not proof of causality)
  - Symptom    S: 1.00 (explains 2/2 anomalous nodes)
  - Severity   A: 1.00 (max normalised severity on node, 57 direct anomaly event(s))

Propagation Chain (evidence-ordered, via discovered graph edges):
  sensor_node (t=1789854288.51s: /sensor/scan:nan_ratio, sev=1.00)
    └─→ perception_node via /sensor/scan (t=1789854288.51s, +0.00s after sensor_node: /perception/obstacles:obstacle_count)

Candidate Ranking & Evidence Comparison:
  #2 perception_node      R=0.575 (Δ -0.425) [first anomaly 0.00s after sensor_node; downstream of sensor_node in discovered graph; lower symptom coverage (50% vs 100%)]
============================================================[INFO] [1789854294.883270850] [experiment_controller]: >>> Cleared all faults.
[INFO] [1789854295.086485821] [experiment_controller]: >>> Cleared all faults.
[INFO] [1789854302.798605548] [experiment_controller]: >>> Injected processing_delay on perception_node (param=0.4, dur=9.0s)
[INFO] [1789854309.004495273] [experiment_controller]: >>> Cleared all faults.
[INFO] [1789854309.208381165] [experiment_controller]: >>> Cleared all faults.
[INFO] [1789854317.921815332] [experiment_controller]: >>> Injected crash on perception_node (param=0.0, dur=9.0s)
[INFO] [1789854324.128550394] [experiment_controller]: >>> Cleared all faults.


Baseline comparison on identical recorded evidence:
  independent      top1=FAIL rank=2   ranking=['perception_node', 'sensor_node']
  temporal_only    top1=PASS rank=1   ranking=['sensor_node', 'perception_node']
  static_dep_anom  top1=PASS rank=1   ranking=['sensor_node', 'perception_node']
  static_dep_temp  top1=PASS rank=1   ranking=['sensor_node', 'perception_node']
  proposed         top1=PASS rank=1   ranking=['sensor_node', 'perception_node']
Ablation (each scoring term disabled in turn):
  full     top1=PASS rank=1   ranking=['sensor_node', 'perception_node']
  no_D     top1=PASS rank=1   ranking=['sensor_node', 'perception_node']
  no_T     top1=PASS rank=1   ranking=['sensor_node', 'perception_node']
  no_S     top1=PASS rank=1   ranking=['sensor_node', 'perception_node']
  no_A     top1=PASS rank=1   ranking=['sensor_node', 'perception_node']

========================================================================
STARTING Scenario 6: Perception Processing Delay
Ground truth (evaluation layer only): target=perception_node fault=processing_delay param=0.4
========================================================================
Observing fault propagation for 6.0s ...
DIAGNOSIS: predicted root cause = [perception_node]  (ground truth = perception_node)  Top-1: PASS  rank=1
  detection latency  : 0.819s  (first anomaly after injection)
  diagnosis latency  : 1.179s  (correct root first named at 1.179s)
  false diag. rate   : 0.0  over 11 diagnoses
  chain accuracy     : 1.0  predicted=['perception_node', 'localization_node', 'navigation_node']
  nominal false alarms before injection: 0 (in 0.5s fault-free window)

============================================================
ROOT CAUSE DIAGNOSIS: perception_node (Confidence: 1.000)
============================================================
Score Breakdown  R(C) = wD*D + wT*T + wS*S + wA*A:
  R(perception_node) = 0.3·D(1.00) + 0.3·T(1.00) + 0.25·S(1.00) + 0.15·A(1.00) = 1.000
  - Dependency D: 1.00 (reaches 2 downstream anomalous node(s); 0 anomalous upstream node(s))
  - Temporal   T: 1.00 (first anomaly at t=1789854303.01s; earliest in window = supporting evidence, not proof of causality)
  - Symptom    S: 1.00 (explains 3/3 anomalous nodes)
  - Severity   A: 1.00 (max normalised severity on node, 28 direct anomaly event(s))

Propagation Chain (evidence-ordered, via discovered graph edges):
  perception_node (t=1789854303.01s: /perception/obstacles:inter_arrival, sev=1.00)
    └─→ localization_node via /perception/obstacles (t=1789854303.01s, +0.00s after perception_node: /localization/pose:inter_arrival)
      └─→ navigation_node via /localization/pose (t=1789854303.02s, +0.00s after localization_node: /navigation/cmd_vel:inter_arrival)

Candidate Ranking & Evidence Comparison:
  #2 localization_node    R=0.717 (Δ -0.283) [first anomaly 0.00s after perception_node; downstream of perception_node in discovered graph; lower symptom coverage (67% vs 100%)]
  #3 sensor_node          R=0.565 (Δ -0.435) [no direct anomaly observed]
  #4 navigation_node      R=0.533 (Δ -0.467) [first anomaly 0.00s after perception_node; downstream of perception_node in discovered graph; lower symptom coverage (33% vs 100%)]
============================================================

Baseline comparison on identical recorded evidence:
  independent      top1=FAIL rank=3   ranking=['localization_node', 'navigation_node', 'perception_node']
  temporal_only    top1=PASS rank=1   ranking=['perception_node', 'localization_node', 'navigation_node']
  static_dep_anom  top1=PASS rank=1   ranking=['perception_node', 'sensor_node', 'localization_node', 'navigation_node']
  static_dep_temp  top1=PASS rank=1   ranking=['perception_node', 'localization_node', 'sensor_node', 'navigation_node']
  proposed         top1=PASS rank=1   ranking=['perception_node', 'localization_node', 'sensor_node', 'navigation_node']
Ablation (each scoring term disabled in turn):
  full     top1=PASS rank=1   ranking=['perception_node', 'localization_node', 'sensor_node', 'navigation_node']
  no_D     top1=PASS rank=1   ranking=['perception_node', 'localization_node', 'navigation_node', 'sensor_node']
  no_T     top1=PASS rank=1   ranking=['perception_node', 'sensor_node', 'localization_node', 'navigation_node']
  no_S     top1=PASS rank=1   ranking=['perception_node', 'localization_node', 'navigation_node', 'sensor_node']
  no_A     top1=PASS rank=1   ranking=['perception_node', 'localization_node', 'sensor_node', 'navigation_node']

========================================================================
STARTING Scenario 7: Perception Node Crash
Ground truth (evaluation layer only): target=perception_node fault=crash param=0.0
========================================================================
Observing fault propagation for 6.0s ...
DIAGNOSIS: predicted root cause = [perception_node]  (ground truth = perception_node)  Top-1: PASS  rank=1
  detection latency  : 0.556s  (first anomaly after injection)
  diagnosis latency  : 0.556s  (correct root first named at 0.556s)
  false diag. rate   : 0.0  over 12 diagnoses
  chain accuracy     : 1.0  predicted=['perception_node', 'localization_node', 'navigation_node']
  nominal false alarms before injection: 0 (in 1.5s fault-free window)

============================================================
ROOT CAUSE DIAGNOSIS: perception_node (Confidence: 1.000)
============================================================
Score Breakdown  R(C) = wD*D + wT*T + wS*S + wA*A:
  R(perception_node) = 0.3·D(1.00) + 0.3·T(1.00) + 0.25·S(1.00) + 0.15·A(1.00) = 1.000
  - Dependency D: 1.00 (reaches 2 downstream anomalous node(s); 0 anomalous upstream node(s))
  - Temporal   T: 1.00 (first anomaly at t=1789854318.16s; earliest in window = supporting evidence, not proof of causality)
  - Symptom    S: 1.00 (explains 3/3 anomalous nodes)
  - Severity   A: 1.00 (max normalised severity on node, 12 direct anomaly event(s))

Propagation Chain (evidence-ordered, via discovered graph edges):
  perception_node (t=1789854318.16s: message_timeout, sev=0.81)
    └─→ localization_node via /perception/obstacles (t=1789854318.16s, +0.00s after perception_node: message_timeout)
      └─→ navigation_node via /localization/pose (t=1789854318.16s, +0.00s after localization_node: message_timeout)

Candidate Ranking & Evidence Comparison:
  #2 localization_node    R=0.717 (Δ -0.283) [first anomaly 0.00s after perception_node; downstream of perception_node in discovered graph; lower symptom coverage (67% vs 100%)]
  #3 sensor_node          R=0.565 (Δ -0.435) [no direct anomaly observed]
  #4 navigation_node      R=0.533 (Δ -0.467) [first anomaly 0.00s after perception_node; downstream of perception_node in discovered graph; lower symptom coverage (33% vs 100%)]
============================================================

Baseline comparison on identical recorded evidence:
  independent      top1=FAIL rank=3   ranking=['localization_node', 'navigation_node', 'perception_node']
  temporal_only    top1=PASS rank=1   ranking=['perception_node', 'localization_node', 'navigation_node']
  static_dep_anom  top1=PASS rank=1   ranking=['perception_node', 'sensor_node', 'localization_node', 'navigation_node']
  static_dep_temp  top1=PASS rank=1   ranking=['perception_node', 'localization_node', 'sensor_node', 'navigation_node']
  proposed         top1=PASS rank=1   ranking=['perception_node', 'localization_node', 'sensor_node', 'navigation_node']
Ablation (each scoring term disabled in turn):
  full     top1=PASS rank=1   ranking=['perception_node', 'localization_node', 'sensor_node', 'navigation_node']
  no_D     top1=PASS rank=1   ranking=['perception_node', 'localization_node', 'navigation_node', 'sensor_node']
  no_T     top1=PASS rank=1   ranking=['perception_node', 'sensor_node', 'localization_node', 'navigation_node']
  no_S     top1=PASS rank=1   ranking=['perception_node', 'localization_node', 'navigation_node', 'sensor_node']
  no_A     top1=PASS rank=1   ranking=['perception_node', 'localization_node', 'sensor_node', 'navigation_node']

====================================================================================================
EXPERIMENT EVALUATION BENCHMARK RESULTS (proposed method, live ROS 2 run)
====================================================================================================
Scenario                                 Truth              Predicted          Top1  Rank Det.   Diag.  FDR    Chain
----------------------------------------------------------------------------------------------------
Scenario 1: Sensor Latency               sensor_node        sensor_node        PASS  1    0.527  0.788  0.0    1.0
Scenario 2: Localization Failure         localization_node  localization_node  PASS  1    0.105  0.163  0.0    1.0
Scenario 3: Sensor Dropout               sensor_node        sensor_node        PASS  1    0.54   0.54   0.0    1.0
Scenario 4: Navigation Failure           navigation_node    navigation_node    PASS  1    0.162  0.42   0.0    1.0
Scenario 5: Sensor Degradation (NaNs)    sensor_node        sensor_node        PASS  1    0.139  0.3    0.0    1.0
Scenario 6: Perception Processing Delay  perception_node    perception_node    PASS  1    0.819  1.179  0.0    1.0
Scenario 7: Perception Node Crash        perception_node    perception_node    PASS  1    0.556  0.556  0.0    1.0
----------------------------------------------------------------------------------------------------
{
  "total_experiments": 7,
  "top1_accuracy": 1.0,
  "top3_accuracy": 1.0,
  "mean_reciprocal_rank": 1.0,
  "avg_detection_latency_sec": 0.407,
  "avg_diagnosis_latency_sec": 0.564,
  "avg_correct_diagnosis_latency_sec": 0.564,
  "false_diagnosis_rate": 0.0,
  "avg_chain_accuracy": 1.0,
  "chain_order_accuracy": 1.0,
  "nominal_false_alarms": 0
}

====================================================================================================
BASELINE COMPARISON (Top-1 accuracy across scenarios, identical evidence)
====================================================================================================
  independent      top1 = 2/7 (29%)   MRR = 0.524
  temporal_only    top1 = 7/7 (100%)   MRR = 1.000
  static_dep_anom  top1 = 7/7 (100%)   MRR = 1.000
  static_dep_temp  top1 = 7/7 (100%)   MRR = 1.000
  proposed         top1 = 7/7 (100%)   MRR = 1.000

====================================================================================================
ABLATION (Top-1 accuracy with each term disabled)
====================================================================================================
  full     {'wD': 0.3, 'wT': 0.3, 'wS': 0.25, 'wA': 0.15}  top1 = 7/7 (100%)
  no_D     {'wD': 0.0, 'wT': 0.3, 'wS': 0.25, 'wA': 0.15}  top1 = 7/7 (100%)
  no_T     {'wD': 0.3, 'wT': 0.0, 'wS': 0.25, 'wA': 0.15}  top1 = 7/7 (100%)
  no_S     {'wD': 0.3, 'wT': 0.3, 'wS': 0.0, 'wA': 0.15}  top1 = 7/7 (100%)
  no_A     {'wD': 0.3, 'wT': 0.3, 'wS': 0.25, 'wA': 0.0}  top1 = 7/7 (100%)

Results written to runs/results_run5.json
