[0.000000] (-) TimerEvent: {}
[0.002356] (-) JobUnselected: {'identifier': 'diagnostic_monitor'}
[0.003850] (rca_test_system) JobQueued: {'identifier': 'rca_test_system', 'dependencies': OrderedDict()}
[0.003917] (rca_test_system) JobStarted: {'identifier': 'rca_test_system'}
[0.099136] (-) TimerEvent: {}
[0.199477] (-) TimerEvent: {}
[0.299980] (-) TimerEvent: {}
[0.400331] (-) TimerEvent: {}
[0.500589] (-) TimerEvent: {}
[0.600844] (-) TimerEvent: {}
[0.701089] (-) TimerEvent: {}
[0.801366] (-) TimerEvent: {}
[0.901664] (-) TimerEvent: {}
[1.001961] (-) TimerEvent: {}
[1.102251] (-) TimerEvent: {}
[1.202512] (-) TimerEvent: {}
[1.303049] (-) TimerEvent: {}
[1.403341] (-) TimerEvent: {}
[1.503900] (-) TimerEvent: {}
[1.604226] (-) TimerEvent: {}
[1.704532] (-) TimerEvent: {}
[1.804814] (-) TimerEvent: {}
[1.905111] (-) TimerEvent: {}
[2.005384] (-) TimerEvent: {}
[2.105629] (-) TimerEvent: {}
[2.205913] (-) TimerEvent: {}
[2.306252] (-) TimerEvent: {}
[2.351844] (rca_test_system) Command: {'cmd': ['/usr/bin/python3', '-W', 'ignore:setup.py install is deprecated', '-W', 'ignore:easy_install command is deprecated', 'setup.py', 'develop', '--editable', '--build-directory', '/home/lynx/ros2_rca_ws/build/rca_test_system/build', '--no-deps', 'symlink_data'], 'cwd': '/home/lynx/ros2_rca_ws/build/rca_test_system', 'env': {'GZ_SIM_RESOURCE_PATH': '/opt/ros/jazzy/share', 'USER': 'lynx', 'SSH_CLIENT': '172.31.224.1 58441 22', 'GZ_CONFIG_PATH': '/opt/ros/jazzy/opt/gz_sim_vendor/share/gz:/opt/ros/jazzy/opt/sdformat_vendor/share/gz:/opt/ros/jazzy/opt/gz_gui_vendor/share/gz:/opt/ros/jazzy/opt/gz_transport_vendor/share/gz:/opt/ros/jazzy/opt/gz_rendering_vendor/share/gz:/opt/ros/jazzy/opt/gz_plugin_vendor/share/gz:/opt/ros/jazzy/opt/gz_fuel_tools_vendor/share/gz:/opt/ros/jazzy/opt/gz_msgs_vendor/share/gz:/opt/ros/jazzy/opt/gz_common_vendor/share/gz', 'XDG_SESSION_TYPE': 'tty', 'SHLVL': '1', 'LD_LIBRARY_PATH': '/opt/ros/jazzy/opt/gz_sim_vendor/lib:/opt/ros/jazzy/opt/gz_sensors_vendor/lib:/opt/ros/jazzy/opt/gz_physics_vendor/lib:/opt/ros/jazzy/opt/sdformat_vendor/lib:/opt/ros/jazzy/opt/rviz_ogre_vendor/lib:/opt/ros/jazzy/lib/x86_64-linux-gnu:/opt/ros/jazzy/opt/gz_gui_vendor/lib:/opt/ros/jazzy/opt/gz_transport_vendor/lib:/opt/ros/jazzy/opt/gz_rendering_vendor/lib:/opt/ros/jazzy/opt/gz_plugin_vendor/lib:/opt/ros/jazzy/opt/gz_fuel_tools_vendor/lib:/opt/ros/jazzy/opt/gz_msgs_vendor/lib:/opt/ros/jazzy/opt/gz_common_vendor/lib:/opt/ros/jazzy/opt/gz_math_vendor/lib:/opt/ros/jazzy/opt/gz_utils_vendor/lib:/opt/ros/jazzy/opt/gz_tools_vendor/lib:/opt/ros/jazzy/opt/gz_ogre_next_vendor/lib:/opt/ros/jazzy/opt/gz_dartsim_vendor/lib:/opt/ros/jazzy/opt/gz_cmake_vendor/lib:/opt/ros/jazzy/lib', 'HOME': '/home/lynx', 'OLDPWD': '/home/lynx/ros2_rca_ws/src/rca_test_system/rca_test_system', 'ROS_PYTHON_VERSION': '3', 'DBUS_SESSION_BUS_ADDRESS': 'unix:path=/run/user/1000/bus', 'ROS_DISTRO': 'jazzy', 'LOGNAME': 'lynx', '_': '/usr/bin/colcon', 'ROS_VERSION': '2', 'XDG_SESSION_CLASS': 'user', 'XDG_SESSION_ID': '85', 'PATH': '/opt/ros/jazzy/opt/gz_msgs_vendor/bin:/opt/ros/jazzy/opt/gz_tools_vendor/bin:/opt/ros/jazzy/opt/gz_ogre_next_vendor/bin:/opt/ros/jazzy/bin:/usr/local/sbin:/usr/local/bin:/usr/sbin:/usr/bin:/sbin:/bin:/usr/games:/usr/local/games:/snap/bin', 'XDG_RUNTIME_DIR': '/run/user/1000', 'LANG': 'C.UTF-8', 'AMENT_PREFIX_PATH': '/opt/ros/jazzy', 'SHELL': '/bin/bash', 'ROS_AUTOMATIC_DISCOVERY_RANGE': 'SUBNET', 'PWD': '/home/lynx/ros2_rca_ws/build/rca_test_system', 'SSH_CONNECTION': '172.31.224.1 58441 172.31.234.249 22', 'PYTHONPATH': '/home/lynx/ros2_rca_ws/build/rca_test_system/prefix_override:/usr/lib/python3/dist-packages/colcon_core/task/python/colcon_distutils_commands:/home/lynx/ros2_rca_ws/install/rca_test_system/lib/python3.12/site-packages:/opt/ros/jazzy/lib/python3.12/site-packages', 'COLCON': '1', 'CMAKE_PREFIX_PATH': '/opt/ros/jazzy/opt/gz_sim_vendor:/opt/ros/jazzy/opt/gz_sensors_vendor:/opt/ros/jazzy/opt/gz_physics_vendor:/opt/ros/jazzy/opt/sdformat_vendor:/opt/ros/jazzy/opt/gz_gui_vendor:/opt/ros/jazzy/opt/gz_transport_vendor:/opt/ros/jazzy/opt/gz_rendering_vendor:/opt/ros/jazzy/opt/gz_plugin_vendor:/opt/ros/jazzy/opt/gz_fuel_tools_vendor:/opt/ros/jazzy/opt/gz_msgs_vendor:/opt/ros/jazzy/opt/gz_common_vendor:/opt/ros/jazzy/opt/gz_math_vendor:/opt/ros/jazzy/opt/gz_utils_vendor:/opt/ros/jazzy/opt/gz_tools_vendor:/opt/ros/jazzy/opt/gz_ogre_next_vendor:/opt/ros/jazzy/opt/gz_dartsim_vendor:/opt/ros/jazzy/opt/gz_cmake_vendor'}, 'shell': False}
[2.406449] (-) TimerEvent: {}
[2.506845] (-) TimerEvent: {}
[2.607115] (-) TimerEvent: {}
[2.707432] (-) TimerEvent: {}
[2.807924] (-) TimerEvent: {}
[2.908345] (-) TimerEvent: {}
[3.008674] (-) TimerEvent: {}
[3.049944] (rca_test_system) StdoutLine: {'line': b'running develop\n'}
[3.108830] (-) TimerEvent: {}
[3.209085] (-) TimerEvent: {}
[3.309408] (-) TimerEvent: {}
[3.409730] (-) TimerEvent: {}
[3.455935] (rca_test_system) StdoutLine: {'line': b'running egg_info\n'}
[3.493575] (rca_test_system) StdoutLine: {'line': b'writing rca_test_system.egg-info/PKG-INFO\n'}
[3.494099] (rca_test_system) StdoutLine: {'line': b'writing dependency_links to rca_test_system.egg-info/dependency_links.txt\n'}
[3.494504] (rca_test_system) StdoutLine: {'line': b'writing entry points to rca_test_system.egg-info/entry_points.txt\n'}
[3.494759] (rca_test_system) StdoutLine: {'line': b'writing requirements to rca_test_system.egg-info/requires.txt\n'}
[3.495104] (rca_test_system) StdoutLine: {'line': b'writing top-level names to rca_test_system.egg-info/top_level.txt\n'}
[3.509890] (-) TimerEvent: {}
[3.574535] (rca_test_system) StdoutLine: {'line': b"reading manifest file 'rca_test_system.egg-info/SOURCES.txt'\n"}
[3.575621] (rca_test_system) StdoutLine: {'line': b"writing manifest file 'rca_test_system.egg-info/SOURCES.txt'\n"}
[3.610072] (-) TimerEvent: {}
[3.622437] (rca_test_system) StdoutLine: {'line': b'running build_ext\n'}
[3.622689] (rca_test_system) StdoutLine: {'line': b'Creating /home/lynx/ros2_rca_ws/install/rca_test_system/lib/python3.12/site-packages/rca-test-system.egg-link (link to .)\n'}
[3.624365] (rca_test_system) StdoutLine: {'line': b'Installing experiment_controller script to /home/lynx/ros2_rca_ws/install/rca_test_system/lib/rca_test_system\n'}
[3.624799] (rca_test_system) StdoutLine: {'line': b'Installing fault_injector script to /home/lynx/ros2_rca_ws/install/rca_test_system/lib/rca_test_system\n'}
[3.625073] (rca_test_system) StdoutLine: {'line': b'Installing localization_node script to /home/lynx/ros2_rca_ws/install/rca_test_system/lib/rca_test_system\n'}
[3.625605] (rca_test_system) StdoutLine: {'line': b'Installing navigation_node script to /home/lynx/ros2_rca_ws/install/rca_test_system/lib/rca_test_system\n'}
[3.625903] (rca_test_system) StdoutLine: {'line': b'Installing perception_node script to /home/lynx/ros2_rca_ws/install/rca_test_system/lib/rca_test_system\n'}
[3.626217] (rca_test_system) StdoutLine: {'line': b'Installing sensor_node script to /home/lynx/ros2_rca_ws/install/rca_test_system/lib/rca_test_system\n'}
[3.627330] (rca_test_system) StdoutLine: {'line': b'\n'}
[3.627504] (rca_test_system) StdoutLine: {'line': b'Installed /home/lynx/ros2_rca_ws/build/rca_test_system\n'}
[3.627592] (rca_test_system) StdoutLine: {'line': b'running symlink_data\n'}
[3.710279] (-) TimerEvent: {}
[3.740783] (rca_test_system) CommandEnded: {'returncode': 0}
[3.767155] (rca_test_system) JobEnded: {'identifier': 'rca_test_system', 'rc': 0}
[3.769259] (-) EventReactorShutdown: {}
