[0.206s] DEBUG:colcon:Command line arguments: ['/usr/bin/colcon', 'build', '--symlink-install']
[0.206s] DEBUG:colcon:Parsed command line arguments: Namespace(log_base=None, log_level=None, verb_name='build', build_base='build', install_base='install', merge_install=False, symlink_install=True, test_result_base=None, continue_on_error=False, executor='parallel', parallel_workers=8, event_handlers=None, ignore_user_meta=False, metas=['./colcon.meta'], base_paths=['.'], packages_ignore=None, packages_ignore_regex=None, paths=None, packages_up_to=None, packages_up_to_regex=None, packages_above=None, packages_above_and_dependencies=None, packages_above_depth=None, packages_select_by_dep=None, packages_skip_by_dep=None, packages_skip_up_to=None, packages_select_build_failed=False, packages_skip_build_finished=False, packages_select_test_failures=False, packages_skip_test_passed=False, packages_select=None, packages_skip=None, packages_select_regex=None, packages_skip_regex=None, packages_start=None, packages_end=None, allow_overriding=[], cmake_args=['-DCMAKE_EXPORT_COMPILE_COMMANDS=ON'], cmake_target=None, cmake_target_skip_unavailable=False, cmake_clean_cache=False, cmake_clean_first=False, cmake_force_configure=False, ament_cmake_args=None, catkin_cmake_args=None, catkin_skip_building_tests=False, mixin_files=None, mixin=None, verb_parser=<colcon_mixin.mixin.mixin_argument.MixinArgumentDecorator object at 0x73436dc96870>, verb_extension=<colcon_core.verb.build.BuildVerb object at 0x73436dc96570>, main=<bound method BuildVerb.main of <colcon_core.verb.build.BuildVerb object at 0x73436dc96570>>, mixin_verb=('build',))
[0.282s] Level 1:colcon.colcon_core.package_discovery:discover_packages(colcon_meta) check parameters
[0.282s] Level 1:colcon.colcon_core.package_discovery:discover_packages(recursive) check parameters
[0.282s] Level 1:colcon.colcon_core.package_discovery:discover_packages(ignore) check parameters
[0.282s] Level 1:colcon.colcon_core.package_discovery:discover_packages(path) check parameters
[0.282s] Level 1:colcon.colcon_core.package_discovery:discover_packages(colcon_meta) discover
[0.282s] Level 1:colcon.colcon_core.package_discovery:discover_packages(recursive) discover
[0.282s] INFO:colcon.colcon_core.package_discovery:Crawling recursively for packages in '/home/lynx/ros2_rca_ws'
[0.282s] Level 1:colcon.colcon_core.package_identification:_identify(.) by extensions ['ignore', 'ignore_ament_install']
[0.282s] Level 1:colcon.colcon_core.package_identification:_identify(.) by extension 'ignore'
[0.282s] Level 1:colcon.colcon_core.package_identification:_identify(.) by extension 'ignore_ament_install'
[0.282s] Level 1:colcon.colcon_core.package_identification:_identify(.) by extensions ['colcon_pkg']
[0.282s] Level 1:colcon.colcon_core.package_identification:_identify(.) by extension 'colcon_pkg'
[0.282s] Level 1:colcon.colcon_core.package_identification:_identify(.) by extensions ['colcon_meta']
[0.282s] Level 1:colcon.colcon_core.package_identification:_identify(.) by extension 'colcon_meta'
[0.282s] Level 1:colcon.colcon_core.package_identification:_identify(.) by extensions ['ros']
[0.282s] Level 1:colcon.colcon_core.package_identification:_identify(.) by extension 'ros'
[0.317s] Level 1:colcon.colcon_core.package_identification:_identify(.) by extensions ['cmake', 'python']
[0.317s] Level 1:colcon.colcon_core.package_identification:_identify(.) by extension 'cmake'
[0.317s] Level 1:colcon.colcon_core.package_identification:_identify(.) by extension 'python'
[0.317s] Level 1:colcon.colcon_core.package_identification:_identify(.) by extensions ['python_setup_py']
[0.317s] Level 1:colcon.colcon_core.package_identification:_identify(.) by extension 'python_setup_py'
[0.317s] Level 1:colcon.colcon_core.package_identification:_identify(build) by extensions ['ignore', 'ignore_ament_install']
[0.317s] Level 1:colcon.colcon_core.package_identification:_identify(build) by extension 'ignore'
[0.317s] Level 1:colcon.colcon_core.package_identification:_identify(build) ignored
[0.317s] Level 1:colcon.colcon_core.package_identification:_identify(install) by extensions ['ignore', 'ignore_ament_install']
[0.317s] Level 1:colcon.colcon_core.package_identification:_identify(install) by extension 'ignore'
[0.317s] Level 1:colcon.colcon_core.package_identification:_identify(install) ignored
[0.318s] Level 1:colcon.colcon_core.package_identification:_identify(log) by extensions ['ignore', 'ignore_ament_install']
[0.318s] Level 1:colcon.colcon_core.package_identification:_identify(log) by extension 'ignore'
[0.318s] Level 1:colcon.colcon_core.package_identification:_identify(log) ignored
[0.318s] Level 1:colcon.colcon_core.package_identification:_identify(src) by extensions ['ignore', 'ignore_ament_install']
[0.318s] Level 1:colcon.colcon_core.package_identification:_identify(src) by extension 'ignore'
[0.318s] Level 1:colcon.colcon_core.package_identification:_identify(src) by extension 'ignore_ament_install'
[0.318s] Level 1:colcon.colcon_core.package_identification:_identify(src) by extensions ['colcon_pkg']
[0.318s] Level 1:colcon.colcon_core.package_identification:_identify(src) by extension 'colcon_pkg'
[0.318s] Level 1:colcon.colcon_core.package_identification:_identify(src) by extensions ['colcon_meta']
[0.318s] Level 1:colcon.colcon_core.package_identification:_identify(src) by extension 'colcon_meta'
[0.318s] Level 1:colcon.colcon_core.package_identification:_identify(src) by extensions ['ros']
[0.318s] Level 1:colcon.colcon_core.package_identification:_identify(src) by extension 'ros'
[0.318s] Level 1:colcon.colcon_core.package_identification:_identify(src) by extensions ['cmake', 'python']
[0.318s] Level 1:colcon.colcon_core.package_identification:_identify(src) by extension 'cmake'
[0.318s] Level 1:colcon.colcon_core.package_identification:_identify(src) by extension 'python'
[0.318s] Level 1:colcon.colcon_core.package_identification:_identify(src) by extensions ['python_setup_py']
[0.318s] Level 1:colcon.colcon_core.package_identification:_identify(src) by extension 'python_setup_py'
[0.318s] Level 1:colcon.colcon_core.package_identification:_identify(src/diagnostic_monitor) by extensions ['ignore', 'ignore_ament_install']
[0.318s] Level 1:colcon.colcon_core.package_identification:_identify(src/diagnostic_monitor) by extension 'ignore'
[0.318s] Level 1:colcon.colcon_core.package_identification:_identify(src/diagnostic_monitor) by extension 'ignore_ament_install'
[0.318s] Level 1:colcon.colcon_core.package_identification:_identify(src/diagnostic_monitor) by extensions ['colcon_pkg']
[0.319s] Level 1:colcon.colcon_core.package_identification:_identify(src/diagnostic_monitor) by extension 'colcon_pkg'
[0.319s] Level 1:colcon.colcon_core.package_identification:_identify(src/diagnostic_monitor) by extensions ['colcon_meta']
[0.319s] Level 1:colcon.colcon_core.package_identification:_identify(src/diagnostic_monitor) by extension 'colcon_meta'
[0.319s] Level 1:colcon.colcon_core.package_identification:_identify(src/diagnostic_monitor) by extensions ['ros']
[0.319s] Level 1:colcon.colcon_core.package_identification:_identify(src/diagnostic_monitor) by extension 'ros'
[0.323s] DEBUG:colcon.colcon_core.package_identification:Package 'src/diagnostic_monitor' with type 'ros.ament_python' and name 'diagnostic_monitor'
[0.323s] Level 1:colcon.colcon_core.package_identification:_identify(src/rca_test_system) by extensions ['ignore', 'ignore_ament_install']
[0.323s] Level 1:colcon.colcon_core.package_identification:_identify(src/rca_test_system) by extension 'ignore'
[0.323s] Level 1:colcon.colcon_core.package_identification:_identify(src/rca_test_system) by extension 'ignore_ament_install'
[0.323s] Level 1:colcon.colcon_core.package_identification:_identify(src/rca_test_system) by extensions ['colcon_pkg']
[0.323s] Level 1:colcon.colcon_core.package_identification:_identify(src/rca_test_system) by extension 'colcon_pkg'
[0.323s] Level 1:colcon.colcon_core.package_identification:_identify(src/rca_test_system) by extensions ['colcon_meta']
[0.323s] Level 1:colcon.colcon_core.package_identification:_identify(src/rca_test_system) by extension 'colcon_meta'
[0.323s] Level 1:colcon.colcon_core.package_identification:_identify(src/rca_test_system) by extensions ['ros']
[0.323s] Level 1:colcon.colcon_core.package_identification:_identify(src/rca_test_system) by extension 'ros'
[0.324s] DEBUG:colcon.colcon_core.package_identification:Package 'src/rca_test_system' with type 'ros.ament_python' and name 'rca_test_system'
[0.324s] Level 1:colcon.colcon_core.package_discovery:discover_packages(recursive) using defaults
[0.324s] Level 1:colcon.colcon_core.package_discovery:discover_packages(ignore) discover
[0.324s] Level 1:colcon.colcon_core.package_discovery:discover_packages(ignore) using defaults
[0.324s] Level 1:colcon.colcon_core.package_discovery:discover_packages(path) discover
[0.324s] Level 1:colcon.colcon_core.package_discovery:discover_packages(path) using defaults
[0.350s] Level 1:colcon.colcon_core.package_discovery:discover_packages(prefix_path) check parameters
[0.350s] Level 1:colcon.colcon_core.package_discovery:discover_packages(prefix_path) discover
[0.361s] DEBUG:colcon.colcon_installed_package_information.package_discovery:Found 496 installed packages in /opt/ros/jazzy
[0.363s] Level 1:colcon.colcon_core.package_discovery:discover_packages(prefix_path) using defaults
[0.429s] Level 5:colcon.colcon_core.verb:set package 'diagnostic_monitor' build argument 'cmake_args' from command line to '['-DCMAKE_EXPORT_COMPILE_COMMANDS=ON']'
[0.429s] Level 5:colcon.colcon_core.verb:set package 'diagnostic_monitor' build argument 'cmake_target' from command line to 'None'
[0.429s] Level 5:colcon.colcon_core.verb:set package 'diagnostic_monitor' build argument 'cmake_target_skip_unavailable' from command line to 'False'
[0.429s] Level 5:colcon.colcon_core.verb:set package 'diagnostic_monitor' build argument 'cmake_clean_cache' from command line to 'False'
[0.429s] Level 5:colcon.colcon_core.verb:set package 'diagnostic_monitor' build argument 'cmake_clean_first' from command line to 'False'
[0.429s] Level 5:colcon.colcon_core.verb:set package 'diagnostic_monitor' build argument 'cmake_force_configure' from command line to 'False'
[0.429s] Level 5:colcon.colcon_core.verb:set package 'diagnostic_monitor' build argument 'ament_cmake_args' from command line to 'None'
[0.429s] Level 5:colcon.colcon_core.verb:set package 'diagnostic_monitor' build argument 'catkin_cmake_args' from command line to 'None'
[0.429s] Level 5:colcon.colcon_core.verb:set package 'diagnostic_monitor' build argument 'catkin_skip_building_tests' from command line to 'False'
[0.429s] DEBUG:colcon.colcon_core.verb:Building package 'diagnostic_monitor' with the following arguments: {'ament_cmake_args': None, 'build_base': '/home/lynx/ros2_rca_ws/build/diagnostic_monitor', 'catkin_cmake_args': None, 'catkin_skip_building_tests': False, 'cmake_args': ['-DCMAKE_EXPORT_COMPILE_COMMANDS=ON'], 'cmake_clean_cache': False, 'cmake_clean_first': False, 'cmake_force_configure': False, 'cmake_target': None, 'cmake_target_skip_unavailable': False, 'install_base': '/home/lynx/ros2_rca_ws/install/diagnostic_monitor', 'merge_install': False, 'path': '/home/lynx/ros2_rca_ws/src/diagnostic_monitor', 'symlink_install': True, 'test_result_base': None}
[0.429s] Level 5:colcon.colcon_core.verb:set package 'rca_test_system' build argument 'cmake_args' from command line to '['-DCMAKE_EXPORT_COMPILE_COMMANDS=ON']'
[0.429s] Level 5:colcon.colcon_core.verb:set package 'rca_test_system' build argument 'cmake_target' from command line to 'None'
[0.429s] Level 5:colcon.colcon_core.verb:set package 'rca_test_system' build argument 'cmake_target_skip_unavailable' from command line to 'False'
[0.429s] Level 5:colcon.colcon_core.verb:set package 'rca_test_system' build argument 'cmake_clean_cache' from command line to 'False'
[0.429s] Level 5:colcon.colcon_core.verb:set package 'rca_test_system' build argument 'cmake_clean_first' from command line to 'False'
[0.429s] Level 5:colcon.colcon_core.verb:set package 'rca_test_system' build argument 'cmake_force_configure' from command line to 'False'
[0.429s] Level 5:colcon.colcon_core.verb:set package 'rca_test_system' build argument 'ament_cmake_args' from command line to 'None'
[0.429s] Level 5:colcon.colcon_core.verb:set package 'rca_test_system' build argument 'catkin_cmake_args' from command line to 'None'
[0.429s] Level 5:colcon.colcon_core.verb:set package 'rca_test_system' build argument 'catkin_skip_building_tests' from command line to 'False'
[0.429s] DEBUG:colcon.colcon_core.verb:Building package 'rca_test_system' with the following arguments: {'ament_cmake_args': None, 'build_base': '/home/lynx/ros2_rca_ws/build/rca_test_system', 'catkin_cmake_args': None, 'catkin_skip_building_tests': False, 'cmake_args': ['-DCMAKE_EXPORT_COMPILE_COMMANDS=ON'], 'cmake_clean_cache': False, 'cmake_clean_first': False, 'cmake_force_configure': False, 'cmake_target': None, 'cmake_target_skip_unavailable': False, 'install_base': '/home/lynx/ros2_rca_ws/install/rca_test_system', 'merge_install': False, 'path': '/home/lynx/ros2_rca_ws/src/rca_test_system', 'symlink_install': True, 'test_result_base': None}
[0.429s] INFO:colcon.colcon_core.executor:Executing jobs using 'parallel' executor
[0.431s] DEBUG:colcon.colcon_parallel_executor.executor.parallel:run_until_complete
[0.431s] INFO:colcon.colcon_ros.task.ament_python.build:Building ROS package in '/home/lynx/ros2_rca_ws/src/diagnostic_monitor' with build type 'ament_python'
[0.432s] Level 1:colcon.colcon_core.shell:create_environment_hook('diagnostic_monitor', 'ament_prefix_path')
[0.439s] INFO:colcon.colcon_core.plugin_system:Skipping extension 'colcon_core.shell.bat': Not used on non-Windows systems
[0.440s] INFO:colcon.colcon_core.shell:Creating environment hook '/home/lynx/ros2_rca_ws/install/diagnostic_monitor/share/diagnostic_monitor/hook/ament_prefix_path.ps1'
[0.443s] INFO:colcon.colcon_core.shell:Creating environment descriptor '/home/lynx/ros2_rca_ws/install/diagnostic_monitor/share/diagnostic_monitor/hook/ament_prefix_path.dsv'
[0.444s] INFO:colcon.colcon_core.shell:Creating environment hook '/home/lynx/ros2_rca_ws/install/diagnostic_monitor/share/diagnostic_monitor/hook/ament_prefix_path.sh'
[0.445s] INFO:colcon.colcon_core.shell:Skip shell extension 'powershell' for command environment: Not usable outside of PowerShell
[0.445s] DEBUG:colcon.colcon_core.shell:Skip shell extension 'dsv' for command environment
[0.450s] INFO:colcon.colcon_ros.task.ament_python.build:Building ROS package in '/home/lynx/ros2_rca_ws/src/rca_test_system' with build type 'ament_python'
[0.450s] Level 1:colcon.colcon_core.shell:create_environment_hook('rca_test_system', 'ament_prefix_path')
[0.451s] INFO:colcon.colcon_core.shell:Creating environment hook '/home/lynx/ros2_rca_ws/install/rca_test_system/share/rca_test_system/hook/ament_prefix_path.ps1'
[0.452s] INFO:colcon.colcon_core.shell:Creating environment descriptor '/home/lynx/ros2_rca_ws/install/rca_test_system/share/rca_test_system/hook/ament_prefix_path.dsv'
[0.453s] INFO:colcon.colcon_core.shell:Creating environment hook '/home/lynx/ros2_rca_ws/install/rca_test_system/share/rca_test_system/hook/ament_prefix_path.sh'
[0.454s] INFO:colcon.colcon_core.shell:Skip shell extension 'powershell' for command environment: Not usable outside of PowerShell
[0.454s] DEBUG:colcon.colcon_core.shell:Skip shell extension 'dsv' for command environment
[0.718s] INFO:colcon.colcon_core.task.python.build:Building Python package in '/home/lynx/ros2_rca_ws/src/diagnostic_monitor'
[0.718s] INFO:colcon.colcon_core.shell:Skip shell extension 'powershell' for command environment: Not usable outside of PowerShell
[0.718s] DEBUG:colcon.colcon_core.shell:Skip shell extension 'dsv' for command environment
[0.979s] INFO:colcon.colcon_core.task.python.build:Building Python package in '/home/lynx/ros2_rca_ws/src/rca_test_system'
[0.979s] INFO:colcon.colcon_core.shell:Skip shell extension 'powershell' for command environment: Not usable outside of PowerShell
[0.979s] DEBUG:colcon.colcon_core.shell:Skip shell extension 'dsv' for command environment
[2.100s] DEBUG:colcon.colcon_core.task.python.build:Available setuptools commands: symlink_data, register, install_egg_info, install_scripts, upload_docs, bdist, test, build_ext, dist_info, bdist_egg, saveopts, sdist, bdist_dumb, install_lib, develop, editable_wheel, extract_messages, install, easy_install, build_clib, install_data, egg_info, clean, bdist_rpm, update_catalog, upload, alias, install_headers, rotate, init_catalog, build, build_scripts, check, setopt, build_py, compile_catalog
[2.101s] DEBUG:colcon.colcon_core.task.python.build:Available setuptools commands: symlink_data, register, install_egg_info, install_scripts, upload_docs, bdist, test, build_ext, dist_info, bdist_egg, saveopts, sdist, bdist_dumb, install_lib, develop, editable_wheel, extract_messages, install, easy_install, build_clib, install_data, egg_info, clean, bdist_rpm, update_catalog, upload, alias, install_headers, rotate, init_catalog, build, build_scripts, check, setopt, build_py, compile_catalog
[2.529s] DEBUG:colcon.colcon_core.task.python.build:Available setuptools 'develop' options: --no-user-cfg, --dry-run, --prefix, --site-dirs, --editable, --optimize, --version, --record, --index-url, --script-dir, --always-copy, --find-links, --no-find-links, --no-deps, --user, --install-layout, --help, --force-installation-into-system-dir, --install-dir, --allow-hosts, --zip-ok, --quiet, --upgrade, --uninstall, --build-directory, --always-unzip, --verbose, --egg-path, --local-snapshots-ok, --multi-version, --exclude-scripts
[2.533s] DEBUG:colcon.colcon_core.event_handler.log_command:Invoking command in '/home/lynx/ros2_rca_ws/build/diagnostic_monitor': PYTHONPATH=/home/lynx/ros2_rca_ws/build/diagnostic_monitor/prefix_override:/usr/lib/python3/dist-packages/colcon_core/task/python/colcon_distutils_commands:/home/lynx/ros2_rca_ws/install/diagnostic_monitor/lib/python3.12/site-packages:${PYTHONPATH} /usr/bin/python3 -W ignore:setup.py install is deprecated -W ignore:easy_install command is deprecated setup.py develop --editable --build-directory /home/lynx/ros2_rca_ws/build/diagnostic_monitor/build --no-deps symlink_data
[2.542s] DEBUG:colcon.colcon_core.task.python.build:Available setuptools 'develop' options: --no-user-cfg, --dry-run, --prefix, --site-dirs, --editable, --optimize, --version, --record, --index-url, --script-dir, --always-copy, --find-links, --no-find-links, --no-deps, --user, --install-layout, --help, --force-installation-into-system-dir, --install-dir, --allow-hosts, --zip-ok, --quiet, --upgrade, --uninstall, --build-directory, --always-unzip, --verbose, --egg-path, --local-snapshots-ok, --multi-version, --exclude-scripts
[2.546s] DEBUG:colcon.colcon_core.event_handler.log_command:Invoking command in '/home/lynx/ros2_rca_ws/build/rca_test_system': PYTHONPATH=/home/lynx/ros2_rca_ws/build/rca_test_system/prefix_override:/usr/lib/python3/dist-packages/colcon_core/task/python/colcon_distutils_commands:/home/lynx/ros2_rca_ws/install/rca_test_system/lib/python3.12/site-packages:${PYTHONPATH} /usr/bin/python3 -W ignore:setup.py install is deprecated -W ignore:easy_install command is deprecated setup.py develop --editable --build-directory /home/lynx/ros2_rca_ws/build/rca_test_system/build --no-deps symlink_data
[3.343s] Level 1:colcon.colcon_core.shell:create_environment_hook('diagnostic_monitor', 'pythonpath_develop')
[3.343s] DEBUG:colcon.colcon_core.event_handler.log_command:Invoked command in '/home/lynx/ros2_rca_ws/build/diagnostic_monitor' returned '0': PYTHONPATH=/home/lynx/ros2_rca_ws/build/diagnostic_monitor/prefix_override:/usr/lib/python3/dist-packages/colcon_core/task/python/colcon_distutils_commands:/home/lynx/ros2_rca_ws/install/diagnostic_monitor/lib/python3.12/site-packages:${PYTHONPATH} /usr/bin/python3 -W ignore:setup.py install is deprecated -W ignore:easy_install command is deprecated setup.py develop --editable --build-directory /home/lynx/ros2_rca_ws/build/diagnostic_monitor/build --no-deps symlink_data
[3.343s] INFO:colcon.colcon_core.shell:Creating environment hook '/home/lynx/ros2_rca_ws/build/diagnostic_monitor/share/diagnostic_monitor/hook/pythonpath_develop.ps1'
[3.345s] INFO:colcon.colcon_core.shell:Creating environment descriptor '/home/lynx/ros2_rca_ws/build/diagnostic_monitor/share/diagnostic_monitor/hook/pythonpath_develop.dsv'
[3.345s] INFO:colcon.colcon_core.shell:Creating environment hook '/home/lynx/ros2_rca_ws/build/diagnostic_monitor/share/diagnostic_monitor/hook/pythonpath_develop.sh'
[3.354s] Level 1:colcon.colcon_core.environment:checking '/home/lynx/ros2_rca_ws/install/diagnostic_monitor' for CMake module files
[3.355s] Level 1:colcon.colcon_core.environment:checking '/home/lynx/ros2_rca_ws/install/diagnostic_monitor' for CMake config files
[3.357s] Level 1:colcon.colcon_core.environment:checking '/home/lynx/ros2_rca_ws/install/diagnostic_monitor/lib'
[3.357s] Level 1:colcon.colcon_core.environment:checking '/home/lynx/ros2_rca_ws/install/diagnostic_monitor/bin'
[3.357s] Level 1:colcon.colcon_core.environment:checking '/home/lynx/ros2_rca_ws/install/diagnostic_monitor/lib/pkgconfig/diagnostic_monitor.pc'
[3.357s] Level 1:colcon.colcon_core.environment:checking '/home/lynx/ros2_rca_ws/install/diagnostic_monitor/lib/python3.12/site-packages'
[3.358s] Level 1:colcon.colcon_core.shell:create_environment_hook('diagnostic_monitor', 'pythonpath')
[3.358s] INFO:colcon.colcon_core.shell:Creating environment hook '/home/lynx/ros2_rca_ws/install/diagnostic_monitor/share/diagnostic_monitor/hook/pythonpath.ps1'
[3.358s] INFO:colcon.colcon_core.shell:Creating environment descriptor '/home/lynx/ros2_rca_ws/install/diagnostic_monitor/share/diagnostic_monitor/hook/pythonpath.dsv'
[3.359s] INFO:colcon.colcon_core.shell:Creating environment hook '/home/lynx/ros2_rca_ws/install/diagnostic_monitor/share/diagnostic_monitor/hook/pythonpath.sh'
[3.359s] Level 1:colcon.colcon_core.environment:checking '/home/lynx/ros2_rca_ws/install/diagnostic_monitor/bin'
[3.359s] Level 1:colcon.colcon_core.environment:create_environment_scripts_only(diagnostic_monitor)
[3.360s] INFO:colcon.colcon_core.shell:Creating package script '/home/lynx/ros2_rca_ws/install/diagnostic_monitor/share/diagnostic_monitor/package.ps1'
[3.361s] INFO:colcon.colcon_core.shell:Creating package descriptor '/home/lynx/ros2_rca_ws/install/diagnostic_monitor/share/diagnostic_monitor/package.dsv'
[3.362s] INFO:colcon.colcon_core.shell:Creating package script '/home/lynx/ros2_rca_ws/install/diagnostic_monitor/share/diagnostic_monitor/package.sh'
[3.363s] INFO:colcon.colcon_core.shell:Creating package script '/home/lynx/ros2_rca_ws/install/diagnostic_monitor/share/diagnostic_monitor/package.bash'
[3.364s] INFO:colcon.colcon_core.shell:Creating package script '/home/lynx/ros2_rca_ws/install/diagnostic_monitor/share/diagnostic_monitor/package.zsh'
[3.377s] Level 1:colcon.colcon_core.environment:create_file_with_runtime_dependencies(/home/lynx/ros2_rca_ws/install/diagnostic_monitor/share/colcon-core/packages/diagnostic_monitor)
[3.378s] Level 1:colcon.colcon_core.shell:create_environment_hook('rca_test_system', 'pythonpath_develop')
[3.378s] INFO:colcon.colcon_core.shell:Creating environment hook '/home/lynx/ros2_rca_ws/build/rca_test_system/share/rca_test_system/hook/pythonpath_develop.ps1'
[3.379s] DEBUG:colcon.colcon_core.event_handler.log_command:Invoked command in '/home/lynx/ros2_rca_ws/build/rca_test_system' returned '0': PYTHONPATH=/home/lynx/ros2_rca_ws/build/rca_test_system/prefix_override:/usr/lib/python3/dist-packages/colcon_core/task/python/colcon_distutils_commands:/home/lynx/ros2_rca_ws/install/rca_test_system/lib/python3.12/site-packages:${PYTHONPATH} /usr/bin/python3 -W ignore:setup.py install is deprecated -W ignore:easy_install command is deprecated setup.py develop --editable --build-directory /home/lynx/ros2_rca_ws/build/rca_test_system/build --no-deps symlink_data
[3.380s] INFO:colcon.colcon_core.shell:Creating environment descriptor '/home/lynx/ros2_rca_ws/build/rca_test_system/share/rca_test_system/hook/pythonpath_develop.dsv'
[3.380s] INFO:colcon.colcon_core.shell:Creating environment hook '/home/lynx/ros2_rca_ws/build/rca_test_system/share/rca_test_system/hook/pythonpath_develop.sh'
[3.381s] Level 1:colcon.colcon_core.environment:checking '/home/lynx/ros2_rca_ws/install/rca_test_system' for CMake module files
[3.382s] Level 1:colcon.colcon_core.environment:checking '/home/lynx/ros2_rca_ws/install/rca_test_system' for CMake config files
[3.383s] Level 1:colcon.colcon_core.environment:checking '/home/lynx/ros2_rca_ws/install/rca_test_system/lib'
[3.383s] Level 1:colcon.colcon_core.environment:checking '/home/lynx/ros2_rca_ws/install/rca_test_system/bin'
[3.383s] Level 1:colcon.colcon_core.environment:checking '/home/lynx/ros2_rca_ws/install/rca_test_system/lib/pkgconfig/rca_test_system.pc'
[3.383s] Level 1:colcon.colcon_core.environment:checking '/home/lynx/ros2_rca_ws/install/rca_test_system/lib/python3.12/site-packages'
[3.383s] Level 1:colcon.colcon_core.shell:create_environment_hook('rca_test_system', 'pythonpath')
[3.384s] INFO:colcon.colcon_core.shell:Creating environment hook '/home/lynx/ros2_rca_ws/install/rca_test_system/share/rca_test_system/hook/pythonpath.ps1'
[3.384s] INFO:colcon.colcon_core.shell:Creating environment descriptor '/home/lynx/ros2_rca_ws/install/rca_test_system/share/rca_test_system/hook/pythonpath.dsv'
[3.384s] INFO:colcon.colcon_core.shell:Creating environment hook '/home/lynx/ros2_rca_ws/install/rca_test_system/share/rca_test_system/hook/pythonpath.sh'
[3.385s] Level 1:colcon.colcon_core.environment:checking '/home/lynx/ros2_rca_ws/install/rca_test_system/bin'
[3.385s] Level 1:colcon.colcon_core.environment:create_environment_scripts_only(rca_test_system)
[3.385s] INFO:colcon.colcon_core.shell:Creating package script '/home/lynx/ros2_rca_ws/install/rca_test_system/share/rca_test_system/package.ps1'
[3.386s] INFO:colcon.colcon_core.shell:Creating package descriptor '/home/lynx/ros2_rca_ws/install/rca_test_system/share/rca_test_system/package.dsv'
[3.387s] INFO:colcon.colcon_core.shell:Creating package script '/home/lynx/ros2_rca_ws/install/rca_test_system/share/rca_test_system/package.sh'
[3.387s] INFO:colcon.colcon_core.shell:Creating package script '/home/lynx/ros2_rca_ws/install/rca_test_system/share/rca_test_system/package.bash'
[3.387s] INFO:colcon.colcon_core.shell:Creating package script '/home/lynx/ros2_rca_ws/install/rca_test_system/share/rca_test_system/package.zsh'
[3.388s] Level 1:colcon.colcon_core.environment:create_file_with_runtime_dependencies(/home/lynx/ros2_rca_ws/install/rca_test_system/share/colcon-core/packages/rca_test_system)
[3.388s] DEBUG:colcon.colcon_parallel_executor.executor.parallel:closing loop
[3.388s] DEBUG:colcon.colcon_parallel_executor.executor.parallel:loop closed
[3.388s] DEBUG:colcon.colcon_parallel_executor.executor.parallel:run_until_complete finished with '0'
[3.388s] DEBUG:colcon.colcon_core.event_reactor:joining thread
[3.389s] DEBUG:colcon.colcon_core.event_reactor:joined thread
[3.389s] INFO:colcon.colcon_core.shell:Creating prefix script '/home/lynx/ros2_rca_ws/install/local_setup.ps1'
[3.390s] INFO:colcon.colcon_core.shell:Creating prefix util module '/home/lynx/ros2_rca_ws/install/_local_setup_util_ps1.py'
[3.392s] INFO:colcon.colcon_core.shell:Creating prefix chain script '/home/lynx/ros2_rca_ws/install/setup.ps1'
[3.395s] INFO:colcon.colcon_core.shell:Creating prefix script '/home/lynx/ros2_rca_ws/install/local_setup.sh'
[3.396s] INFO:colcon.colcon_core.shell:Creating prefix util module '/home/lynx/ros2_rca_ws/install/_local_setup_util_sh.py'
[3.397s] INFO:colcon.colcon_core.shell:Creating prefix chain script '/home/lynx/ros2_rca_ws/install/setup.sh'
[3.398s] INFO:colcon.colcon_core.shell:Creating prefix script '/home/lynx/ros2_rca_ws/install/local_setup.bash'
[3.399s] INFO:colcon.colcon_core.shell:Creating prefix chain script '/home/lynx/ros2_rca_ws/install/setup.bash'
[3.401s] INFO:colcon.colcon_core.shell:Creating prefix script '/home/lynx/ros2_rca_ws/install/local_setup.zsh'
[3.401s] INFO:colcon.colcon_core.shell:Creating prefix chain script '/home/lynx/ros2_rca_ws/install/setup.zsh'
