[0.000000] (-) TimerEvent: {}
[0.004039] (diagnostic_monitor) JobQueued: {'identifier': 'diagnostic_monitor', 'dependencies': OrderedDict()}
[0.005168] (rca_test_system) JobQueued: {'identifier': 'rca_test_system', 'dependencies': OrderedDict()}
[0.006353] (diagnostic_monitor) JobStarted: {'identifier': 'diagnostic_monitor'}
[0.032484] (rca_test_system) JobStarted: {'identifier': 'rca_test_system'}
[0.098524] (-) TimerEvent: {}
[0.198803] (-) TimerEvent: {}
[0.299063] (-) TimerEvent: {}
[0.399369] (-) TimerEvent: {}
[0.499645] (-) TimerEvent: {}
[0.599996] (-) TimerEvent: {}
[0.700283] (-) TimerEvent: {}
[0.800580] (-) TimerEvent: {}
[0.900907] (-) TimerEvent: {}
[1.001240] (-) TimerEvent: {}
[1.101556] (-) TimerEvent: {}
[1.201839] (-) TimerEvent: {}
[1.302108] (-) TimerEvent: {}
[1.402415] (-) TimerEvent: {}
[1.502704] (-) TimerEvent: {}
[1.602990] (-) TimerEvent: {}
[1.703275] (-) TimerEvent: {}
[1.803568] (-) TimerEvent: {}
[1.903854] (-) TimerEvent: {}
[2.004126] (-) TimerEvent: {}
[2.104392] (-) TimerEvent: {}
[2.204666] (-) TimerEvent: {}
[2.304950] (-) TimerEvent: {}
[2.405220] (-) TimerEvent: {}
[2.505510] (-) TimerEvent: {}
[2.605791] (-) TimerEvent: {}
[2.706126] (-) TimerEvent: {}
[2.806846] (-) TimerEvent: {}
[2.907134] (-) TimerEvent: {}
[3.007601] (-) TimerEvent: {}
[3.107962] (-) TimerEvent: {}
[3.208225] (-) TimerEvent: {}
[3.308460] (-) TimerEvent: {}
[3.408693] (-) TimerEvent: {}
[3.508981] (-) TimerEvent: {}
[3.609305] (-) TimerEvent: {}
[3.638434] (rca_test_system) Command: {'cmd': ['/usr/bin/python3', '-W', 'ignore:setup.py install is deprecated', '-W', 'ignore:easy_install command is deprecated', 'setup.py', 'develop', '--editable', '--build-directory', '/home/lynx/ros2_rca_ws/build/rca_test_system/build', '--no-deps', 'symlink_data'], 'cwd': '/home/lynx/ros2_rca_ws/build/rca_test_system', 'env': {'GZ_SIM_RESOURCE_PATH': '/opt/ros/jazzy/share', 'USER': 'lynx', 'SSH_CLIENT': '172.31.224.1 58394 22', 'GZ_CONFIG_PATH': '/opt/ros/jazzy/opt/gz_sim_vendor/share/gz:/opt/ros/jazzy/opt/sdformat_vendor/share/gz:/opt/ros/jazzy/opt/gz_gui_vendor/share/gz:/opt/ros/jazzy/opt/gz_transport_vendor/share/gz:/opt/ros/jazzy/opt/gz_rendering_vendor/share/gz:/opt/ros/jazzy/opt/gz_plugin_vendor/share/gz:/opt/ros/jazzy/opt/gz_fuel_tools_vendor/share/gz:/opt/ros/jazzy/opt/gz_msgs_vendor/share/gz:/opt/ros/jazzy/opt/gz_common_vendor/share/gz', 'XDG_SESSION_TYPE': 'tty', 'SHLVL': '1', 'LD_LIBRARY_PATH': '/opt/ros/jazzy/opt/gz_sim_vendor/lib:/opt/ros/jazzy/opt/gz_sensors_vendor/lib:/opt/ros/jazzy/opt/gz_physics_vendor/lib:/opt/ros/jazzy/opt/sdformat_vendor/lib:/opt/ros/jazzy/opt/rviz_ogre_vendor/lib:/opt/ros/jazzy/lib/x86_64-linux-gnu:/opt/ros/jazzy/opt/gz_gui_vendor/lib:/opt/ros/jazzy/opt/gz_transport_vendor/lib:/opt/ros/jazzy/opt/gz_rendering_vendor/lib:/opt/ros/jazzy/opt/gz_plugin_vendor/lib:/opt/ros/jazzy/opt/gz_fuel_tools_vendor/lib:/opt/ros/jazzy/opt/gz_msgs_vendor/lib:/opt/ros/jazzy/opt/gz_common_vendor/lib:/opt/ros/jazzy/opt/gz_math_vendor/lib:/opt/ros/jazzy/opt/gz_utils_vendor/lib:/opt/ros/jazzy/opt/gz_tools_vendor/lib:/opt/ros/jazzy/opt/gz_ogre_next_vendor/lib:/opt/ros/jazzy/opt/gz_dartsim_vendor/lib:/opt/ros/jazzy/opt/gz_cmake_vendor/lib:/opt/ros/jazzy/lib', 'HOME': '/home/lynx', 'OLDPWD': '/home/lynx', 'ROS_PYTHON_VERSION': '3', 'DBUS_SESSION_BUS_ADDRESS': 'unix:path=/run/user/1000/bus', 'ROS_DISTRO': 'jazzy', 'LOGNAME': 'lynx', '_': '/usr/bin/colcon', 'ROS_VERSION': '2', 'XDG_SESSION_CLASS': 'user', 'XDG_SESSION_ID': '60', 'PATH': '/opt/ros/jazzy/opt/gz_msgs_vendor/bin:/opt/ros/jazzy/opt/gz_tools_vendor/bin:/opt/ros/jazzy/opt/gz_ogre_next_vendor/bin:/opt/ros/jazzy/bin:/usr/local/sbin:/usr/local/bin:/usr/sbin:/usr/bin:/sbin:/bin:/usr/games:/usr/local/games:/snap/bin', 'XDG_RUNTIME_DIR': '/run/user/1000', 'LANG': 'C.UTF-8', 'AMENT_PREFIX_PATH': '/opt/ros/jazzy', 'SHELL': '/bin/bash', 'ROS_AUTOMATIC_DISCOVERY_RANGE': 'SUBNET', 'PWD': '/home/lynx/ros2_rca_ws/build/rca_test_system', 'SSH_CONNECTION': '172.31.224.1 58394 172.31.234.249 22', 'PYTHONPATH': '/home/lynx/ros2_rca_ws/build/rca_test_system/prefix_override:/usr/lib/python3/dist-packages/colcon_core/task/python/colcon_distutils_commands:/home/lynx/ros2_rca_ws/install/rca_test_system/lib/python3.12/site-packages:/opt/ros/jazzy/lib/python3.12/site-packages', 'COLCON': '1', 'CMAKE_PREFIX_PATH': '/opt/ros/jazzy/opt/gz_sim_vendor:/opt/ros/jazzy/opt/gz_sensors_vendor:/opt/ros/jazzy/opt/gz_physics_vendor:/opt/ros/jazzy/opt/sdformat_vendor:/opt/ros/jazzy/opt/gz_gui_vendor:/opt/ros/jazzy/opt/gz_transport_vendor:/opt/ros/jazzy/opt/gz_rendering_vendor:/opt/ros/jazzy/opt/gz_plugin_vendor:/opt/ros/jazzy/opt/gz_fuel_tools_vendor:/opt/ros/jazzy/opt/gz_msgs_vendor:/opt/ros/jazzy/opt/gz_common_vendor:/opt/ros/jazzy/opt/gz_math_vendor:/opt/ros/jazzy/opt/gz_utils_vendor:/opt/ros/jazzy/opt/gz_tools_vendor:/opt/ros/jazzy/opt/gz_ogre_next_vendor:/opt/ros/jazzy/opt/gz_dartsim_vendor:/opt/ros/jazzy/opt/gz_cmake_vendor'}, 'shell': False}
[3.655334] (diagnostic_monitor) Command: {'cmd': ['/usr/bin/python3', '-W', 'ignore:setup.py install is deprecated', '-W', 'ignore:easy_install command is deprecated', 'setup.py', 'develop', '--editable', '--build-directory', '/home/lynx/ros2_rca_ws/build/diagnostic_monitor/build', '--no-deps', 'symlink_data'], 'cwd': '/home/lynx/ros2_rca_ws/build/diagnostic_monitor', 'env': {'GZ_SIM_RESOURCE_PATH': '/opt/ros/jazzy/share', 'USER': 'lynx', 'SSH_CLIENT': '172.31.224.1 58394 22', 'GZ_CONFIG_PATH': '/opt/ros/jazzy/opt/gz_sim_vendor/share/gz:/opt/ros/jazzy/opt/sdformat_vendor/share/gz:/opt/ros/jazzy/opt/gz_gui_vendor/share/gz:/opt/ros/jazzy/opt/gz_transport_vendor/share/gz:/opt/ros/jazzy/opt/gz_rendering_vendor/share/gz:/opt/ros/jazzy/opt/gz_plugin_vendor/share/gz:/opt/ros/jazzy/opt/gz_fuel_tools_vendor/share/gz:/opt/ros/jazzy/opt/gz_msgs_vendor/share/gz:/opt/ros/jazzy/opt/gz_common_vendor/share/gz', 'XDG_SESSION_TYPE': 'tty', 'SHLVL': '1', 'LD_LIBRARY_PATH': '/opt/ros/jazzy/opt/gz_sim_vendor/lib:/opt/ros/jazzy/opt/gz_sensors_vendor/lib:/opt/ros/jazzy/opt/gz_physics_vendor/lib:/opt/ros/jazzy/opt/sdformat_vendor/lib:/opt/ros/jazzy/opt/rviz_ogre_vendor/lib:/opt/ros/jazzy/lib/x86_64-linux-gnu:/opt/ros/jazzy/opt/gz_gui_vendor/lib:/opt/ros/jazzy/opt/gz_transport_vendor/lib:/opt/ros/jazzy/opt/gz_rendering_vendor/lib:/opt/ros/jazzy/opt/gz_plugin_vendor/lib:/opt/ros/jazzy/opt/gz_fuel_tools_vendor/lib:/opt/ros/jazzy/opt/gz_msgs_vendor/lib:/opt/ros/jazzy/opt/gz_common_vendor/lib:/opt/ros/jazzy/opt/gz_math_vendor/lib:/opt/ros/jazzy/opt/gz_utils_vendor/lib:/opt/ros/jazzy/opt/gz_tools_vendor/lib:/opt/ros/jazzy/opt/gz_ogre_next_vendor/lib:/opt/ros/jazzy/opt/gz_dartsim_vendor/lib:/opt/ros/jazzy/opt/gz_cmake_vendor/lib:/opt/ros/jazzy/lib', 'HOME': '/home/lynx', 'OLDPWD': '/home/lynx', 'ROS_PYTHON_VERSION': '3', 'DBUS_SESSION_BUS_ADDRESS': 'unix:path=/run/user/1000/bus', 'ROS_DISTRO': 'jazzy', 'LOGNAME': 'lynx', '_': '/usr/bin/colcon', 'ROS_VERSION': '2', 'XDG_SESSION_CLASS': 'user', 'XDG_SESSION_ID': '60', 'PATH': '/opt/ros/jazzy/opt/gz_msgs_vendor/bin:/opt/ros/jazzy/opt/gz_tools_vendor/bin:/opt/ros/jazzy/opt/gz_ogre_next_vendor/bin:/opt/ros/jazzy/bin:/usr/local/sbin:/usr/local/bin:/usr/sbin:/usr/bin:/sbin:/bin:/usr/games:/usr/local/games:/snap/bin', 'XDG_RUNTIME_DIR': '/run/user/1000', 'LANG': 'C.UTF-8', 'AMENT_PREFIX_PATH': '/opt/ros/jazzy', 'SHELL': '/bin/bash', 'ROS_AUTOMATIC_DISCOVERY_RANGE': 'SUBNET', 'PWD': '/home/lynx/ros2_rca_ws/build/diagnostic_monitor', 'SSH_CONNECTION': '172.31.224.1 58394 172.31.234.249 22', 'PYTHONPATH': '/home/lynx/ros2_rca_ws/build/diagnostic_monitor/prefix_override:/usr/lib/python3/dist-packages/colcon_core/task/python/colcon_distutils_commands:/home/lynx/ros2_rca_ws/install/diagnostic_monitor/lib/python3.12/site-packages:/opt/ros/jazzy/lib/python3.12/site-packages', 'COLCON': '1', 'CMAKE_PREFIX_PATH': '/opt/ros/jazzy/opt/gz_sim_vendor:/opt/ros/jazzy/opt/gz_sensors_vendor:/opt/ros/jazzy/opt/gz_physics_vendor:/opt/ros/jazzy/opt/sdformat_vendor:/opt/ros/jazzy/opt/gz_gui_vendor:/opt/ros/jazzy/opt/gz_transport_vendor:/opt/ros/jazzy/opt/gz_rendering_vendor:/opt/ros/jazzy/opt/gz_plugin_vendor:/opt/ros/jazzy/opt/gz_fuel_tools_vendor:/opt/ros/jazzy/opt/gz_msgs_vendor:/opt/ros/jazzy/opt/gz_common_vendor:/opt/ros/jazzy/opt/gz_math_vendor:/opt/ros/jazzy/opt/gz_utils_vendor:/opt/ros/jazzy/opt/gz_tools_vendor:/opt/ros/jazzy/opt/gz_ogre_next_vendor:/opt/ros/jazzy/opt/gz_dartsim_vendor:/opt/ros/jazzy/opt/gz_cmake_vendor'}, 'shell': False}
[3.709448] (-) TimerEvent: {}
[3.809768] (-) TimerEvent: {}
[3.910041] (-) TimerEvent: {}
[4.010336] (-) TimerEvent: {}
[4.110623] (-) TimerEvent: {}
[4.210955] (-) TimerEvent: {}
[4.311273] (-) TimerEvent: {}
[4.411578] (-) TimerEvent: {}
[4.511886] (rca_test_system) StdoutLine: {'line': b'running develop\n'}
[4.512154] (-) TimerEvent: {}
[4.549852] (diagnostic_monitor) StdoutLine: {'line': b'running develop\n'}
[4.612340] (-) TimerEvent: {}
[4.712647] (-) TimerEvent: {}
[4.812915] (-) TimerEvent: {}
[4.913209] (-) TimerEvent: {}
[5.013491] (-) TimerEvent: {}
[5.042069] (rca_test_system) StdoutLine: {'line': b'running egg_info\n'}
[5.079119] (diagnostic_monitor) StdoutLine: {'line': b'running egg_info\n'}
[5.085343] (rca_test_system) StdoutLine: {'line': b'writing rca_test_system.egg-info/PKG-INFO\n'}
[5.086473] (rca_test_system) StdoutLine: {'line': b'writing dependency_links to rca_test_system.egg-info/dependency_links.txt\n'}
[5.088822] (rca_test_system) StdoutLine: {'line': b'writing entry points to rca_test_system.egg-info/entry_points.txt\n'}
[5.090709] (rca_test_system) StdoutLine: {'line': b'writing requirements to rca_test_system.egg-info/requires.txt\n'}
[5.091147] (rca_test_system) StdoutLine: {'line': b'writing top-level names to rca_test_system.egg-info/top_level.txt\n'}
[5.113660] (-) TimerEvent: {}
[5.127174] (diagnostic_monitor) StdoutLine: {'line': b'writing diagnostic_monitor.egg-info/PKG-INFO\n'}
[5.127885] (diagnostic_monitor) StdoutLine: {'line': b'writing dependency_links to diagnostic_monitor.egg-info/dependency_links.txt\n'}
[5.128453] (diagnostic_monitor) StdoutLine: {'line': b'writing entry points to diagnostic_monitor.egg-info/entry_points.txt\n'}
[5.128813] (diagnostic_monitor) StdoutLine: {'line': b'writing requirements to diagnostic_monitor.egg-info/requires.txt\n'}
[5.129050] (diagnostic_monitor) StdoutLine: {'line': b'writing top-level names to diagnostic_monitor.egg-info/top_level.txt\n'}
[5.183856] (rca_test_system) StdoutLine: {'line': b"reading manifest file 'rca_test_system.egg-info/SOURCES.txt'\n"}
[5.186128] (rca_test_system) StdoutLine: {'line': b"writing manifest file 'rca_test_system.egg-info/SOURCES.txt'\n"}
[5.213831] (-) TimerEvent: {}
[5.226271] (diagnostic_monitor) StdoutLine: {'line': b"reading manifest file 'diagnostic_monitor.egg-info/SOURCES.txt'\n"}
[5.229823] (diagnostic_monitor) StdoutLine: {'line': b"writing manifest file 'diagnostic_monitor.egg-info/SOURCES.txt'\n"}
[5.236399] (rca_test_system) StdoutLine: {'line': b'running build_ext\n'}
[5.237497] (rca_test_system) StdoutLine: {'line': b'Creating /home/lynx/ros2_rca_ws/install/rca_test_system/lib/python3.12/site-packages/rca-test-system.egg-link (link to .)\n'}
[5.239813] (rca_test_system) StdoutLine: {'line': b'Installing experiment_controller script to /home/lynx/ros2_rca_ws/install/rca_test_system/lib/rca_test_system\n'}
[5.240615] (rca_test_system) StdoutLine: {'line': b'Installing fault_injector script to /home/lynx/ros2_rca_ws/install/rca_test_system/lib/rca_test_system\n'}
[5.245409] (rca_test_system) StdoutLine: {'line': b'Installing localization_node script to /home/lynx/ros2_rca_ws/install/rca_test_system/lib/rca_test_system\n'}
[5.245942] (rca_test_system) StdoutLine: {'line': b'Installing navigation_node script to /home/lynx/ros2_rca_ws/install/rca_test_system/lib/rca_test_system\n'}
[5.247022] (rca_test_system) StdoutLine: {'line': b'Installing perception_node script to /home/lynx/ros2_rca_ws/install/rca_test_system/lib/rca_test_system\n'}
[5.248264] (rca_test_system) StdoutLine: {'line': b'Installing sensor_node script to /home/lynx/ros2_rca_ws/install/rca_test_system/lib/rca_test_system\n'}
[5.248896] (rca_test_system) StdoutLine: {'line': b'\n'}
[5.249036] (rca_test_system) StdoutLine: {'line': b'Installed /home/lynx/ros2_rca_ws/build/rca_test_system\n'}
[5.249143] (rca_test_system) StdoutLine: {'line': b'running symlink_data\n'}
[5.295787] (diagnostic_monitor) StdoutLine: {'line': b'running build_ext\n'}
[5.296090] (diagnostic_monitor) StdoutLine: {'line': b'Creating /home/lynx/ros2_rca_ws/install/diagnostic_monitor/lib/python3.12/site-packages/diagnostic-monitor.egg-link (link to .)\n'}
[5.297126] (diagnostic_monitor) StdoutLine: {'line': b'Installing monitor_node script to /home/lynx/ros2_rca_ws/install/diagnostic_monitor/lib/diagnostic_monitor\n'}
[5.298079] (diagnostic_monitor) StdoutLine: {'line': b'Installing rca_cli script to /home/lynx/ros2_rca_ws/install/diagnostic_monitor/lib/diagnostic_monitor\n'}
[5.298684] (diagnostic_monitor) StdoutLine: {'line': b'\n'}
[5.298977] (diagnostic_monitor) StdoutLine: {'line': b'Installed /home/lynx/ros2_rca_ws/build/diagnostic_monitor\n'}
[5.299366] (diagnostic_monitor) StdoutLine: {'line': b'running symlink_data\n'}
[5.314047] (-) TimerEvent: {}
[5.361731] (rca_test_system) CommandEnded: {'returncode': 0}
[5.434265] (-) TimerEvent: {}
[5.437253] (rca_test_system) JobEnded: {'identifier': 'rca_test_system', 'rc': 0}
[5.446224] (diagnostic_monitor) CommandEnded: {'returncode': 0}
[5.480354] (diagnostic_monitor) JobEnded: {'identifier': 'diagnostic_monitor', 'rc': 0}
[5.482806] (-) EventReactorShutdown: {}
