running develop
running egg_info
creating diagnostic_monitor.egg-info
writing diagnostic_monitor.egg-info/PKG-INFO
writing dependency_links to diagnostic_monitor.egg-info/dependency_links.txt
writing entry points to diagnostic_monitor.egg-info/entry_points.txt
writing requirements to diagnostic_monitor.egg-info/requires.txt
writing top-level names to diagnostic_monitor.egg-info/top_level.txt
writing manifest file 'diagnostic_monitor.egg-info/SOURCES.txt'
reading manifest file 'diagnostic_monitor.egg-info/SOURCES.txt'
writing manifest file 'diagnostic_monitor.egg-info/SOURCES.txt'
running build_ext
Creating /home/lynx/ros2_rca_ws/install/diagnostic_monitor/lib/python3.12/site-packages/diagnostic-monitor.egg-link (link to .)
Installing monitor_node script to /home/lynx/ros2_rca_ws/install/diagnostic_monitor/lib/diagnostic_monitor
Installing rca_cli script to /home/lynx/ros2_rca_ws/install/diagnostic_monitor/lib/diagnostic_monitor

Installed /home/lynx/ros2_rca_ws/build/diagnostic_monitor
running symlink_data
creating /home/lynx/ros2_rca_ws/install/diagnostic_monitor/share/ament_index
creating /home/lynx/ros2_rca_ws/install/diagnostic_monitor/share/ament_index/resource_index
creating /home/lynx/ros2_rca_ws/install/diagnostic_monitor/share/ament_index/resource_index/packages
symbolically linking /home/lynx/ros2_rca_ws/build/diagnostic_monitor/resource/diagnostic_monitor -> /home/lynx/ros2_rca_ws/install/diagnostic_monitor/share/ament_index/resource_index/packages
symbolically linking /home/lynx/ros2_rca_ws/build/diagnostic_monitor/package.xml -> /home/lynx/ros2_rca_ws/install/diagnostic_monitor/share/diagnostic_monitor
creating /home/lynx/ros2_rca_ws/install/diagnostic_monitor/share/diagnostic_monitor/launch
symbolically linking /home/lynx/ros2_rca_ws/build/diagnostic_monitor/launch/monitor.launch.py -> /home/lynx/ros2_rca_ws/install/diagnostic_monitor/share/diagnostic_monitor/launch
creating /home/lynx/ros2_rca_ws/install/diagnostic_monitor/share/diagnostic_monitor/config
