[2.297s] Invoking command in '/home/lynx/ros2_rca_ws/build/diagnostic_monitor': DEBUGINFOD_URLS=https://debuginfod.ubuntu.com PYTHONPATH=/home/lynx/ros2_rca_ws/build/diagnostic_monitor/prefix_override:/usr/lib/python3/dist-packages/colcon_core/task/python/colcon_distutils_commands:/home/lynx/ros2_rca_ws/install/diagnostic_monitor/lib/python3.12/site-packages:${PYTHONPATH} /usr/bin/python3 -W ignore:setup.py install is deprecated -W ignore:easy_install command is deprecated setup.py develop --editable --build-directory /home/lynx/ros2_rca_ws/build/diagnostic_monitor/build --no-deps symlink_data
[2.760s] running develop
[3.158s] running egg_info
[3.158s] creating diagnostic_monitor.egg-info
[3.187s] writing diagnostic_monitor.egg-info/PKG-INFO
[3.188s] writing dependency_links to diagnostic_monitor.egg-info/dependency_links.txt
[3.188s] writing entry points to diagnostic_monitor.egg-info/entry_points.txt
[3.188s] writing requirements to diagnostic_monitor.egg-info/requires.txt
[3.189s] writing top-level names to diagnostic_monitor.egg-info/top_level.txt
[3.189s] writing manifest file 'diagnostic_monitor.egg-info/SOURCES.txt'
[3.249s] reading manifest file 'diagnostic_monitor.egg-info/SOURCES.txt'
[3.250s] writing manifest file 'diagnostic_monitor.egg-info/SOURCES.txt'
[3.277s] running build_ext
[3.277s] Creating /home/lynx/ros2_rca_ws/install/diagnostic_monitor/lib/python3.12/site-packages/diagnostic-monitor.egg-link (link to .)
[3.277s] Installing monitor_node script to /home/lynx/ros2_rca_ws/install/diagnostic_monitor/lib/diagnostic_monitor
[3.279s] Installing rca_cli script to /home/lynx/ros2_rca_ws/install/diagnostic_monitor/lib/diagnostic_monitor
[3.279s] 
[3.279s] Installed /home/lynx/ros2_rca_ws/build/diagnostic_monitor
[3.280s] running symlink_data
[3.280s] creating /home/lynx/ros2_rca_ws/install/diagnostic_monitor/share/ament_index
[3.280s] creating /home/lynx/ros2_rca_ws/install/diagnostic_monitor/share/ament_index/resource_index
[3.281s] creating /home/lynx/ros2_rca_ws/install/diagnostic_monitor/share/ament_index/resource_index/packages
[3.281s] symbolically linking /home/lynx/ros2_rca_ws/build/diagnostic_monitor/resource/diagnostic_monitor -> /home/lynx/ros2_rca_ws/install/diagnostic_monitor/share/ament_index/resource_index/packages
[3.282s] symbolically linking /home/lynx/ros2_rca_ws/build/diagnostic_monitor/package.xml -> /home/lynx/ros2_rca_ws/install/diagnostic_monitor/share/diagnostic_monitor
[3.282s] creating /home/lynx/ros2_rca_ws/install/diagnostic_monitor/share/diagnostic_monitor/launch
[3.283s] symbolically linking /home/lynx/ros2_rca_ws/build/diagnostic_monitor/launch/monitor.launch.py -> /home/lynx/ros2_rca_ws/install/diagnostic_monitor/share/diagnostic_monitor/launch
[3.283s] creating /home/lynx/ros2_rca_ws/install/diagnostic_monitor/share/diagnostic_monitor/config
[3.336s] Invoked command in '/home/lynx/ros2_rca_ws/build/diagnostic_monitor' returned '0': DEBUGINFOD_URLS=https://debuginfod.ubuntu.com PYTHONPATH=/home/lynx/ros2_rca_ws/build/diagnostic_monitor/prefix_override:/usr/lib/python3/dist-packages/colcon_core/task/python/colcon_distutils_commands:/home/lynx/ros2_rca_ws/install/diagnostic_monitor/lib/python3.12/site-packages:${PYTHONPATH} /usr/bin/python3 -W ignore:setup.py install is deprecated -W ignore:easy_install command is deprecated setup.py develop --editable --build-directory /home/lynx/ros2_rca_ws/build/diagnostic_monitor/build --no-deps symlink_data
