[INFO] [1790115503.908100690] [experiment_controller]: ExperimentController ready with DB: /home/lynx/ros2_rca_ws/events.db
[INFO] [1790115509.112235365] [experiment_controller]: >>> Cleared all faults.
[INFO] [1790115511.316067474] [experiment_controller]: >>> Injected noise on lidar_node (param=8.0, dur=10.0s)
[INFO] [1790115519.318246076] [experiment_controller]: >>> Cleared all faults.
[INFO] [1790115519.522158459] [experiment_controller]: >>> Cleared all faults.
[INFO] [1790115527.232529334] [experiment_controller]: >>> Injected crash on perception_node (param=0.0, dur=1.0s)
[INFO] [1790115537.235308695] [experiment_controller]: >>> Cleared all faults.
[INFO] [1790115537.440946589] [experiment_controller]: >>> Cleared all faults.
[INFO] [1790115540.146544255] [experiment_controller]: >>> Injected dropout on camera_node (param=1.0, dur=10.0s)
[INFO] [1790115550.152488208] [experiment_controller]: >>> Cleared all faults.
Event store: /home/lynx/ros2_rca_ws/events.db
Simulator backend: rca_sim
Waiting 5.0s (fault-free warm-up)...
warm-up 5.0s: anomalies 0, diagnoses 0
discovered graph: 9 nodes 9 edges: [('camera_node', 'perception_node'), ('control_node', 'sim_world'), ('imu_node', 'localization_node'), ('lidar_node', 'perception_node'), ('localization_node', 'planning_node'), ('odometry_node', 'localization_node'), ('perception_node', 'localization_node'), ('perception_node', 'planning_node'), ('planning_node', 'control_node')]

==============================================================================
S01 sensor degradation: LiDAR noise / invalid returns   [rep 0]
  faults: lidar_node:noise(p=8.0, +0.0s, 10.0s)
==============================================================================
  predicted=lidar_node  accepted=['lidar_node']  top1=PASS rank=1  det=0.165s diag=0.495s FDR=0.0 chain_acc=1.0 phys_cov=0.4
  anomalous nodes: ['lidar_node', 'perception_node']  chain: ['lidar_node', 'perception_node']
  baselines (identical evidence):  independent=PASS  temporal_only=PASS  static_dep_anom=PASS  static_dep_temp=PASS  proposed=PASS
  ablation:  full=PASS  no_D=PASS  no_T=PASS  no_S=PASS  no_A=PASS

Results written to /home/lynx/ros2_rca_ws/runs/simulation/tui_demo/results.json

==============================================================================
S04 perception node failure (process crash, respawned by launch)   [rep 0]
  faults: perception_node:crash(p=0.0, +0.0s, 1.0s)
==============================================================================
  predicted=perception_node  accepted=['perception_node']  top1=PASS rank=1  det=0.579s diag=0.579s FDR=0.0 chain_acc=1.0 phys_cov=0.5
  anomalous nodes: ['localization_node', 'perception_node']  chain: ['perception_node', 'localization_node']
  baselines (identical evidence):  independent=FAIL  temporal_only=PASS  static_dep_anom=PASS  static_dep_temp=PASS  proposed=PASS
  ablation:  full=PASS  no_D=PASS  no_T=PASS  no_S=PASS  no_A=PASS

Results written to /home/lynx/ros2_rca_ws/runs/simulation/tui_demo/results.json

==============================================================================
S20 ambiguous: low-rate camera dropout; perception empties before the camera timeout is confirmable   [rep 0]
  faults: camera_node:dropout(p=1.0, +0.0s, 10.0s)
==============================================================================
  predicted=camera_node  accepted=['camera_node']  top1=PASS rank=1  det=0.54s diag=0.665s FDR=0.0 chain_acc=0.6 phys_cov=1.0
  anomalous nodes: ['camera_node', 'control_node', 'localization_node', 'perception_node', 'planning_node']  chain: ['camera_node', 'perception_node', 'localization_node', 'planning_node', 'control_node']
  baselines (identical evidence):  independent=FAIL  temporal_only=FAIL  static_dep_anom=PASS  static_dep_temp=PASS  proposed=PASS
  ablation:  full=PASS  no_D=PASS  no_T=PASS  no_S=PASS  no_A=PASS

Results written to /home/lynx/ros2_rca_ws/runs/simulation/tui_demo/results.json

======================================================================================================================
SIMULATION BENCHMARK (proposed method, live; baselines/ablations on identical recorded evidence)
======================================================================================================================
scenario                                n top1 top3   MRR   det  diag   FDR chain  phys | indepe tempor static static propos |  full  no_D  no_T  no_S  no_A
----------------------------------------------------------------------------------------------------------------------
lidar_noise                             1    1    1   1.0 0.165 0.495   0.0   1.0   0.4 |      1      1      1      1      1 |     1     1     1     1     1
perception_crash                        1    1    1   1.0 0.579 0.579   0.0   1.0   0.5 |      0      1      1      1      1 |     1     1     1     1     1
camera_dropout_gated_perception         1    1    1   1.0  0.54 0.665   0.0   0.6   1.0 |      0      0      1      1      1 |     1     1     1     1     1
----------------------------------------------------------------------------------------------------------------------
{
  "total_experiments": 3,
  "top1_correct": 3,
  "top1_accuracy": 1.0,
  "top3_correct": 3,
  "top3_accuracy": 1.0,
  "mean_reciprocal_rank": 1.0,
  "avg_detection_latency_sec": 0.428,
  "avg_diagnosis_latency_sec": 0.58,
  "avg_correct_diagnosis_latency_sec": 0.58,
  "detection_latency_stats": {
    "n": 3,
    "mean": 0.428,
    "min": 0.165,
    "max": 0.579,
    "std": 0.187,
    "median": 0.54,
    "p25": 0.353,
    "p75": 0.559
  },
  "diagnosis_latency_stats": {
    "n": 3,
    "mean": 0.58,
    "min": 0.495,
    "max": 0.665,
    "std": 0.069,
    "median": 0.579,
    "p25": 0.537,
    "p75": 0.622
  },
  "correct_diagnosis_latency_stats": {
    "n": 3,
    "mean": 0.58,
    "min": 0.495,
    "max": 0.665,
    "std": 0.069,
    "median": 0.579,
    "p25": 0.537,
    "p75": 0.622
  },
  "post_injection_diagnoses": 54,
  "post_injection_false_diagnoses": 0,
  "post_injection_false_diagnosis_rate": 0.0,
  "false_diagnosis_rate": 0.0,
  "num_diagnoses_after_injection": 54,
  "avg_chain_accuracy": 0.867,
  "chain_accuracy_n": 3,
  "chain_order_correct_count": 3,
  "chain_order_n": 3,
  "chain_order_accuracy": 1.0,
  "avg_physical_chain_coverage": 0.633,
  "physical_chain_coverage_n": 3,
  "scenarios_with_unobserved_physical_nodes": [
    "lidar_noise",
    "perception_crash"
  ],
  "nominal_fault_free_windows": 4,
  "nominal_fault_free_sec": 5.508,
  "nominal_anomalies": 0,
  "nominal_diagnoses": 0,
  "nominal_false_alarms": 0,
  "nominal_false_alarm_rate_per_min": 0.0,
  "nominal_false_alarms_per_min": 0.0
}

====================================================================================================
COHORTS AND DENOMINATORS (no silent denominator switching)
====================================================================================================
  ALL RUNS              n = 3    proposed Top-1 = 3/3 (1.0)
  COMMON-EVIDENCE SUBSET n = 3    proposed Top-1 = 3/3 (1.0)
      baseline independent        Top-1 = 1/3 (0.3333)  MRR = 0.6111
      baseline temporal_only      Top-1 = 2/3 (0.6667)  MRR = 0.8333
      baseline static_dep_anom    Top-1 = 3/3 (1.0)  MRR = 1.0
      baseline static_dep_temp    Top-1 = 3/3 (1.0)  MRR = 1.0
      baseline proposed           Top-1 = 3/3 (1.0)  MRR = 1.0
  EXCLUDED from the subset n = 0  reasons = {}  keys = []
  inclusion criterion: scenario declares a ground-truth root cause; defined before the comparison and independent of which method succeeded
  denominators match: True
  NOTE: the best baseline equals the proposed method on this scenario set; these results validate functionality, they do not establish superiority.

BASELINES (Top-1 over all evaluated runs, identical evidence):
  independent      top1 = 1/3 (33%)  MRR = 0.611
  temporal_only    top1 = 2/3 (67%)  MRR = 0.833
  static_dep_anom  top1 = 3/3 (100%)  MRR = 1.000
  static_dep_temp  top1 = 3/3 (100%)  MRR = 1.000
  proposed         top1 = 3/3 (100%)  MRR = 1.000
ABLATIONS (Top-1 over all evaluated runs):
  full     {'wD': 0.3, 'wT': 0.3, 'wS': 0.25, 'wA': 0.15}  top1 = 3/3 (100%)
  no_D     {'wD': 0.0, 'wT': 0.3, 'wS': 0.25, 'wA': 0.15}  top1 = 3/3 (100%)
  no_T     {'wD': 0.3, 'wT': 0.0, 'wS': 0.25, 'wA': 0.15}  top1 = 3/3 (100%)
  no_S     {'wD': 0.3, 'wT': 0.3, 'wS': 0.0, 'wA': 0.15}  top1 = 3/3 (100%)
  no_A     {'wD': 0.3, 'wT': 0.3, 'wS': 0.25, 'wA': 0.0}  top1 = 3/3 (100%)

NOMINAL: 5.5s fault-free observed, 0 anomalies, 0 false alarms (0.0/min)

Results written to /home/lynx/ros2_rca_ws/runs/simulation/tui_demo/results.json
